Archive member included to satisfy reference by file (symbol)

.\CortexM3\ARM_GCC_541\Debug\test_W5500.a(SPI.o)
                              .\CortexM3\ARM_GCC_541\Debug\hal_spi.o (SPI_ReadTxStatus)
.\CortexM3\ARM_GCC_541\Debug\test_W5500.a(SS.o)
                              .\CortexM3\ARM_GCC_541\Debug\hal_spi.o (SS_Write)
.\CortexM3\ARM_GCC_541\Debug\test_W5500.a(UART.o)
                              .\CortexM3\ARM_GCC_541\Debug\main.o (UART_Start)
.\CortexM3\ARM_GCC_541\Debug\test_W5500.a(SPI_IntClock.o)
                              .\CortexM3\ARM_GCC_541\Debug\test_W5500.a(SPI.o) (SPI_IntClock_Start)
.\CortexM3\ARM_GCC_541\Debug\test_W5500.a(CyLib.o)
                              .\CortexM3\ARM_GCC_541\Debug\Cm3Start.o (CyHalt)
.\CortexM3\ARM_GCC_541\Debug\test_W5500.a(cyPm.o)
                              .\CortexM3\ARM_GCC_541\Debug\test_W5500.a(CyLib.o) (CyPmReadStatus)
.\CortexM3\ARM_GCC_541\Debug\test_W5500.a(LED.o)
                              .\CortexM3\ARM_GCC_541\Debug\main.o (LED_Write)
.\CortexM3\ARM_GCC_541\Debug\test_W5500.a(UART_AsmGnu.o)
                              .\CortexM3\ARM_GCC_541\Debug\main.o (UART_PutChar)
.\CortexM3\ARM_GCC_541\Debug\test_W5500.a(CyBootAsmGnu.o)
                              .\CortexM3\ARM_GCC_541\Debug\cyfitter_cfg.o (CyDelayCycles)
.\CortexM3\ARM_GCC_541\Debug\test_W5500.a(CyFlash.o)
                              .\CortexM3\ARM_GCC_541\Debug\test_W5500.a(cyPm.o) (CyFlash_SetWaitCycles)
.\CortexM3\ARM_GCC_541\Debug\test_W5500.a(CySpc.o)
                              .\CortexM3\ARM_GCC_541\Debug\test_W5500.a(CyFlash.o) (CySpcStart)
c:/program files (x86)/cypress/psoc creator/4.2/psoc creator/import/gnu/arm/5.4.1/bin/../lib/gcc/arm-none-eabi/5.4.1/armv7-m\libgcc.a(_udivsi3.o)
                              .\CortexM3\ARM_GCC_541\Debug\test_W5500.a(UART_AsmGnu.o) (__aeabi_uidiv)
c:/program files (x86)/cypress/psoc creator/4.2/psoc creator/import/gnu/arm/5.4.1/bin/../lib/gcc/arm-none-eabi/5.4.1/armv7-m\libgcc.a(_dvmd_tls.o)
                              c:/program files (x86)/cypress/psoc creator/4.2/psoc creator/import/gnu/arm/5.4.1/bin/../lib/gcc/arm-none-eabi/5.4.1/armv7-m\libgcc.a(_udivsi3.o) (__aeabi_idiv0)
c:/program files (x86)/cypress/psoc creator/4.2/psoc creator/import/gnu/arm/5.4.1/bin/../lib/gcc/arm-none-eabi/5.4.1/../../../../arm-none-eabi/lib/armv7-m\libg_nano.a(lib_a-errno.o)
                              .\CortexM3\ARM_GCC_541\Debug\Cm3Start.o (__errno)
c:/program files (x86)/cypress/psoc creator/4.2/psoc creator/import/gnu/arm/5.4.1/bin/../lib/gcc/arm-none-eabi/5.4.1/../../../../arm-none-eabi/lib/armv7-m\libg_nano.a(lib_a-exit.o)
                              c:/program files (x86)/cypress/psoc creator/4.2/psoc creator/import/gnu/arm/5.4.1/bin/../lib/gcc/arm-none-eabi/5.4.1/../../../../arm-none-eabi/lib/armv7-m/crt0.o (exit)
c:/program files (x86)/cypress/psoc creator/4.2/psoc creator/import/gnu/arm/5.4.1/bin/../lib/gcc/arm-none-eabi/5.4.1/../../../../arm-none-eabi/lib/armv7-m\libg_nano.a(lib_a-impure.o)
                              c:/program files (x86)/cypress/psoc creator/4.2/psoc creator/import/gnu/arm/5.4.1/bin/../lib/gcc/arm-none-eabi/5.4.1/../../../../arm-none-eabi/lib/armv7-m\libg_nano.a(lib_a-exit.o) (_global_impure_ptr)
c:/program files (x86)/cypress/psoc creator/4.2/psoc creator/import/gnu/arm/5.4.1/bin/../lib/gcc/arm-none-eabi/5.4.1/../../../../arm-none-eabi/lib/armv7-m\libg_nano.a(lib_a-init.o)
                              c:/program files (x86)/cypress/psoc creator/4.2/psoc creator/import/gnu/arm/5.4.1/bin/../lib/gcc/arm-none-eabi/5.4.1/../../../../arm-none-eabi/lib/armv7-m/crt0.o (__libc_init_array)
c:/program files (x86)/cypress/psoc creator/4.2/psoc creator/import/gnu/arm/5.4.1/bin/../lib/gcc/arm-none-eabi/5.4.1/../../../../arm-none-eabi/lib/armv7-m\libg_nano.a(lib_a-memcpy-stub.o)
                              .\CortexM3\ARM_GCC_541\Debug\cyfitter_cfg.o (memcpy)
c:/program files (x86)/cypress/psoc creator/4.2/psoc creator/import/gnu/arm/5.4.1/bin/../lib/gcc/arm-none-eabi/5.4.1/../../../../arm-none-eabi/lib/armv7-m\libg_nano.a(lib_a-memset.o)
                              c:/program files (x86)/cypress/psoc creator/4.2/psoc creator/import/gnu/arm/5.4.1/bin/../lib/gcc/arm-none-eabi/5.4.1/../../../../arm-none-eabi/lib/armv7-m/crt0.o (memset)

Allocating common symbols
Common symbol       size              file

SPI_swStatusTx      0x1               .\CortexM3\ARM_GCC_541\Debug\test_W5500.a(SPI.o)
SPI_swStatusRx      0x1               .\CortexM3\ARM_GCC_541\Debug\test_W5500.a(SPI.o)
this                0x32              .\CortexM3\ARM_GCC_541\Debug\common.o
dieTemperature      0x2               .\CortexM3\ARM_GCC_541\Debug\test_W5500.a(CyFlash.o)

Discarded input sections

 .text          0x00000000        0x0 c:/program files (x86)/cypress/psoc creator/4.2/psoc creator/import/gnu/arm/5.4.1/bin/../lib/gcc/arm-none-eabi/5.4.1/armv7-m/crti.o
 .data          0x00000000        0x0 c:/program files (x86)/cypress/psoc creator/4.2/psoc creator/import/gnu/arm/5.4.1/bin/../lib/gcc/arm-none-eabi/5.4.1/armv7-m/crti.o
 .bss           0x00000000        0x0 c:/program files (x86)/cypress/psoc creator/4.2/psoc creator/import/gnu/arm/5.4.1/bin/../lib/gcc/arm-none-eabi/5.4.1/armv7-m/crti.o
 .data          0x00000000        0x4 c:/program files (x86)/cypress/psoc creator/4.2/psoc creator/import/gnu/arm/5.4.1/bin/../lib/gcc/arm-none-eabi/5.4.1/armv7-m/crtbegin.o
 .text          0x00000000       0x74 c:/program files (x86)/cypress/psoc creator/4.2/psoc creator/import/gnu/arm/5.4.1/bin/../lib/gcc/arm-none-eabi/5.4.1/../../../../arm-none-eabi/lib/armv7-m/crt0.o
 .data          0x00000000        0x0 c:/program files (x86)/cypress/psoc creator/4.2/psoc creator/import/gnu/arm/5.4.1/bin/../lib/gcc/arm-none-eabi/5.4.1/../../../../arm-none-eabi/lib/armv7-m/crt0.o
 .bss           0x00000000        0x0 c:/program files (x86)/cypress/psoc creator/4.2/psoc creator/import/gnu/arm/5.4.1/bin/../lib/gcc/arm-none-eabi/5.4.1/../../../../arm-none-eabi/lib/armv7-m/crt0.o
 .ARM.extab     0x00000000        0x0 c:/program files (x86)/cypress/psoc creator/4.2/psoc creator/import/gnu/arm/5.4.1/bin/../lib/gcc/arm-none-eabi/5.4.1/../../../../arm-none-eabi/lib/armv7-m/crt0.o
 .ARM.exidx     0x00000000        0x8 c:/program files (x86)/cypress/psoc creator/4.2/psoc creator/import/gnu/arm/5.4.1/bin/../lib/gcc/arm-none-eabi/5.4.1/../../../../arm-none-eabi/lib/armv7-m/crt0.o
 .text          0x00000000        0x0 .\CortexM3\ARM_GCC_541\Debug\main.o
 .data          0x00000000        0x0 .\CortexM3\ARM_GCC_541\Debug\main.o
 .bss           0x00000000        0x0 .\CortexM3\ARM_GCC_541\Debug\main.o
 .text          0x00000000        0x0 .\CortexM3\ARM_GCC_541\Debug\W5500.o
 .data          0x00000000        0x0 .\CortexM3\ARM_GCC_541\Debug\W5500.o
 .bss           0x00000000        0x0 .\CortexM3\ARM_GCC_541\Debug\W5500.o
 .text          0x00000000        0x0 .\CortexM3\ARM_GCC_541\Debug\udp.o
 .data          0x00000000        0x0 .\CortexM3\ARM_GCC_541\Debug\udp.o
 .bss           0x00000000        0x0 .\CortexM3\ARM_GCC_541\Debug\udp.o
 .text.w5500_udp_open
                0x00000000        0x4 .\CortexM3\ARM_GCC_541\Debug\udp.o
 .text.w5500_udp_send
                0x00000000        0x4 .\CortexM3\ARM_GCC_541\Debug\udp.o
 .text.w5500_udp_receive
                0x00000000        0x4 .\CortexM3\ARM_GCC_541\Debug\udp.o
 .text          0x00000000        0x0 .\CortexM3\ARM_GCC_541\Debug\tcp.o
 .data          0x00000000        0x0 .\CortexM3\ARM_GCC_541\Debug\tcp.o
 .bss           0x00000000        0x0 .\CortexM3\ARM_GCC_541\Debug\tcp.o
 .text          0x00000000        0x0 .\CortexM3\ARM_GCC_541\Debug\socket.o
 .data          0x00000000        0x0 .\CortexM3\ARM_GCC_541\Debug\socket.o
 .bss           0x00000000        0x0 .\CortexM3\ARM_GCC_541\Debug\socket.o
 .text.W5500_socket_cmd
                0x00000000       0x18 .\CortexM3\ARM_GCC_541\Debug\socket.o
 .text.W5500_socket_close
                0x00000000        0xc .\CortexM3\ARM_GCC_541\Debug\socket.o
 .text.W5500_socket_disconnect
                0x00000000        0xc .\CortexM3\ARM_GCC_541\Debug\socket.o
 .text.W5500_socket_listen
                0x00000000        0xc .\CortexM3\ARM_GCC_541\Debug\socket.o
 .text.W5500_socket_send
                0x00000000        0xc .\CortexM3\ARM_GCC_541\Debug\socket.o
 .text.W5500_socket_receive
                0x00000000        0x4 .\CortexM3\ARM_GCC_541\Debug\socket.o
 .text.W5500_socket_received_size
                0x00000000        0x4 .\CortexM3\ARM_GCC_541\Debug\socket.o
 .text.W5500_socket_status
                0x00000000        0x4 .\CortexM3\ARM_GCC_541\Debug\socket.o
 .text          0x00000000        0x0 .\CortexM3\ARM_GCC_541\Debug\hal_spi.o
 .data          0x00000000        0x0 .\CortexM3\ARM_GCC_541\Debug\hal_spi.o
 .bss           0x00000000        0x0 .\CortexM3\ARM_GCC_541\Debug\hal_spi.o
 .text.W5500_spi_read_byte
                0x00000000       0x74 .\CortexM3\ARM_GCC_541\Debug\hal_spi.o
 .text          0x00000000        0x0 .\CortexM3\ARM_GCC_541\Debug\common.o
 .data          0x00000000        0x0 .\CortexM3\ARM_GCC_541\Debug\common.o
 .bss           0x00000000        0x0 .\CortexM3\ARM_GCC_541\Debug\common.o
 .text.compare_arrays
                0x00000000       0x24 .\CortexM3\ARM_GCC_541\Debug\common.o
 .text          0x00000000        0x0 .\CortexM3\ARM_GCC_541\Debug\cyfitter_cfg.o
 .data          0x00000000        0x0 .\CortexM3\ARM_GCC_541\Debug\cyfitter_cfg.o
 .bss           0x00000000        0x0 .\CortexM3\ARM_GCC_541\Debug\cyfitter_cfg.o
 .text.SetAnalogRoutingPumps
                0x00000000       0x10 .\CortexM3\ARM_GCC_541\Debug\cyfitter_cfg.o
 .text          0x00000000        0x0 .\CortexM3\ARM_GCC_541\Debug\cymetadata.o
 .data          0x00000000        0x0 .\CortexM3\ARM_GCC_541\Debug\cymetadata.o
 .bss           0x00000000        0x0 .\CortexM3\ARM_GCC_541\Debug\cymetadata.o
 .text          0x00000000        0x0 .\CortexM3\ARM_GCC_541\Debug\Cm3Start.o
 .data          0x00000000        0x4 .\CortexM3\ARM_GCC_541\Debug\Cm3Start.o
 .bss           0x00000000        0x0 .\CortexM3\ARM_GCC_541\Debug\Cm3Start.o
 .text._exit    0x00000000        0xc .\CortexM3\ARM_GCC_541\Debug\Cm3Start.o
 .text._sbrk    0x00000000       0x30 .\CortexM3\ARM_GCC_541\Debug\Cm3Start.o
 .text          0x00000000        0x0 .\CortexM3\ARM_GCC_541\Debug\test_W5500.a(SPI.o)
 .data          0x00000000        0x0 .\CortexM3\ARM_GCC_541\Debug\test_W5500.a(SPI.o)
 .text.SPI_Stop
                0x00000000       0x28 .\CortexM3\ARM_GCC_541\Debug\test_W5500.a(SPI.o)
 .text.SPI_EnableTxInt
                0x00000000        0x4 .\CortexM3\ARM_GCC_541\Debug\test_W5500.a(SPI.o)
 .text.SPI_EnableRxInt
                0x00000000        0x4 .\CortexM3\ARM_GCC_541\Debug\test_W5500.a(SPI.o)
 .text.SPI_DisableTxInt
                0x00000000        0x4 .\CortexM3\ARM_GCC_541\Debug\test_W5500.a(SPI.o)
 .text.SPI_DisableRxInt
                0x00000000        0x4 .\CortexM3\ARM_GCC_541\Debug\test_W5500.a(SPI.o)
 .text.SPI_SetTxInterruptMode
                0x00000000        0xc .\CortexM3\ARM_GCC_541\Debug\test_W5500.a(SPI.o)
 .text.SPI_SetRxInterruptMode
                0x00000000        0xc .\CortexM3\ARM_GCC_541\Debug\test_W5500.a(SPI.o)
 .text.SPI_GetRxBufferSize
                0x00000000       0x18 .\CortexM3\ARM_GCC_541\Debug\test_W5500.a(SPI.o)
 .text.SPI_GetTxBufferSize
                0x00000000       0x24 .\CortexM3\ARM_GCC_541\Debug\test_W5500.a(SPI.o)
 .text.SPI_ClearRxBuffer
                0x00000000       0x1c .\CortexM3\ARM_GCC_541\Debug\test_W5500.a(SPI.o)
 .text.SPI_ClearTxBuffer
                0x00000000       0x24 .\CortexM3\ARM_GCC_541\Debug\test_W5500.a(SPI.o)
 .text.SPI_PutArray
                0x00000000       0x20 .\CortexM3\ARM_GCC_541\Debug\test_W5500.a(SPI.o)
 .text.SPI_EnableInt
                0x00000000        0x4 .\CortexM3\ARM_GCC_541\Debug\test_W5500.a(SPI.o)
 .text.SPI_DisableInt
                0x00000000        0x4 .\CortexM3\ARM_GCC_541\Debug\test_W5500.a(SPI.o)
 .text.SPI_SetInterruptMode
                0x00000000       0x14 .\CortexM3\ARM_GCC_541\Debug\test_W5500.a(SPI.o)
 .text.SPI_ReadStatus
                0x00000000       0x18 .\CortexM3\ARM_GCC_541\Debug\test_W5500.a(SPI.o)
 COMMON         0x00000000        0x2 .\CortexM3\ARM_GCC_541\Debug\test_W5500.a(SPI.o)
 .text          0x00000000        0x0 .\CortexM3\ARM_GCC_541\Debug\test_W5500.a(SS.o)
 .data          0x00000000        0x0 .\CortexM3\ARM_GCC_541\Debug\test_W5500.a(SS.o)
 .bss           0x00000000        0x0 .\CortexM3\ARM_GCC_541\Debug\test_W5500.a(SS.o)
 .text.SS_SetDriveMode
                0x00000000       0x18 .\CortexM3\ARM_GCC_541\Debug\test_W5500.a(SS.o)
 .text.SS_Read  0x00000000       0x10 .\CortexM3\ARM_GCC_541\Debug\test_W5500.a(SS.o)
 .text.SS_ReadDataReg
                0x00000000       0x10 .\CortexM3\ARM_GCC_541\Debug\test_W5500.a(SS.o)
 .text          0x00000000        0x0 .\CortexM3\ARM_GCC_541\Debug\test_W5500.a(UART.o)
 .bss           0x00000000        0x0 .\CortexM3\ARM_GCC_541\Debug\test_W5500.a(UART.o)
 .text.UART_Stop
                0x00000000        0x4 .\CortexM3\ARM_GCC_541\Debug\test_W5500.a(UART.o)
 .text.UART_PutArray
                0x00000000       0x18 .\CortexM3\ARM_GCC_541\Debug\test_W5500.a(UART.o)
 .text.UART_PutHexInt
                0x00000000       0x14 .\CortexM3\ARM_GCC_541\Debug\test_W5500.a(UART.o)
 .text          0x00000000        0x0 .\CortexM3\ARM_GCC_541\Debug\test_W5500.a(SPI_IntClock.o)
 .data          0x00000000        0x0 .\CortexM3\ARM_GCC_541\Debug\test_W5500.a(SPI_IntClock.o)
 .bss           0x00000000        0x0 .\CortexM3\ARM_GCC_541\Debug\test_W5500.a(SPI_IntClock.o)
 .text.SPI_IntClock_Stop
                0x00000000       0x1c .\CortexM3\ARM_GCC_541\Debug\test_W5500.a(SPI_IntClock.o)
 .text.SPI_IntClock_StopBlock
                0x00000000       0x6c .\CortexM3\ARM_GCC_541\Debug\test_W5500.a(SPI_IntClock.o)
 .text.SPI_IntClock_StandbyPower
                0x00000000       0x20 .\CortexM3\ARM_GCC_541\Debug\test_W5500.a(SPI_IntClock.o)
 .text.SPI_IntClock_GetDividerRegister
                0x00000000        0xc .\CortexM3\ARM_GCC_541\Debug\test_W5500.a(SPI_IntClock.o)
 .text.SPI_IntClock_SetModeRegister
                0x00000000       0x14 .\CortexM3\ARM_GCC_541\Debug\test_W5500.a(SPI_IntClock.o)
 .text.SPI_IntClock_ClearModeRegister
                0x00000000       0x18 .\CortexM3\ARM_GCC_541\Debug\test_W5500.a(SPI_IntClock.o)
 .text.SPI_IntClock_GetModeRegister
                0x00000000       0x10 .\CortexM3\ARM_GCC_541\Debug\test_W5500.a(SPI_IntClock.o)
 .text.SPI_IntClock_GetSourceRegister
                0x00000000       0x10 .\CortexM3\ARM_GCC_541\Debug\test_W5500.a(SPI_IntClock.o)
 .text.SPI_IntClock_SetDividerRegister
                0x00000000       0xd8 .\CortexM3\ARM_GCC_541\Debug\test_W5500.a(SPI_IntClock.o)
 .text.SPI_IntClock_SetSourceRegister
                0x00000000       0x5c .\CortexM3\ARM_GCC_541\Debug\test_W5500.a(SPI_IntClock.o)
 .text          0x00000000        0x0 .\CortexM3\ARM_GCC_541\Debug\test_W5500.a(CyLib.o)
 .bss           0x00000000       0x1c .\CortexM3\ARM_GCC_541\Debug\test_W5500.a(CyLib.o)
 .text.CyUSB_PowerOnCheck
                0x00000000       0x48 .\CortexM3\ARM_GCC_541\Debug\test_W5500.a(CyLib.o)
 .text.CyBusClk_Internal_SetDivider
                0x00000000       0x48 .\CortexM3\ARM_GCC_541\Debug\test_W5500.a(CyLib.o)
 .text.CyPLL_OUT_Stop
                0x00000000       0x10 .\CortexM3\ARM_GCC_541\Debug\test_W5500.a(CyLib.o)
 .text.CyIMO_Stop
                0x00000000       0x1c .\CortexM3\ARM_GCC_541\Debug\test_W5500.a(CyLib.o)
 .text.CyIMO_EnableDoubler
                0x00000000       0x10 .\CortexM3\ARM_GCC_541\Debug\test_W5500.a(CyLib.o)
 .text.CyIMO_DisableDoubler
                0x00000000       0x10 .\CortexM3\ARM_GCC_541\Debug\test_W5500.a(CyLib.o)
 .text.CyMasterClk_SetSource
                0x00000000       0x18 .\CortexM3\ARM_GCC_541\Debug\test_W5500.a(CyLib.o)
 .text.CyMasterClk_SetDivider
                0x00000000        0xc .\CortexM3\ARM_GCC_541\Debug\test_W5500.a(CyLib.o)
 .text.CyBusClk_SetDivider
                0x00000000       0x70 .\CortexM3\ARM_GCC_541\Debug\test_W5500.a(CyLib.o)
 .text.CyUsbClk_SetSource
                0x00000000       0x18 .\CortexM3\ARM_GCC_541\Debug\test_W5500.a(CyLib.o)
 .text.CyILO_Start1K
                0x00000000       0x10 .\CortexM3\ARM_GCC_541\Debug\test_W5500.a(CyLib.o)
 .text.CyILO_Stop1K
                0x00000000       0x10 .\CortexM3\ARM_GCC_541\Debug\test_W5500.a(CyLib.o)
 .text.CyILO_Start100K
                0x00000000       0x10 .\CortexM3\ARM_GCC_541\Debug\test_W5500.a(CyLib.o)
 .text.CyILO_Stop100K
                0x00000000       0x10 .\CortexM3\ARM_GCC_541\Debug\test_W5500.a(CyLib.o)
 .text.CyPLL_OUT_Start
                0x00000000       0x78 .\CortexM3\ARM_GCC_541\Debug\test_W5500.a(CyLib.o)
 .text.CyIMO_Start
                0x00000000       0x60 .\CortexM3\ARM_GCC_541\Debug\test_W5500.a(CyLib.o)
 .text.CyILO_Enable33K
                0x00000000       0x10 .\CortexM3\ARM_GCC_541\Debug\test_W5500.a(CyLib.o)
 .text.CyILO_Disable33K
                0x00000000       0x10 .\CortexM3\ARM_GCC_541\Debug\test_W5500.a(CyLib.o)
 .text.CyILO_SetSource
                0x00000000       0x18 .\CortexM3\ARM_GCC_541\Debug\test_W5500.a(CyLib.o)
 .text.CyILO_SetPowerMode
                0x00000000       0x24 .\CortexM3\ARM_GCC_541\Debug\test_W5500.a(CyLib.o)
 .text.CyXTAL_32KHZ_Stop
                0x00000000       0x30 .\CortexM3\ARM_GCC_541\Debug\test_W5500.a(CyLib.o)
 .text.CyXTAL_32KHZ_ReadStatus
                0x00000000       0x10 .\CortexM3\ARM_GCC_541\Debug\test_W5500.a(CyLib.o)
 .text.CyXTAL_Start
                0x00000000       0xac .\CortexM3\ARM_GCC_541\Debug\test_W5500.a(CyLib.o)
 .text.CyXTAL_Stop
                0x00000000       0x10 .\CortexM3\ARM_GCC_541\Debug\test_W5500.a(CyLib.o)
 .text.CyXTAL_EnableErrStatus
                0x00000000       0x10 .\CortexM3\ARM_GCC_541\Debug\test_W5500.a(CyLib.o)
 .text.CyXTAL_DisableErrStatus
                0x00000000       0x10 .\CortexM3\ARM_GCC_541\Debug\test_W5500.a(CyLib.o)
 .text.CyXTAL_ReadStatus
                0x00000000       0x18 .\CortexM3\ARM_GCC_541\Debug\test_W5500.a(CyLib.o)
 .text.CyXTAL_EnableFaultRecovery
                0x00000000       0x10 .\CortexM3\ARM_GCC_541\Debug\test_W5500.a(CyLib.o)
 .text.CyXTAL_DisableFaultRecovery
                0x00000000       0x10 .\CortexM3\ARM_GCC_541\Debug\test_W5500.a(CyLib.o)
 .text.CyXTAL_SetStartup
                0x00000000       0x18 .\CortexM3\ARM_GCC_541\Debug\test_W5500.a(CyLib.o)
 .text.CyXTAL_SetFbVoltage
                0x00000000       0x18 .\CortexM3\ARM_GCC_541\Debug\test_W5500.a(CyLib.o)
 .text.CyXTAL_SetWdVoltage
                0x00000000       0x18 .\CortexM3\ARM_GCC_541\Debug\test_W5500.a(CyLib.o)
 .text.CyHalt   0x00000000        0x4 .\CortexM3\ARM_GCC_541\Debug\test_W5500.a(CyLib.o)
 .text.CyPLL_OUT_SetPQ
                0x00000000       0x60 .\CortexM3\ARM_GCC_541\Debug\test_W5500.a(CyLib.o)
 .text.CyPLL_OUT_SetSource
                0x00000000       0x34 .\CortexM3\ARM_GCC_541\Debug\test_W5500.a(CyLib.o)
 .text.CyIMO_SetTrimValue
                0x00000000       0xcc .\CortexM3\ARM_GCC_541\Debug\test_W5500.a(CyLib.o)
 .text.CyIMO_SetFreq
                0x00000000       0xf4 .\CortexM3\ARM_GCC_541\Debug\test_W5500.a(CyLib.o)
 .text.CyIMO_SetSource
                0x00000000       0x58 .\CortexM3\ARM_GCC_541\Debug\test_W5500.a(CyLib.o)
 .text.CySoftwareReset
                0x00000000       0x10 .\CortexM3\ARM_GCC_541\Debug\test_W5500.a(CyLib.o)
 .text.CyDelayUs
                0x00000000       0x14 .\CortexM3\ARM_GCC_541\Debug\test_W5500.a(CyLib.o)
 .text.CyXTAL_32KHZ_SetPowerMode
                0x00000000       0x84 .\CortexM3\ARM_GCC_541\Debug\test_W5500.a(CyLib.o)
 .text.CyXTAL_32KHZ_Start
                0x00000000       0x74 .\CortexM3\ARM_GCC_541\Debug\test_W5500.a(CyLib.o)
 .text.CyDelayFreq
                0x00000000       0x4c .\CortexM3\ARM_GCC_541\Debug\test_W5500.a(CyLib.o)
 .text.CyWdtStart
                0x00000000       0x40 .\CortexM3\ARM_GCC_541\Debug\test_W5500.a(CyLib.o)
 .text.CyWdtClear
                0x00000000        0xc .\CortexM3\ARM_GCC_541\Debug\test_W5500.a(CyLib.o)
 .text.CyVdStickyStatus
                0x00000000       0x2c .\CortexM3\ARM_GCC_541\Debug\test_W5500.a(CyLib.o)
 .text.CyVdLvDigitEnable
                0x00000000       0x84 .\CortexM3\ARM_GCC_541\Debug\test_W5500.a(CyLib.o)
 .text.CyVdLvAnalogEnable
                0x00000000       0x80 .\CortexM3\ARM_GCC_541\Debug\test_W5500.a(CyLib.o)
 .text.CyVdLvDigitDisable
                0x00000000       0x30 .\CortexM3\ARM_GCC_541\Debug\test_W5500.a(CyLib.o)
 .text.CyVdLvAnalogDisable
                0x00000000       0x28 .\CortexM3\ARM_GCC_541\Debug\test_W5500.a(CyLib.o)
 .text.CyVdHvAnalogEnable
                0x00000000       0x54 .\CortexM3\ARM_GCC_541\Debug\test_W5500.a(CyLib.o)
 .text.CyVdHvAnalogDisable
                0x00000000       0x20 .\CortexM3\ARM_GCC_541\Debug\test_W5500.a(CyLib.o)
 .text.CyVdRealTimeStatus
                0x00000000       0x1c .\CortexM3\ARM_GCC_541\Debug\test_W5500.a(CyLib.o)
 .text.CyDisableInts
                0x00000000       0x1c .\CortexM3\ARM_GCC_541\Debug\test_W5500.a(CyLib.o)
 .text.CyEnableInts
                0x00000000       0x18 .\CortexM3\ARM_GCC_541\Debug\test_W5500.a(CyLib.o)
 .text.CyFlushCache
                0x00000000       0x44 .\CortexM3\ARM_GCC_541\Debug\test_W5500.a(CyLib.o)
 .text.CyIntSetSysVector
                0x00000000       0x28 .\CortexM3\ARM_GCC_541\Debug\test_W5500.a(CyLib.o)
 .text.CyIntGetSysVector
                0x00000000       0x20 .\CortexM3\ARM_GCC_541\Debug\test_W5500.a(CyLib.o)
 .text.CyIntSetVector
                0x00000000       0x28 .\CortexM3\ARM_GCC_541\Debug\test_W5500.a(CyLib.o)
 .text.CyIntGetVector
                0x00000000       0x24 .\CortexM3\ARM_GCC_541\Debug\test_W5500.a(CyLib.o)
 .text.CyIntSetPriority
                0x00000000       0x30 .\CortexM3\ARM_GCC_541\Debug\test_W5500.a(CyLib.o)
 .text.CyIntGetPriority
                0x00000000       0x20 .\CortexM3\ARM_GCC_541\Debug\test_W5500.a(CyLib.o)
 .text.CyIntGetState
                0x00000000       0x24 .\CortexM3\ARM_GCC_541\Debug\test_W5500.a(CyLib.o)
 .text.CySysTickStop
                0x00000000       0x10 .\CortexM3\ARM_GCC_541\Debug\test_W5500.a(CyLib.o)
 .text.CySysTickEnableInterrupt
                0x00000000       0x10 .\CortexM3\ARM_GCC_541\Debug\test_W5500.a(CyLib.o)
 .text.CySysTickEnable
                0x00000000       0x18 .\CortexM3\ARM_GCC_541\Debug\test_W5500.a(CyLib.o)
 .text.CySysTickDisableInterrupt
                0x00000000       0x10 .\CortexM3\ARM_GCC_541\Debug\test_W5500.a(CyLib.o)
 .text.CySysTickSetReload
                0x00000000       0x10 .\CortexM3\ARM_GCC_541\Debug\test_W5500.a(CyLib.o)
 .text.CySysTickGetReload
                0x00000000       0x10 .\CortexM3\ARM_GCC_541\Debug\test_W5500.a(CyLib.o)
 .text.CySysTickGetValue
                0x00000000       0x10 .\CortexM3\ARM_GCC_541\Debug\test_W5500.a(CyLib.o)
 .text.CySysTickSetClockSource
                0x00000000       0x20 .\CortexM3\ARM_GCC_541\Debug\test_W5500.a(CyLib.o)
 .text.CySysTickGetClockSource
                0x00000000       0x10 .\CortexM3\ARM_GCC_541\Debug\test_W5500.a(CyLib.o)
 .text.CySysTickGetCountFlag
                0x00000000       0x10 .\CortexM3\ARM_GCC_541\Debug\test_W5500.a(CyLib.o)
 .text.CySysTickServiceCallbacks
                0x00000000       0x28 .\CortexM3\ARM_GCC_541\Debug\test_W5500.a(CyLib.o)
 .text.CySysTickClear
                0x00000000        0xc .\CortexM3\ARM_GCC_541\Debug\test_W5500.a(CyLib.o)
 .text.CySysTickInit
                0x00000000       0x58 .\CortexM3\ARM_GCC_541\Debug\test_W5500.a(CyLib.o)
 .text.CySysTickStart
                0x00000000       0x1c .\CortexM3\ARM_GCC_541\Debug\test_W5500.a(CyLib.o)
 .text.CySysTickSetCallback
                0x00000000       0x10 .\CortexM3\ARM_GCC_541\Debug\test_W5500.a(CyLib.o)
 .text.CySysTickGetCallback
                0x00000000       0x10 .\CortexM3\ARM_GCC_541\Debug\test_W5500.a(CyLib.o)
 .text.CyGetUniqueId
                0x00000000       0x70 .\CortexM3\ARM_GCC_541\Debug\test_W5500.a(CyLib.o)
 .text          0x00000000        0x0 .\CortexM3\ARM_GCC_541\Debug\test_W5500.a(cyPm.o)
 .data          0x00000000        0x0 .\CortexM3\ARM_GCC_541\Debug\test_W5500.a(cyPm.o)
 .bss           0x00000000       0x43 .\CortexM3\ARM_GCC_541\Debug\test_W5500.a(cyPm.o)
 .text.CyPmHibSlpSaveSet
                0x00000000      0x1dc .\CortexM3\ARM_GCC_541\Debug\test_W5500.a(cyPm.o)
 .text.CyPmHibSlpRestore
                0x00000000       0xd8 .\CortexM3\ARM_GCC_541\Debug\test_W5500.a(cyPm.o)
 .text.CyPmHviLviSaveDisable
                0x00000000       0xa0 .\CortexM3\ARM_GCC_541\Debug\test_W5500.a(cyPm.o)
 .text.CyPmHibSaveSet
                0x00000000       0x98 .\CortexM3\ARM_GCC_541\Debug\test_W5500.a(cyPm.o)
 .text.CyPmHviLviRestore
                0x00000000       0x48 .\CortexM3\ARM_GCC_541\Debug\test_W5500.a(cyPm.o)
 .text.CyPmHibRestore
                0x00000000       0x60 .\CortexM3\ARM_GCC_541\Debug\test_W5500.a(cyPm.o)
 .text.CyPmSaveClocks
                0x00000000      0x218 .\CortexM3\ARM_GCC_541\Debug\test_W5500.a(cyPm.o)
 .text.CyPmRestoreClocks
                0x00000000      0x24c .\CortexM3\ARM_GCC_541\Debug\test_W5500.a(cyPm.o)
 .text.CyPmAltAct
                0x00000000       0x6c .\CortexM3\ARM_GCC_541\Debug\test_W5500.a(cyPm.o)
 .text.CyPmSleep
                0x00000000       0xf4 .\CortexM3\ARM_GCC_541\Debug\test_W5500.a(cyPm.o)
 .text.CyPmHibernateEx
                0x00000000       0xf4 .\CortexM3\ARM_GCC_541\Debug\test_W5500.a(cyPm.o)
 .text.CyPmHibernate
                0x00000000        0xc .\CortexM3\ARM_GCC_541\Debug\test_W5500.a(cyPm.o)
 .text.CyPmReadStatus
                0x00000000       0x30 .\CortexM3\ARM_GCC_541\Debug\test_W5500.a(cyPm.o)
 .text.CyPmCtwSetInterval
                0x00000000       0x5c .\CortexM3\ARM_GCC_541\Debug\test_W5500.a(cyPm.o)
 .text.CyPmOppsSet
                0x00000000       0x2c .\CortexM3\ARM_GCC_541\Debug\test_W5500.a(cyPm.o)
 .text.CyPmFtwSetInterval
                0x00000000       0x5c .\CortexM3\ARM_GCC_541\Debug\test_W5500.a(cyPm.o)
 .rodata        0x00000000        0xf .\CortexM3\ARM_GCC_541\Debug\test_W5500.a(cyPm.o)
 .text          0x00000000        0x0 .\CortexM3\ARM_GCC_541\Debug\test_W5500.a(LED.o)
 .data          0x00000000        0x0 .\CortexM3\ARM_GCC_541\Debug\test_W5500.a(LED.o)
 .bss           0x00000000        0x0 .\CortexM3\ARM_GCC_541\Debug\test_W5500.a(LED.o)
 .text.LED_SetDriveMode
                0x00000000       0x18 .\CortexM3\ARM_GCC_541\Debug\test_W5500.a(LED.o)
 .text.LED_Read
                0x00000000       0x10 .\CortexM3\ARM_GCC_541\Debug\test_W5500.a(LED.o)
 .text.LED_ReadDataReg
                0x00000000       0x10 .\CortexM3\ARM_GCC_541\Debug\test_W5500.a(LED.o)
 .data          0x00000000        0x0 .\CortexM3\ARM_GCC_541\Debug\test_W5500.a(UART_AsmGnu.o)
 .bss           0x00000000        0x0 .\CortexM3\ARM_GCC_541\Debug\test_W5500.a(UART_AsmGnu.o)
 .data          0x00000000        0x0 .\CortexM3\ARM_GCC_541\Debug\test_W5500.a(CyBootAsmGnu.o)
 .bss           0x00000000        0x0 .\CortexM3\ARM_GCC_541\Debug\test_W5500.a(CyBootAsmGnu.o)
 .text          0x00000000        0x0 .\CortexM3\ARM_GCC_541\Debug\test_W5500.a(CyFlash.o)
 .data          0x00000000        0x0 .\CortexM3\ARM_GCC_541\Debug\test_W5500.a(CyFlash.o)
 .bss           0x00000000        0x0 .\CortexM3\ARM_GCC_541\Debug\test_W5500.a(CyFlash.o)
 .text.CySetTempInt
                0x00000000       0x60 .\CortexM3\ARM_GCC_541\Debug\test_W5500.a(CyFlash.o)
 .text.CyFlash_Start
                0x00000000       0x54 .\CortexM3\ARM_GCC_541\Debug\test_W5500.a(CyFlash.o)
 .text.CyFlash_Stop
                0x00000000       0x24 .\CortexM3\ARM_GCC_541\Debug\test_W5500.a(CyFlash.o)
 .text.CyFlash_EraseRow
                0x00000000       0x78 .\CortexM3\ARM_GCC_541\Debug\test_W5500.a(CyFlash.o)
 .text.CyFlashGetSpcAlgorithm
                0x00000000       0x4c .\CortexM3\ARM_GCC_541\Debug\test_W5500.a(CyFlash.o)
 .text.CySetTemp
                0x00000000       0x14 .\CortexM3\ARM_GCC_541\Debug\test_W5500.a(CyFlash.o)
 .text.CySetFlashEEBuffer
                0x00000000       0x20 .\CortexM3\ARM_GCC_541\Debug\test_W5500.a(CyFlash.o)
 .text.CyWriteRowFull
                0x00000000       0xf8 .\CortexM3\ARM_GCC_541\Debug\test_W5500.a(CyFlash.o)
 .text.CyWriteRowData
                0x00000000       0x14 .\CortexM3\ARM_GCC_541\Debug\test_W5500.a(CyFlash.o)
 .text.CyFlash_SetWaitCycles
                0x00000000       0x7c .\CortexM3\ARM_GCC_541\Debug\test_W5500.a(CyFlash.o)
 .text.CyEEPROM_Start
                0x00000000       0x54 .\CortexM3\ARM_GCC_541\Debug\test_W5500.a(CyFlash.o)
 .text.CyEEPROM_Stop
                0x00000000       0x24 .\CortexM3\ARM_GCC_541\Debug\test_W5500.a(CyFlash.o)
 .text.CyEEPROM_ReadReserve
                0x00000000       0x1c .\CortexM3\ARM_GCC_541\Debug\test_W5500.a(CyFlash.o)
 .text.CyEEPROM_ReadRelease
                0x00000000       0x10 .\CortexM3\ARM_GCC_541\Debug\test_W5500.a(CyFlash.o)
 COMMON         0x00000000        0x2 .\CortexM3\ARM_GCC_541\Debug\test_W5500.a(CyFlash.o)
 .text          0x00000000        0x0 .\CortexM3\ARM_GCC_541\Debug\test_W5500.a(CySpc.o)
 .data          0x00000000        0x0 .\CortexM3\ARM_GCC_541\Debug\test_W5500.a(CySpc.o)
 .bss           0x00000000        0x8 .\CortexM3\ARM_GCC_541\Debug\test_W5500.a(CySpc.o)
 .text.CySpcStart
                0x00000000       0x24 .\CortexM3\ARM_GCC_541\Debug\test_W5500.a(CySpc.o)
 .text.CySpcStop
                0x00000000       0x24 .\CortexM3\ARM_GCC_541\Debug\test_W5500.a(CySpc.o)
 .text.CySpcReadData
                0x00000000       0x34 .\CortexM3\ARM_GCC_541\Debug\test_W5500.a(CySpc.o)
 .text.CySpcLoadMultiByte
                0x00000000       0x78 .\CortexM3\ARM_GCC_541\Debug\test_W5500.a(CySpc.o)
 .text.CySpcLoadRow
                0x00000000       0x50 .\CortexM3\ARM_GCC_541\Debug\test_W5500.a(CySpc.o)
 .text.CySpcLoadRowFull
                0x00000000       0x80 .\CortexM3\ARM_GCC_541\Debug\test_W5500.a(CySpc.o)
 .text.CySpcWriteRow
                0x00000000       0x4c .\CortexM3\ARM_GCC_541\Debug\test_W5500.a(CySpc.o)
 .text.CySpcEraseSector
                0x00000000       0x3c .\CortexM3\ARM_GCC_541\Debug\test_W5500.a(CySpc.o)
 .text.CySpcEraseRow
                0x00000000       0x4c .\CortexM3\ARM_GCC_541\Debug\test_W5500.a(CySpc.o)
 .text.CySpcGetTemp
                0x00000000       0x3c .\CortexM3\ARM_GCC_541\Debug\test_W5500.a(CySpc.o)
 .text.CySpcLock
                0x00000000       0x4c .\CortexM3\ARM_GCC_541\Debug\test_W5500.a(CySpc.o)
 .text.CySpcUnlock
                0x00000000       0x38 .\CortexM3\ARM_GCC_541\Debug\test_W5500.a(CySpc.o)
 .text.CySpcGetAlgorithm
                0x00000000       0x28 .\CortexM3\ARM_GCC_541\Debug\test_W5500.a(CySpc.o)
 .data          0x00000000        0x0 c:/program files (x86)/cypress/psoc creator/4.2/psoc creator/import/gnu/arm/5.4.1/bin/../lib/gcc/arm-none-eabi/5.4.1/armv7-m\libgcc.a(_udivsi3.o)
 .bss           0x00000000        0x0 c:/program files (x86)/cypress/psoc creator/4.2/psoc creator/import/gnu/arm/5.4.1/bin/../lib/gcc/arm-none-eabi/5.4.1/armv7-m\libgcc.a(_udivsi3.o)
 .data          0x00000000        0x0 c:/program files (x86)/cypress/psoc creator/4.2/psoc creator/import/gnu/arm/5.4.1/bin/../lib/gcc/arm-none-eabi/5.4.1/armv7-m\libgcc.a(_dvmd_tls.o)
 .bss           0x00000000        0x0 c:/program files (x86)/cypress/psoc creator/4.2/psoc creator/import/gnu/arm/5.4.1/bin/../lib/gcc/arm-none-eabi/5.4.1/armv7-m\libgcc.a(_dvmd_tls.o)
 .text          0x00000000        0x0 c:/program files (x86)/cypress/psoc creator/4.2/psoc creator/import/gnu/arm/5.4.1/bin/../lib/gcc/arm-none-eabi/5.4.1/../../../../arm-none-eabi/lib/armv7-m\libg_nano.a(lib_a-errno.o)
 .data          0x00000000        0x0 c:/program files (x86)/cypress/psoc creator/4.2/psoc creator/import/gnu/arm/5.4.1/bin/../lib/gcc/arm-none-eabi/5.4.1/../../../../arm-none-eabi/lib/armv7-m\libg_nano.a(lib_a-errno.o)
 .bss           0x00000000        0x0 c:/program files (x86)/cypress/psoc creator/4.2/psoc creator/import/gnu/arm/5.4.1/bin/../lib/gcc/arm-none-eabi/5.4.1/../../../../arm-none-eabi/lib/armv7-m\libg_nano.a(lib_a-errno.o)
 .text          0x00000000        0x0 c:/program files (x86)/cypress/psoc creator/4.2/psoc creator/import/gnu/arm/5.4.1/bin/../lib/gcc/arm-none-eabi/5.4.1/../../../../arm-none-eabi/lib/armv7-m\libg_nano.a(lib_a-exit.o)
 .data          0x00000000        0x0 c:/program files (x86)/cypress/psoc creator/4.2/psoc creator/import/gnu/arm/5.4.1/bin/../lib/gcc/arm-none-eabi/5.4.1/../../../../arm-none-eabi/lib/armv7-m\libg_nano.a(lib_a-exit.o)
 .bss           0x00000000        0x0 c:/program files (x86)/cypress/psoc creator/4.2/psoc creator/import/gnu/arm/5.4.1/bin/../lib/gcc/arm-none-eabi/5.4.1/../../../../arm-none-eabi/lib/armv7-m\libg_nano.a(lib_a-exit.o)
 .text.exit     0x00000000       0x28 c:/program files (x86)/cypress/psoc creator/4.2/psoc creator/import/gnu/arm/5.4.1/bin/../lib/gcc/arm-none-eabi/5.4.1/../../../../arm-none-eabi/lib/armv7-m\libg_nano.a(lib_a-exit.o)
 .text          0x00000000        0x0 c:/program files (x86)/cypress/psoc creator/4.2/psoc creator/import/gnu/arm/5.4.1/bin/../lib/gcc/arm-none-eabi/5.4.1/../../../../arm-none-eabi/lib/armv7-m\libg_nano.a(lib_a-impure.o)
 .data          0x00000000        0x0 c:/program files (x86)/cypress/psoc creator/4.2/psoc creator/import/gnu/arm/5.4.1/bin/../lib/gcc/arm-none-eabi/5.4.1/../../../../arm-none-eabi/lib/armv7-m\libg_nano.a(lib_a-impure.o)
 .bss           0x00000000        0x0 c:/program files (x86)/cypress/psoc creator/4.2/psoc creator/import/gnu/arm/5.4.1/bin/../lib/gcc/arm-none-eabi/5.4.1/../../../../arm-none-eabi/lib/armv7-m\libg_nano.a(lib_a-impure.o)
 .rodata._global_impure_ptr
                0x00000000        0x4 c:/program files (x86)/cypress/psoc creator/4.2/psoc creator/import/gnu/arm/5.4.1/bin/../lib/gcc/arm-none-eabi/5.4.1/../../../../arm-none-eabi/lib/armv7-m\libg_nano.a(lib_a-impure.o)
 .text          0x00000000        0x0 c:/program files (x86)/cypress/psoc creator/4.2/psoc creator/import/gnu/arm/5.4.1/bin/../lib/gcc/arm-none-eabi/5.4.1/../../../../arm-none-eabi/lib/armv7-m\libg_nano.a(lib_a-init.o)
 .data          0x00000000        0x0 c:/program files (x86)/cypress/psoc creator/4.2/psoc creator/import/gnu/arm/5.4.1/bin/../lib/gcc/arm-none-eabi/5.4.1/../../../../arm-none-eabi/lib/armv7-m\libg_nano.a(lib_a-init.o)
 .bss           0x00000000        0x0 c:/program files (x86)/cypress/psoc creator/4.2/psoc creator/import/gnu/arm/5.4.1/bin/../lib/gcc/arm-none-eabi/5.4.1/../../../../arm-none-eabi/lib/armv7-m\libg_nano.a(lib_a-init.o)
 .text          0x00000000        0x0 c:/program files (x86)/cypress/psoc creator/4.2/psoc creator/import/gnu/arm/5.4.1/bin/../lib/gcc/arm-none-eabi/5.4.1/../../../../arm-none-eabi/lib/armv7-m\libg_nano.a(lib_a-memcpy-stub.o)
 .data          0x00000000        0x0 c:/program files (x86)/cypress/psoc creator/4.2/psoc creator/import/gnu/arm/5.4.1/bin/../lib/gcc/arm-none-eabi/5.4.1/../../../../arm-none-eabi/lib/armv7-m\libg_nano.a(lib_a-memcpy-stub.o)
 .bss           0x00000000        0x0 c:/program files (x86)/cypress/psoc creator/4.2/psoc creator/import/gnu/arm/5.4.1/bin/../lib/gcc/arm-none-eabi/5.4.1/../../../../arm-none-eabi/lib/armv7-m\libg_nano.a(lib_a-memcpy-stub.o)
 .text          0x00000000        0x0 c:/program files (x86)/cypress/psoc creator/4.2/psoc creator/import/gnu/arm/5.4.1/bin/../lib/gcc/arm-none-eabi/5.4.1/../../../../arm-none-eabi/lib/armv7-m\libg_nano.a(lib_a-memset.o)
 .data          0x00000000        0x0 c:/program files (x86)/cypress/psoc creator/4.2/psoc creator/import/gnu/arm/5.4.1/bin/../lib/gcc/arm-none-eabi/5.4.1/../../../../arm-none-eabi/lib/armv7-m\libg_nano.a(lib_a-memset.o)
 .bss           0x00000000        0x0 c:/program files (x86)/cypress/psoc creator/4.2/psoc creator/import/gnu/arm/5.4.1/bin/../lib/gcc/arm-none-eabi/5.4.1/../../../../arm-none-eabi/lib/armv7-m\libg_nano.a(lib_a-memset.o)
 .text          0x00000000        0x0 c:/program files (x86)/cypress/psoc creator/4.2/psoc creator/import/gnu/arm/5.4.1/bin/../lib/gcc/arm-none-eabi/5.4.1/armv7-m/crtend.o
 .data          0x00000000        0x0 c:/program files (x86)/cypress/psoc creator/4.2/psoc creator/import/gnu/arm/5.4.1/bin/../lib/gcc/arm-none-eabi/5.4.1/armv7-m/crtend.o
 .bss           0x00000000        0x0 c:/program files (x86)/cypress/psoc creator/4.2/psoc creator/import/gnu/arm/5.4.1/bin/../lib/gcc/arm-none-eabi/5.4.1/armv7-m/crtend.o
 .text          0x00000000        0x0 c:/program files (x86)/cypress/psoc creator/4.2/psoc creator/import/gnu/arm/5.4.1/bin/../lib/gcc/arm-none-eabi/5.4.1/armv7-m/crtn.o
 .data          0x00000000        0x0 c:/program files (x86)/cypress/psoc creator/4.2/psoc creator/import/gnu/arm/5.4.1/bin/../lib/gcc/arm-none-eabi/5.4.1/armv7-m/crtn.o
 .bss           0x00000000        0x0 c:/program files (x86)/cypress/psoc creator/4.2/psoc creator/import/gnu/arm/5.4.1/bin/../lib/gcc/arm-none-eabi/5.4.1/armv7-m/crtn.o

Memory Configuration

Name             Origin             Length             Attributes
rom              0x00000000         0x00040000         xr
ram              0x1fff8000         0x00010000         xrw
*default*        0x00000000         0xffffffff

Linker script and memory map

LOAD c:/program files (x86)/cypress/psoc creator/4.2/psoc creator/import/gnu/arm/5.4.1/bin/../lib/gcc/arm-none-eabi/5.4.1/armv7-m/crti.o
LOAD c:/program files (x86)/cypress/psoc creator/4.2/psoc creator/import/gnu/arm/5.4.1/bin/../lib/gcc/arm-none-eabi/5.4.1/armv7-m/crtbegin.o
LOAD c:/program files (x86)/cypress/psoc creator/4.2/psoc creator/import/gnu/arm/5.4.1/bin/../lib/gcc/arm-none-eabi/5.4.1/../../../../arm-none-eabi/lib/armv7-m/crt0.o
START GROUP
LOAD .\CortexM3\ARM_GCC_541\Debug\main.o
LOAD .\CortexM3\ARM_GCC_541\Debug\W5500.o
LOAD .\CortexM3\ARM_GCC_541\Debug\udp.o
LOAD .\CortexM3\ARM_GCC_541\Debug\tcp.o
LOAD .\CortexM3\ARM_GCC_541\Debug\socket.o
LOAD .\CortexM3\ARM_GCC_541\Debug\hal_spi.o
LOAD .\CortexM3\ARM_GCC_541\Debug\common.o
LOAD .\CortexM3\ARM_GCC_541\Debug\cyfitter_cfg.o
LOAD .\CortexM3\ARM_GCC_541\Debug\cymetadata.o
LOAD .\CortexM3\ARM_GCC_541\Debug\Cm3Start.o
LOAD .\CortexM3\ARM_GCC_541\Debug\test_W5500.a
LOAD C:\Program Files (x86)\Cypress\PSoC Creator\4.2\PSoC Creator\psoc\content\cycomponentlibrary\CyComponentLibrary.cylib\CortexM3\ARM_GCC_541\Debug\CyComponentLibrary.a
END GROUP
START GROUP
LOAD c:/program files (x86)/cypress/psoc creator/4.2/psoc creator/import/gnu/arm/5.4.1/bin/../lib/gcc/arm-none-eabi/5.4.1/armv7-m\libgcc.a
LOAD c:/program files (x86)/cypress/psoc creator/4.2/psoc creator/import/gnu/arm/5.4.1/bin/../lib/gcc/arm-none-eabi/5.4.1/../../../../arm-none-eabi/lib/armv7-m\libg_nano.a
LOAD c:/program files (x86)/cypress/psoc creator/4.2/psoc creator/import/gnu/arm/5.4.1/bin/../lib/gcc/arm-none-eabi/5.4.1/../../../../arm-none-eabi/lib/armv7-m\libc_nano.a
END GROUP
START GROUP
LOAD c:/program files (x86)/cypress/psoc creator/4.2/psoc creator/import/gnu/arm/5.4.1/bin/../lib/gcc/arm-none-eabi/5.4.1/armv7-m\libgcc.a
LOAD c:/program files (x86)/cypress/psoc creator/4.2/psoc creator/import/gnu/arm/5.4.1/bin/../lib/gcc/arm-none-eabi/5.4.1/../../../../arm-none-eabi/lib/armv7-m\libc_nano.a
END GROUP
LOAD c:/program files (x86)/cypress/psoc creator/4.2/psoc creator/import/gnu/arm/5.4.1/bin/../lib/gcc/arm-none-eabi/5.4.1/armv7-m/crtend.o
LOAD c:/program files (x86)/cypress/psoc creator/4.2/psoc creator/import/gnu/arm/5.4.1/bin/../lib/gcc/arm-none-eabi/5.4.1/armv7-m/crtn.o
START GROUP
LOAD c:/program files (x86)/cypress/psoc creator/4.2/psoc creator/import/gnu/arm/5.4.1/bin/../lib/gcc/arm-none-eabi/5.4.1/armv7-m\libgcc.a
LOAD c:/program files (x86)/cypress/psoc creator/4.2/psoc creator/import/gnu/arm/5.4.1/bin/../lib/gcc/arm-none-eabi/5.4.1/../../../../arm-none-eabi/lib/armv7-m\libc.a
LOAD c:/program files (x86)/cypress/psoc creator/4.2/psoc creator/import/gnu/arm/5.4.1/bin/../lib/gcc/arm-none-eabi/5.4.1/../../../../arm-none-eabi/lib/armv7-m\libnosys.a
END GROUP
                0x00000000                CY_APPL_ORIGIN = 0x0
                0x00000100                CY_FLASH_ROW_SIZE = 0x100
                0x00000020                CY_ECC_ROW_SIZE = 0x20
                0x00000000                CY_EE_IN_BTLDR = 0x0
                0x00000000                CY_APPL_LOADABLE = 0x0
                0x00000800                CY_EE_SIZE = 0x800
                0x00000001                CY_APPL_NUM = 0x1
                0x00000001                CY_APPL_MAX = 0x1
                0x00000040                CY_METADATA_SIZE = 0x40
                0x00000000                CY_APPL_LOADABLE = 0x0
                0x00000000                CY_CHECKSUM_EXCLUDE_SIZE = ALIGN (0x0, CY_FLASH_ROW_SIZE)
                [!provide]                PROVIDE (__cy_heap_start, _end)
                0x00000001                PROVIDE (__cy_region_num, ((__cy_regions_end - __cy_regions) / 0x10))
                0x20008000                PROVIDE (__cy_stack, (ORIGIN (ram) + LENGTH (ram)))
                [!provide]                PROVIDE (__cy_heap_end, (__cy_stack - 0x800))

.cybootloader   0x00000000        0x0
 *(.cybootloader)
                0x00000000                appl1_start = CY_APPL_ORIGIN?CY_APPL_ORIGIN:ALIGN (CY_FLASH_ROW_SIZE)
                0x0001ff00                appl2_start = (appl1_start + ALIGN ((((LENGTH (rom) - appl1_start) - (0x2 * CY_FLASH_ROW_SIZE)) / 0x2), CY_FLASH_ROW_SIZE))
                0x00000000                appl_start = (CY_APPL_NUM == 0x1)?appl1_start:appl2_start
                0x00000000                ecc_offset = ((appl_start / CY_FLASH_ROW_SIZE) * CY_ECC_ROW_SIZE)
                0x00000000                ee_offset = (CY_APPL_LOADABLE && ! (CY_EE_IN_BTLDR))?((CY_EE_SIZE / CY_APPL_MAX) * (CY_APPL_NUM - 0x1)):0x0
                0x00000800                ee_size = (CY_APPL_LOADABLE && ! (CY_EE_IN_BTLDR))?(CY_EE_SIZE / CY_APPL_MAX):CY_EE_SIZE
                [!provide]                PROVIDE (CY_ECC_OFFSET, ecc_offset)

.text           0x00000000      0xace
 CREATE_OBJECT_SYMBOLS
                0x00000000                PROVIDE (__cy_interrupt_vector, RomVectors)
 *(.romvectors)
 .romvectors    0x00000000       0x10 .\CortexM3\ARM_GCC_541\Debug\Cm3Start.o
                0x00000000                RomVectors
                0x00000001                ASSERT ((. != __cy_interrupt_vector), No interrupt vector)
                0x00000001                ASSERT (CY_APPL_ORIGIN?(SIZEOF (.cybootloader) <= CY_APPL_ORIGIN):0x1, Wrong image location)
                0x00000010                PROVIDE (__cy_reset, Reset)
 *(.text.Reset)
 .text.Reset    0x00000010       0x18 .\CortexM3\ARM_GCC_541\Debug\Cm3Start.o
                0x00000010                Reset
                0x00000001                ASSERT ((. != __cy_reset), No reset code)
 *(.dma_init)
                0x00000001                ASSERT ((((appl_start + .) <= 0x10000) || 0x1), DMA Init must be within the first 64k of flash)
 *(.text .text.* .gnu.linkonce.t.*)
 .text          0x00000028       0x5c c:/program files (x86)/cypress/psoc creator/4.2/psoc creator/import/gnu/arm/5.4.1/bin/../lib/gcc/arm-none-eabi/5.4.1/armv7-m/crtbegin.o
 .text.wiz_init
                0x00000084       0x94 .\CortexM3\ARM_GCC_541\Debug\main.o
                0x00000084                wiz_init
 .text.socket_init
                0x00000118       0x94 .\CortexM3\ARM_GCC_541\Debug\main.o
                0x00000118                socket_init
 .text.handle_session
                0x000001ac        0xc .\CortexM3\ARM_GCC_541\Debug\main.o
                0x000001ac                handle_session
 .text.close_socket0
                0x000001b8        0xc .\CortexM3\ARM_GCC_541\Debug\main.o
                0x000001b8                close_socket0
 .text.main     0x000001c4       0xe4 .\CortexM3\ARM_GCC_541\Debug\main.o
                0x000001c4                main
 .text.W5500_socket
                0x000002a8       0x54 .\CortexM3\ARM_GCC_541\Debug\socket.o
                0x000002a8                W5500_socket
 .text.W5500_spi
                0x000002fc       0x98 .\CortexM3\ARM_GCC_541\Debug\hal_spi.o
 .text.W5500_spi_read
                0x00000394       0x2c .\CortexM3\ARM_GCC_541\Debug\hal_spi.o
                0x00000394                W5500_spi_read
 .text.W5500_spi_write
                0x000003c0       0x2c .\CortexM3\ARM_GCC_541\Debug\hal_spi.o
                0x000003c0                W5500_spi_write
 .text.W5500_spi_write_byte
                0x000003ec       0x6c .\CortexM3\ARM_GCC_541\Debug\hal_spi.o
                0x000003ec                W5500_spi_write_byte
 .text._is_invalid_block
                0x00000458       0x44 .\CortexM3\ARM_GCC_541\Debug\common.o
                0x00000458                _is_invalid_block
 .text.CyClockStartupError
                0x0000049c        0x4 .\CortexM3\ARM_GCC_541\Debug\cyfitter_cfg.o
 .text.cfg_write_bytes32
                0x000004a0       0x34 .\CortexM3\ARM_GCC_541\Debug\cyfitter_cfg.o
 .text.AnalogSetDefault
                0x000004d4       0x28 .\CortexM3\ARM_GCC_541\Debug\cyfitter_cfg.o
 .text.CYMEMZERO
                0x000004fc        0xc .\CortexM3\ARM_GCC_541\Debug\cyfitter_cfg.o
 .text.ClockSetup
                0x00000508       0xb8 .\CortexM3\ARM_GCC_541\Debug\cyfitter_cfg.o
 .text.CYCONFIGCPY
                0x000005c0        0x8 .\CortexM3\ARM_GCC_541\Debug\cyfitter_cfg.o
 .text.cyfitter_cfg
                0x000005c8      0x110 .\CortexM3\ARM_GCC_541\Debug\cyfitter_cfg.o
                0x000005c8                cyfitter_cfg
 .text.IntDefaultHandler
                0x000006d8       0x10 .\CortexM3\ARM_GCC_541\Debug\Cm3Start.o
                0x000006d8                IntDefaultHandler
 .text.Start_c  0x000006e8       0x4c .\CortexM3\ARM_GCC_541\Debug\Cm3Start.o
                0x000006e8                Start_c
 .text.initialize_psoc
                0x00000734       0x68 .\CortexM3\ARM_GCC_541\Debug\Cm3Start.o
                0x00000734                initialize_psoc
 .text.SPI_Enable
                0x0000079c       0x34 .\CortexM3\ARM_GCC_541\Debug\test_W5500.a(SPI.o)
                0x0000079c                SPI_Enable
 .text.SPI_ReadTxStatus
                0x000007d0        0xc .\CortexM3\ARM_GCC_541\Debug\test_W5500.a(SPI.o)
                0x000007d0                SPI_ReadTxStatus
 .text.SPI_ReadRxStatus
                0x000007dc        0xc .\CortexM3\ARM_GCC_541\Debug\test_W5500.a(SPI.o)
                0x000007dc                SPI_ReadRxStatus
 .text.SPI_WriteTxData
                0x000007e8       0x18 .\CortexM3\ARM_GCC_541\Debug\test_W5500.a(SPI.o)
                0x000007e8                SPI_WriteTxData
 .text.SPI_ReadRxData
                0x00000800        0xc .\CortexM3\ARM_GCC_541\Debug\test_W5500.a(SPI.o)
                0x00000800                SPI_ReadRxData
 .text.SPI_ClearFIFO
                0x0000080c       0x3c .\CortexM3\ARM_GCC_541\Debug\test_W5500.a(SPI.o)
                0x0000080c                SPI_ClearFIFO
 .text.SPI_Init
                0x00000848       0x28 .\CortexM3\ARM_GCC_541\Debug\test_W5500.a(SPI.o)
                0x00000848                SPI_Init
 .text.SPI_Start
                0x00000870       0x1c .\CortexM3\ARM_GCC_541\Debug\test_W5500.a(SPI.o)
                0x00000870                SPI_Start
 .text.SS_Write
                0x0000088c       0x18 .\CortexM3\ARM_GCC_541\Debug\test_W5500.a(SS.o)
                0x0000088c                SS_Write
 .text.UART_Start
                0x000008a4        0x4 .\CortexM3\ARM_GCC_541\Debug\test_W5500.a(UART.o)
                0x000008a4                UART_Start
 .text.UART_PutString
                0x000008a8       0x1c .\CortexM3\ARM_GCC_541\Debug\test_W5500.a(UART.o)
                0x000008a8                UART_PutString
 .text.UART_PutHexByte
                0x000008c4       0x20 .\CortexM3\ARM_GCC_541\Debug\test_W5500.a(UART.o)
                0x000008c4                UART_PutHexByte
 .text.UART_PutCRLF
                0x000008e4       0x10 .\CortexM3\ARM_GCC_541\Debug\test_W5500.a(UART.o)
                0x000008e4                UART_PutCRLF
 .text.SPI_IntClock_Start
                0x000008f4       0x1c .\CortexM3\ARM_GCC_541\Debug\test_W5500.a(SPI_IntClock.o)
                0x000008f4                SPI_IntClock_Start
 .text.CyDelay  0x00000910       0x2c .\CortexM3\ARM_GCC_541\Debug\test_W5500.a(CyLib.o)
                0x00000910                CyDelay
 .text.LED_Write
                0x0000093c       0x18 .\CortexM3\ARM_GCC_541\Debug\test_W5500.a(LED.o)
                0x0000093c                LED_Write
 *fill*         0x00000954        0x4 
 .text          0x00000958       0xac .\CortexM3\ARM_GCC_541\Debug\test_W5500.a(UART_AsmGnu.o)
                0x00000958                UART_PutChar
 *fill*         0x00000a04        0x4 
 .text          0x00000a08       0x20 .\CortexM3\ARM_GCC_541\Debug\test_W5500.a(CyBootAsmGnu.o)
                0x00000a08                CyDelayCycles
                0x00000a18                CyEnterCriticalSection
                0x00000a20                CyExitCriticalSection
 .text          0x00000a28       0x24 c:/program files (x86)/cypress/psoc creator/4.2/psoc creator/import/gnu/arm/5.4.1/bin/../lib/gcc/arm-none-eabi/5.4.1/armv7-m\libgcc.a(_udivsi3.o)
                0x00000a28                __aeabi_uidiv
                0x00000a28                __udivsi3
                0x00000a3c                __aeabi_uidivmod
 .text          0x00000a4c        0x4 c:/program files (x86)/cypress/psoc creator/4.2/psoc creator/import/gnu/arm/5.4.1/bin/../lib/gcc/arm-none-eabi/5.4.1/armv7-m\libgcc.a(_dvmd_tls.o)
                0x00000a4c                __aeabi_idiv0
                0x00000a4c                __aeabi_ldiv0
 .text.__errno  0x00000a50        0xc c:/program files (x86)/cypress/psoc creator/4.2/psoc creator/import/gnu/arm/5.4.1/bin/../lib/gcc/arm-none-eabi/5.4.1/../../../../arm-none-eabi/lib/armv7-m\libg_nano.a(lib_a-errno.o)
                0x00000a50                __errno
 .text.__libc_init_array
                0x00000a5c       0x4c c:/program files (x86)/cypress/psoc creator/4.2/psoc creator/import/gnu/arm/5.4.1/bin/../lib/gcc/arm-none-eabi/5.4.1/../../../../arm-none-eabi/lib/armv7-m\libg_nano.a(lib_a-init.o)
                0x00000a5c                __libc_init_array
 .text.memcpy   0x00000aa8       0x16 c:/program files (x86)/cypress/psoc creator/4.2/psoc creator/import/gnu/arm/5.4.1/bin/../lib/gcc/arm-none-eabi/5.4.1/../../../../arm-none-eabi/lib/armv7-m\libg_nano.a(lib_a-memcpy-stub.o)
                0x00000aa8                memcpy
 .text.memset   0x00000abe       0x10 c:/program files (x86)/cypress/psoc creator/4.2/psoc creator/import/gnu/arm/5.4.1/bin/../lib/gcc/arm-none-eabi/5.4.1/../../../../arm-none-eabi/lib/armv7-m\libg_nano.a(lib_a-memset.o)
                0x00000abe                memset
 *(.plt)
 *(.gnu.warning)
 *(.glue_7t)
 .glue_7t       0x00000ace        0x0 linker stubs
 *(.glue_7)
 .glue_7        0x00000ace        0x0 linker stubs
 *(.vfp11_veneer)
 .vfp11_veneer  0x00000ace        0x0 linker stubs
 *(.bootloader)
 *(.ARM.extab* .gnu.linkonce.armextab.*)
 *(.gcc_except_table)

.v4_bx          0x00000ad0        0x0
 .v4_bx         0x00000ad0        0x0 linker stubs

.iplt           0x00000ad0        0x0
 .iplt          0x00000ad0        0x0 c:/program files (x86)/cypress/psoc creator/4.2/psoc creator/import/gnu/arm/5.4.1/bin/../lib/gcc/arm-none-eabi/5.4.1/armv7-m/crtbegin.o

.eh_frame_hdr
 *(.eh_frame_hdr)

.eh_frame       0x00000ad0        0x4
 *(.eh_frame)
 .eh_frame      0x00000ad0        0x0 c:/program files (x86)/cypress/psoc creator/4.2/psoc creator/import/gnu/arm/5.4.1/bin/../lib/gcc/arm-none-eabi/5.4.1/armv7-m/crtbegin.o
 .eh_frame      0x00000ad0        0x4 c:/program files (x86)/cypress/psoc creator/4.2/psoc creator/import/gnu/arm/5.4.1/bin/../lib/gcc/arm-none-eabi/5.4.1/armv7-m/crtend.o
                [!provide]                PROVIDE (__exidx_start, .)

.ARM.exidx
 *(.ARM.exidx* .gnu.linkonce.armexidx.*)
                0x00000ad4                __exidx_end = .

.rodata         0x00000ad4      0x12c
 *(.rodata .rodata.* .gnu.linkonce.r.*)
 .rodata        0x00000ad4       0x14 .\CortexM3\ARM_GCC_541\Debug\main.o
 .rodata.str1.4
                0x00000ae8       0x8c .\CortexM3\ARM_GCC_541\Debug\main.o
                                 0x89 (size before relaxing)
 .rodata        0x00000b74       0x42 .\CortexM3\ARM_GCC_541\Debug\cyfitter_cfg.o
 *fill*         0x00000bb6        0x2 
 .rodata        0x00000bb8       0x11 .\CortexM3\ARM_GCC_541\Debug\test_W5500.a(UART.o)
 .rodata.str1.1
                0x00000bc9        0x2 c:/program files (x86)/cypress/psoc creator/4.2/psoc creator/import/gnu/arm/5.4.1/bin/../lib/gcc/arm-none-eabi/5.4.1/../../../../arm-none-eabi/lib/armv7-m\libg_nano.a(lib_a-impure.o)
                0x00000bcc                . = ALIGN (0x4)
 *fill*         0x00000bcb        0x1 
 *(.init)
 .init          0x00000bcc        0x4 c:/program files (x86)/cypress/psoc creator/4.2/psoc creator/import/gnu/arm/5.4.1/bin/../lib/gcc/arm-none-eabi/5.4.1/armv7-m/crti.o
                0x00000bcc                _init
 .init          0x00000bd0        0x8 c:/program files (x86)/cypress/psoc creator/4.2/psoc creator/import/gnu/arm/5.4.1/bin/../lib/gcc/arm-none-eabi/5.4.1/armv7-m/crtn.o
                0x00000bd8                . = ALIGN (0x4)
                0x00000bd8                __preinit_array_start = .
 *(.preinit_array)
                0x00000bd8                __preinit_array_end = .
                0x00000bd8                . = ALIGN (0x4)
                0x00000bd8                __init_array_start = .
 *(SORT(.init_array.*))
 *(.init_array)
 .init_array    0x00000bd8        0x4 c:/program files (x86)/cypress/psoc creator/4.2/psoc creator/import/gnu/arm/5.4.1/bin/../lib/gcc/arm-none-eabi/5.4.1/armv7-m/crtbegin.o
 .init_array    0x00000bdc        0x4 .\CortexM3\ARM_GCC_541\Debug\Cm3Start.o
                0x00000be0                __init_array_end = .
                0x00000be0                . = ALIGN (0x4)
 *(.fini)
 .fini          0x00000be0        0x4 c:/program files (x86)/cypress/psoc creator/4.2/psoc creator/import/gnu/arm/5.4.1/bin/../lib/gcc/arm-none-eabi/5.4.1/armv7-m/crti.o
                0x00000be0                _fini
 .fini          0x00000be4        0x8 c:/program files (x86)/cypress/psoc creator/4.2/psoc creator/import/gnu/arm/5.4.1/bin/../lib/gcc/arm-none-eabi/5.4.1/armv7-m/crtn.o
                0x00000bec                . = ALIGN (0x4)
                0x00000bec                __fini_array_start = .
 *(.fini_array)
 .fini_array    0x00000bec        0x4 c:/program files (x86)/cypress/psoc creator/4.2/psoc creator/import/gnu/arm/5.4.1/bin/../lib/gcc/arm-none-eabi/5.4.1/armv7-m/crtbegin.o
 *(SORT(.fini_array.*))
                0x00000bf0                __fini_array_end = .
                0x00000bf0                . = ALIGN (0x4)
 *crtbegin.o(.ctors)
 *(EXCLUDE_FILE(*crtend.o) .ctors)
 *(SORT(.ctors.*))
 *crtend.o(.ctors)
                0x00000bf0                . = ALIGN (0x4)
 *crtbegin.o(.dtors)
 *(EXCLUDE_FILE(*crtend.o) .dtors)
 *(SORT(.dtors.*))
 *crtend.o(.dtors)
                0x00000bf0                . = ALIGN (0x4)
                0x00000bf0                __cy_regions = .
                0x00000bf0        0x4 LONG 0xc00 __cy_region_init_ram
                0x00000bf4        0x4 LONG 0x1fff80c8 __cy_region_start_data
                0x00000bf8        0x4 LONG 0x88 __cy_region_init_size_ram
                0x00000bfc        0x4 LONG 0x58 __cy_region_zero_size_ram
                0x00000c00                __cy_regions_end = .
                0x00000c00                . = ALIGN (0x8)
                0x00000c00                _etext = .

.cy_checksum_exclude
                0x00000c00        0x0
 *(.cy_checksum_exclude)

.ramvectors     0x1fff8000       0xc0
                0x1fff8000                __cy_region_start_ram = .
 *(.ramvectors)
 .ramvectors    0x1fff8000       0xc0 .\CortexM3\ARM_GCC_541\Debug\Cm3Start.o
                0x1fff8000                CyRamVectors

.noinit         0x1fff80c0        0x1
 *(.noinit)
 .noinit        0x1fff80c0        0x1 .\CortexM3\ARM_GCC_541\Debug\test_W5500.a(CyLib.o)
                0x1fff80c0                CyResetStatus

.data           0x1fff80c8       0x88 load address 0x00000c00
                0x1fff80c8                __cy_region_start_data = .
 *(.jcr)
 .jcr           0x1fff80c8        0x0 c:/program files (x86)/cypress/psoc creator/4.2/psoc creator/import/gnu/arm/5.4.1/bin/../lib/gcc/arm-none-eabi/5.4.1/armv7-m/crtbegin.o
 .jcr           0x1fff80c8        0x4 c:/program files (x86)/cypress/psoc creator/4.2/psoc creator/import/gnu/arm/5.4.1/bin/../lib/gcc/arm-none-eabi/5.4.1/armv7-m/crtend.o
 *(.got.plt)
 *(.got)
 *(.shdata)
 *(.data .data.* .gnu.linkonce.d.*)
 .data          0x1fff80cc        0xc .\CortexM3\ARM_GCC_541\Debug\test_W5500.a(UART.o)
                0x1fff80cc                UART_pinDrAdress
                0x1fff80d0                UART_pinPortNumber
                0x1fff80d4                UART_pinNumber
 .data          0x1fff80d8       0x10 .\CortexM3\ARM_GCC_541\Debug\test_W5500.a(CyLib.o)
                0x1fff80d8                cydelay_32k_ms
                0x1fff80dc                cydelay_freq_khz
                0x1fff80e0                cydelay_freq_mhz
                0x1fff80e4                cydelay_freq_hz
 .data.impure_data
                0x1fff80e8       0x60 c:/program files (x86)/cypress/psoc creator/4.2/psoc creator/import/gnu/arm/5.4.1/bin/../lib/gcc/arm-none-eabi/5.4.1/../../../../arm-none-eabi/lib/armv7-m\libg_nano.a(lib_a-impure.o)
 .data._impure_ptr
                0x1fff8148        0x4 c:/program files (x86)/cypress/psoc creator/4.2/psoc creator/import/gnu/arm/5.4.1/bin/../lib/gcc/arm-none-eabi/5.4.1/../../../../arm-none-eabi/lib/armv7-m\libg_nano.a(lib_a-impure.o)
                0x1fff8148                _impure_ptr
                0x1fff8150                . = ALIGN (0x8)
 *fill*         0x1fff814c        0x4 
 *(.ram)
                0x1fff8150                _edata = .

.igot.plt       0x1fff8150        0x0 load address 0x00000c88
 .igot.plt      0x1fff8150        0x0 c:/program files (x86)/cypress/psoc creator/4.2/psoc creator/import/gnu/arm/5.4.1/bin/../lib/gcc/arm-none-eabi/5.4.1/armv7-m/crtbegin.o

.bss            0x1fff8150       0x58 load address 0x00000c88
                0x1fff8150                PROVIDE (__bss_start__, .)
 *(.shbss)
 *(.bss .bss.* .gnu.linkonce.b.*)
 .bss           0x1fff8150       0x1c c:/program files (x86)/cypress/psoc creator/4.2/psoc creator/import/gnu/arm/5.4.1/bin/../lib/gcc/arm-none-eabi/5.4.1/armv7-m/crtbegin.o
 .bss           0x1fff816c        0x1 .\CortexM3\ARM_GCC_541\Debug\test_W5500.a(SPI.o)
                0x1fff816c                SPI_initVar
 *(COMMON)
 *fill*         0x1fff816d        0x3 
 COMMON         0x1fff8170       0x32 .\CortexM3\ARM_GCC_541\Debug\common.o
                0x1fff8170                this
                0x1fff81a8                . = ALIGN (0x8)
 *fill*         0x1fff81a2        0x6 
 *(.ram.b)
                0x1fff81a8                _end = .
                0x1fff81a8                __end = .
                0x1fff81a8                PROVIDE (end, .)
                0x1fff81a8                PROVIDE (__bss_end__, .)
                0x00000c00                __cy_region_init_ram = LOADADDR (.data)
                0x00000088                __cy_region_init_size_ram = (_edata - ADDR (.data))
                0x00000058                __cy_region_zero_size_ram = (_end - _edata)

.heap           0x1fff81a8       0x80 load address 0x00000c88
                0x1fff81a8                . = _end
                0x1fff8228                . = (. + 0x80)
 *fill*         0x1fff81a8       0x80 
                0x1fff8228                __cy_heap_limit = .

.stack          0x20007800      0x800
                0x20007800                __cy_stack_limit = .
                0x20008000                . = (. + 0x800)
 *fill*         0x20007800      0x800 
                0x00000001                ASSERT ((__cy_stack_limit >= __cy_heap_limit), region RAM overflowed with stack)
                0x00000000                cy_checksum_exclude_size = (CY_APPL_LOADABLE == 0x1)?SIZEOF (.cy_checksum_exclude):0x0
                0x00000001                ASSERT ((cy_checksum_exclude_size <= CY_CHECKSUM_EXCLUDE_SIZE), CY_BOOT: Section .cy_checksum_exclude size exceedes specified limit.)

.cyloadermeta
 *(.cyloadermeta)

.cyloadablemeta
 *(.cyloadablemeta)

.cyconfigecc    0x80000000      0x1ec
 *(.cyconfigecc)
 .cyconfigecc   0x80000000      0x1ec .\CortexM3\ARM_GCC_541\Debug\cymetadata.o
                0x80000000                cy_meta_configecc

.cycustnvl      0x90000000        0x4
 *(.cycustnvl)
 .cycustnvl     0x90000000        0x4 .\CortexM3\ARM_GCC_541\Debug\cymetadata.o
                0x90000000                cy_meta_custnvl

.cywolatch      0x90100000        0x4
 *(.cywolatch)
 .cywolatch     0x90100000        0x4 .\CortexM3\ARM_GCC_541\Debug\cymetadata.o
                0x90100000                cy_meta_wonvl

.cyeeprom       0x90200000        0x0
 *(.cyeeprom)
                0x00000001                ASSERT ((. <= ((0x90200000 + ee_offset) + ee_size)), .cyeeprom data will not fit in EEPROM)

.cyflashprotect
                0x90400000      0x100
 *(.cyflashprotect)
 .cyflashprotect
                0x90400000      0x100 .\CortexM3\ARM_GCC_541\Debug\cymetadata.o
                0x90400000                cy_meta_flashprotect

.cymeta         0x90500000        0xc
 *(.cymeta)
 .cymeta        0x90500000        0xc .\CortexM3\ARM_GCC_541\Debug\cymetadata.o
                0x90500000                cy_metadata

.rel.dyn        0x00000c88        0x0 load address 0x9050000c
 .rel.iplt      0x00000c88        0x0 c:/program files (x86)/cypress/psoc creator/4.2/psoc creator/import/gnu/arm/5.4.1/bin/../lib/gcc/arm-none-eabi/5.4.1/armv7-m/crtbegin.o

.stab
 *(.stab)

.stabstr
 *(.stabstr)

.debug
 *(.debug)

.line
 *(.line)

.debug_srcinfo
 *(.debug_srcinfo)

.debug_sfnames
 *(.debug_sfnames)

.debug_aranges  0x00000000      0x890
 *(.debug_aranges)
 .debug_aranges
                0x00000000       0x40 .\CortexM3\ARM_GCC_541\Debug\main.o
 .debug_aranges
                0x00000040       0x18 .\CortexM3\ARM_GCC_541\Debug\W5500.o
 .debug_aranges
                0x00000058       0x30 .\CortexM3\ARM_GCC_541\Debug\udp.o
 .debug_aranges
                0x00000088       0x60 .\CortexM3\ARM_GCC_541\Debug\socket.o
 .debug_aranges
                0x000000e8       0x40 .\CortexM3\ARM_GCC_541\Debug\hal_spi.o
 .debug_aranges
                0x00000128       0x28 .\CortexM3\ARM_GCC_541\Debug\common.o
 .debug_aranges
                0x00000150       0x58 .\CortexM3\ARM_GCC_541\Debug\cyfitter_cfg.o
 .debug_aranges
                0x000001a8       0x18 .\CortexM3\ARM_GCC_541\Debug\cymetadata.o
 .debug_aranges
                0x000001c0       0x48 .\CortexM3\ARM_GCC_541\Debug\Cm3Start.o
 .debug_aranges
                0x00000208       0xd8 .\CortexM3\ARM_GCC_541\Debug\test_W5500.a(SPI.o)
 .debug_aranges
                0x000002e0       0x38 .\CortexM3\ARM_GCC_541\Debug\test_W5500.a(SS.o)
 .debug_aranges
                0x00000318       0x50 .\CortexM3\ARM_GCC_541\Debug\test_W5500.a(UART.o)
 .debug_aranges
                0x00000368       0x70 .\CortexM3\ARM_GCC_541\Debug\test_W5500.a(SPI_IntClock.o)
 .debug_aranges
                0x000003d8      0x2a0 .\CortexM3\ARM_GCC_541\Debug\test_W5500.a(CyLib.o)
 .debug_aranges
                0x00000678       0x98 .\CortexM3\ARM_GCC_541\Debug\test_W5500.a(cyPm.o)
 .debug_aranges
                0x00000710       0x38 .\CortexM3\ARM_GCC_541\Debug\test_W5500.a(LED.o)
 .debug_aranges
                0x00000748       0x20 .\CortexM3\ARM_GCC_541\Debug\test_W5500.a(UART_AsmGnu.o)
 .debug_aranges
                0x00000768       0x20 .\CortexM3\ARM_GCC_541\Debug\test_W5500.a(CyBootAsmGnu.o)
 .debug_aranges
                0x00000788       0x88 .\CortexM3\ARM_GCC_541\Debug\test_W5500.a(CyFlash.o)
 .debug_aranges
                0x00000810       0x80 .\CortexM3\ARM_GCC_541\Debug\test_W5500.a(CySpc.o)

.debug_pubnames
 *(.debug_pubnames)

.debug_info     0x00000000     0x5da9
 *(.debug_info .gnu.linkonce.wi.*)
 .debug_info    0x00000000      0x895 .\CortexM3\ARM_GCC_541\Debug\main.o
 .debug_info    0x00000895       0x72 .\CortexM3\ARM_GCC_541\Debug\W5500.o
 .debug_info    0x00000907      0x200 .\CortexM3\ARM_GCC_541\Debug\udp.o
 .debug_info    0x00000b07      0x68b .\CortexM3\ARM_GCC_541\Debug\socket.o
 .debug_info    0x00001192      0x78c .\CortexM3\ARM_GCC_541\Debug\hal_spi.o
 .debug_info    0x0000191e      0x380 .\CortexM3\ARM_GCC_541\Debug\common.o
 .debug_info    0x00001c9e      0x595 .\CortexM3\ARM_GCC_541\Debug\cyfitter_cfg.o
 .debug_info    0x00002233      0x135 .\CortexM3\ARM_GCC_541\Debug\cymetadata.o
 .debug_info    0x00002368      0x3bb .\CortexM3\ARM_GCC_541\Debug\Cm3Start.o
 .debug_info    0x00002723      0x4bb .\CortexM3\ARM_GCC_541\Debug\test_W5500.a(SPI.o)
 .debug_info    0x00002bde      0x11f .\CortexM3\ARM_GCC_541\Debug\test_W5500.a(SS.o)
 .debug_info    0x00002cfd      0x2c4 .\CortexM3\ARM_GCC_541\Debug\test_W5500.a(UART.o)
 .debug_info    0x00002fc1      0x283 .\CortexM3\ARM_GCC_541\Debug\test_W5500.a(SPI_IntClock.o)
 .debug_info    0x00003244     0x1374 .\CortexM3\ARM_GCC_541\Debug\test_W5500.a(CyLib.o)
 .debug_info    0x000045b8      0xa2a .\CortexM3\ARM_GCC_541\Debug\test_W5500.a(cyPm.o)
 .debug_info    0x00004fe2      0x11f .\CortexM3\ARM_GCC_541\Debug\test_W5500.a(LED.o)
 .debug_info    0x00005101       0x85 .\CortexM3\ARM_GCC_541\Debug\test_W5500.a(UART_AsmGnu.o)
 .debug_info    0x00005186       0x86 .\CortexM3\ARM_GCC_541\Debug\test_W5500.a(CyBootAsmGnu.o)
 .debug_info    0x0000520c      0x64d .\CortexM3\ARM_GCC_541\Debug\test_W5500.a(CyFlash.o)
 .debug_info    0x00005859      0x550 .\CortexM3\ARM_GCC_541\Debug\test_W5500.a(CySpc.o)

.debug_abbrev   0x00000000     0x16a9
 *(.debug_abbrev)
 .debug_abbrev  0x00000000      0x15a .\CortexM3\ARM_GCC_541\Debug\main.o
 .debug_abbrev  0x0000015a       0x26 .\CortexM3\ARM_GCC_541\Debug\W5500.o
 .debug_abbrev  0x00000180       0xbb .\CortexM3\ARM_GCC_541\Debug\udp.o
 .debug_abbrev  0x0000023b      0x15a .\CortexM3\ARM_GCC_541\Debug\socket.o
 .debug_abbrev  0x00000395      0x183 .\CortexM3\ARM_GCC_541\Debug\hal_spi.o
 .debug_abbrev  0x00000518      0x12c .\CortexM3\ARM_GCC_541\Debug\common.o
 .debug_abbrev  0x00000644      0x20d .\CortexM3\ARM_GCC_541\Debug\cyfitter_cfg.o
 .debug_abbrev  0x00000851       0x66 .\CortexM3\ARM_GCC_541\Debug\cymetadata.o
 .debug_abbrev  0x000008b7      0x1e8 .\CortexM3\ARM_GCC_541\Debug\Cm3Start.o
 .debug_abbrev  0x00000a9f      0x146 .\CortexM3\ARM_GCC_541\Debug\test_W5500.a(SPI.o)
 .debug_abbrev  0x00000be5       0x90 .\CortexM3\ARM_GCC_541\Debug\test_W5500.a(SS.o)
 .debug_abbrev  0x00000c75      0x109 .\CortexM3\ARM_GCC_541\Debug\test_W5500.a(UART.o)
 .debug_abbrev  0x00000d7e      0x139 .\CortexM3\ARM_GCC_541\Debug\test_W5500.a(SPI_IntClock.o)
 .debug_abbrev  0x00000eb7      0x254 .\CortexM3\ARM_GCC_541\Debug\test_W5500.a(CyLib.o)
 .debug_abbrev  0x0000110b      0x1ab .\CortexM3\ARM_GCC_541\Debug\test_W5500.a(cyPm.o)
 .debug_abbrev  0x000012b6       0x90 .\CortexM3\ARM_GCC_541\Debug\test_W5500.a(LED.o)
 .debug_abbrev  0x00001346       0x14 .\CortexM3\ARM_GCC_541\Debug\test_W5500.a(UART_AsmGnu.o)
 .debug_abbrev  0x0000135a       0x14 .\CortexM3\ARM_GCC_541\Debug\test_W5500.a(CyBootAsmGnu.o)
 .debug_abbrev  0x0000136e      0x1a7 .\CortexM3\ARM_GCC_541\Debug\test_W5500.a(CyFlash.o)
 .debug_abbrev  0x00001515      0x194 .\CortexM3\ARM_GCC_541\Debug\test_W5500.a(CySpc.o)

.debug_line     0x00000000     0x27b8
 *(.debug_line)
 .debug_line    0x00000000      0x227 .\CortexM3\ARM_GCC_541\Debug\main.o
 .debug_line    0x00000227       0x1d .\CortexM3\ARM_GCC_541\Debug\W5500.o
 .debug_line    0x00000244      0x1e5 .\CortexM3\ARM_GCC_541\Debug\udp.o
 .debug_line    0x00000429        0x0 .\CortexM3\ARM_GCC_541\Debug\tcp.o
 .debug_line    0x00000429      0x26d .\CortexM3\ARM_GCC_541\Debug\socket.o
 .debug_line    0x00000696      0x2f7 .\CortexM3\ARM_GCC_541\Debug\hal_spi.o
 .debug_line    0x0000098d      0x20c .\CortexM3\ARM_GCC_541\Debug\common.o
 .debug_line    0x00000b99      0x1f3 .\CortexM3\ARM_GCC_541\Debug\cyfitter_cfg.o
 .debug_line    0x00000d8c      0x141 .\CortexM3\ARM_GCC_541\Debug\cymetadata.o
 .debug_line    0x00000ecd      0x234 .\CortexM3\ARM_GCC_541\Debug\Cm3Start.o
 .debug_line    0x00001101      0x241 .\CortexM3\ARM_GCC_541\Debug\test_W5500.a(SPI.o)
 .debug_line    0x00001342       0x8f .\CortexM3\ARM_GCC_541\Debug\test_W5500.a(SS.o)
 .debug_line    0x000013d1       0xe6 .\CortexM3\ARM_GCC_541\Debug\test_W5500.a(UART.o)
 .debug_line    0x000014b7      0x17b .\CortexM3\ARM_GCC_541\Debug\test_W5500.a(SPI_IntClock.o)
 .debug_line    0x00001632      0x816 .\CortexM3\ARM_GCC_541\Debug\test_W5500.a(CyLib.o)
 .debug_line    0x00001e48      0x367 .\CortexM3\ARM_GCC_541\Debug\test_W5500.a(cyPm.o)
 .debug_line    0x000021af       0x90 .\CortexM3\ARM_GCC_541\Debug\test_W5500.a(LED.o)
 .debug_line    0x0000223f       0x99 .\CortexM3\ARM_GCC_541\Debug\test_W5500.a(UART_AsmGnu.o)
 .debug_line    0x000022d8       0x66 .\CortexM3\ARM_GCC_541\Debug\test_W5500.a(CyBootAsmGnu.o)
 .debug_line    0x0000233e      0x21a .\CortexM3\ARM_GCC_541\Debug\test_W5500.a(CyFlash.o)
 .debug_line    0x00002558      0x260 .\CortexM3\ARM_GCC_541\Debug\test_W5500.a(CySpc.o)

.debug_frame    0x00000000     0x1618
 *(.debug_frame)
 .debug_frame   0x00000000       0xb8 .\CortexM3\ARM_GCC_541\Debug\main.o
 .debug_frame   0x000000b8       0x40 .\CortexM3\ARM_GCC_541\Debug\udp.o
 .debug_frame   0x000000f8       0xf4 .\CortexM3\ARM_GCC_541\Debug\socket.o
 .debug_frame   0x000001ec       0xf8 .\CortexM3\ARM_GCC_541\Debug\hal_spi.o
 .debug_frame   0x000002e4       0x48 .\CortexM3\ARM_GCC_541\Debug\common.o
 .debug_frame   0x0000032c       0xe4 .\CortexM3\ARM_GCC_541\Debug\cyfitter_cfg.o
 .debug_frame   0x00000410       0xb8 .\CortexM3\ARM_GCC_541\Debug\Cm3Start.o
 .debug_frame   0x000004c8      0x1e8 .\CortexM3\ARM_GCC_541\Debug\test_W5500.a(SPI.o)
 .debug_frame   0x000006b0       0x50 .\CortexM3\ARM_GCC_541\Debug\test_W5500.a(SS.o)
 .debug_frame   0x00000700       0xc8 .\CortexM3\ARM_GCC_541\Debug\test_W5500.a(UART.o)
 .debug_frame   0x000007c8       0xe0 .\CortexM3\ARM_GCC_541\Debug\test_W5500.a(SPI_IntClock.o)
 .debug_frame   0x000008a8      0x738 .\CortexM3\ARM_GCC_541\Debug\test_W5500.a(CyLib.o)
 .debug_frame   0x00000fe0      0x1f8 .\CortexM3\ARM_GCC_541\Debug\test_W5500.a(cyPm.o)
 .debug_frame   0x000011d8       0x50 .\CortexM3\ARM_GCC_541\Debug\test_W5500.a(LED.o)
 .debug_frame   0x00001228      0x194 .\CortexM3\ARM_GCC_541\Debug\test_W5500.a(CyFlash.o)
 .debug_frame   0x000013bc      0x180 .\CortexM3\ARM_GCC_541\Debug\test_W5500.a(CySpc.o)
 .debug_frame   0x0000153c       0x20 c:/program files (x86)/cypress/psoc creator/4.2/psoc creator/import/gnu/arm/5.4.1/bin/../lib/gcc/arm-none-eabi/5.4.1/armv7-m\libgcc.a(_udivsi3.o)
 .debug_frame   0x0000155c       0x20 c:/program files (x86)/cypress/psoc creator/4.2/psoc creator/import/gnu/arm/5.4.1/bin/../lib/gcc/arm-none-eabi/5.4.1/../../../../arm-none-eabi/lib/armv7-m\libg_nano.a(lib_a-errno.o)
 .debug_frame   0x0000157c       0x28 c:/program files (x86)/cypress/psoc creator/4.2/psoc creator/import/gnu/arm/5.4.1/bin/../lib/gcc/arm-none-eabi/5.4.1/../../../../arm-none-eabi/lib/armv7-m\libg_nano.a(lib_a-exit.o)
 .debug_frame   0x000015a4       0x2c c:/program files (x86)/cypress/psoc creator/4.2/psoc creator/import/gnu/arm/5.4.1/bin/../lib/gcc/arm-none-eabi/5.4.1/../../../../arm-none-eabi/lib/armv7-m\libg_nano.a(lib_a-init.o)
 .debug_frame   0x000015d0       0x28 c:/program files (x86)/cypress/psoc creator/4.2/psoc creator/import/gnu/arm/5.4.1/bin/../lib/gcc/arm-none-eabi/5.4.1/../../../../arm-none-eabi/lib/armv7-m\libg_nano.a(lib_a-memcpy-stub.o)
 .debug_frame   0x000015f8       0x20 c:/program files (x86)/cypress/psoc creator/4.2/psoc creator/import/gnu/arm/5.4.1/bin/../lib/gcc/arm-none-eabi/5.4.1/../../../../arm-none-eabi/lib/armv7-m\libg_nano.a(lib_a-memset.o)

.debug_str      0x00000000     0x2568
 *(.debug_str)
 .debug_str     0x00000000      0x73b .\CortexM3\ARM_GCC_541\Debug\main.o
                                0x7b5 (size before relaxing)
 .debug_str     0x0000073b        0x8 .\CortexM3\ARM_GCC_541\Debug\W5500.o
                                0x167 (size before relaxing)
 .debug_str     0x00000743       0x56 .\CortexM3\ARM_GCC_541\Debug\udp.o
                                0x243 (size before relaxing)
 .debug_str     0x00000799        0x6 .\CortexM3\ARM_GCC_541\Debug\tcp.o
                                 0xcc (size before relaxing)
 .debug_str     0x0000079f      0x5d9 .\CortexM3\ARM_GCC_541\Debug\socket.o
                                0xc4d (size before relaxing)
 .debug_str     0x00000d78      0x1c5 .\CortexM3\ARM_GCC_541\Debug\hal_spi.o
                                0x6be (size before relaxing)
 .debug_str     0x00000f3d       0x1e .\CortexM3\ARM_GCC_541\Debug\common.o
                                0x644 (size before relaxing)
 .debug_str     0x00000f5b      0x1a8 .\CortexM3\ARM_GCC_541\Debug\cyfitter_cfg.o
                                0x33a (size before relaxing)
 .debug_str     0x00001103       0x75 .\CortexM3\ARM_GCC_541\Debug\cymetadata.o
                                0x1da (size before relaxing)
 .debug_str     0x00001178      0x13f .\CortexM3\ARM_GCC_541\Debug\Cm3Start.o
                                0x300 (size before relaxing)
 .debug_str     0x000012b7      0x21b .\CortexM3\ARM_GCC_541\Debug\test_W5500.a(SPI.o)
                                0x3e4 (size before relaxing)
 .debug_str     0x000014d2       0x4e .\CortexM3\ARM_GCC_541\Debug\test_W5500.a(SS.o)
                                0x1c9 (size before relaxing)
 .debug_str     0x00001520       0xc0 .\CortexM3\ARM_GCC_541\Debug\test_W5500.a(UART.o)
                                0x28d (size before relaxing)
 .debug_str     0x000015e0      0x17f .\CortexM3\ARM_GCC_541\Debug\test_W5500.a(SPI_IntClock.o)
                                0x320 (size before relaxing)
 .debug_str     0x0000175f      0x7fd .\CortexM3\ARM_GCC_541\Debug\test_W5500.a(CyLib.o)
                                0xa3d (size before relaxing)
 .debug_str     0x00001f5c      0x365 .\CortexM3\ARM_GCC_541\Debug\test_W5500.a(cyPm.o)
                                0x729 (size before relaxing)
 .debug_str     0x000022c1       0x47 .\CortexM3\ARM_GCC_541\Debug\test_W5500.a(LED.o)
                                0x1ce (size before relaxing)
 .debug_str     0x00002308      0x1b4 .\CortexM3\ARM_GCC_541\Debug\test_W5500.a(CyFlash.o)
                                0x3b6 (size before relaxing)
 .debug_str     0x000024bc       0xac .\CortexM3\ARM_GCC_541\Debug\test_W5500.a(CySpc.o)
                                0x32e (size before relaxing)

.debug_loc      0x00000000     0x2510
 *(.debug_loc)
 .debug_loc     0x00000000       0x2c .\CortexM3\ARM_GCC_541\Debug\main.o
 .debug_loc     0x0000002c       0x63 .\CortexM3\ARM_GCC_541\Debug\udp.o
 .debug_loc     0x0000008f      0x168 .\CortexM3\ARM_GCC_541\Debug\socket.o
 .debug_loc     0x000001f7      0x3d6 .\CortexM3\ARM_GCC_541\Debug\hal_spi.o
 .debug_loc     0x000005cd      0x148 .\CortexM3\ARM_GCC_541\Debug\common.o
 .debug_loc     0x00000715      0x25a .\CortexM3\ARM_GCC_541\Debug\cyfitter_cfg.o
 .debug_loc     0x0000096f      0x144 .\CortexM3\ARM_GCC_541\Debug\Cm3Start.o
 .debug_loc     0x00000ab3       0xfe .\CortexM3\ARM_GCC_541\Debug\test_W5500.a(SPI.o)
 .debug_loc     0x00000bb1       0x42 .\CortexM3\ARM_GCC_541\Debug\test_W5500.a(SS.o)
 .debug_loc     0x00000bf3      0x103 .\CortexM3\ARM_GCC_541\Debug\test_W5500.a(UART.o)
 .debug_loc     0x00000cf6      0x12c .\CortexM3\ARM_GCC_541\Debug\test_W5500.a(SPI_IntClock.o)
 .debug_loc     0x00000e22      0xa11 .\CortexM3\ARM_GCC_541\Debug\test_W5500.a(CyLib.o)
 .debug_loc     0x00001833      0x1e4 .\CortexM3\ARM_GCC_541\Debug\test_W5500.a(cyPm.o)
 .debug_loc     0x00001a17       0x42 .\CortexM3\ARM_GCC_541\Debug\test_W5500.a(LED.o)
 .debug_loc     0x00001a59      0x3b2 .\CortexM3\ARM_GCC_541\Debug\test_W5500.a(CyFlash.o)
 .debug_loc     0x00001e0b      0x705 .\CortexM3\ARM_GCC_541\Debug\test_W5500.a(CySpc.o)

.debug_macinfo
 *(.debug_macinfo)

.debug_ranges   0x00000000      0x750
 *(.debug_ranges)
 .debug_ranges  0x00000000       0x30 .\CortexM3\ARM_GCC_541\Debug\main.o
 .debug_ranges  0x00000030       0x20 .\CortexM3\ARM_GCC_541\Debug\udp.o
 .debug_ranges  0x00000050       0x50 .\CortexM3\ARM_GCC_541\Debug\socket.o
 .debug_ranges  0x000000a0       0x48 .\CortexM3\ARM_GCC_541\Debug\hal_spi.o
 .debug_ranges  0x000000e8       0x30 .\CortexM3\ARM_GCC_541\Debug\common.o
 .debug_ranges  0x00000118       0x48 .\CortexM3\ARM_GCC_541\Debug\cyfitter_cfg.o
 .debug_ranges  0x00000160       0x38 .\CortexM3\ARM_GCC_541\Debug\Cm3Start.o
 .debug_ranges  0x00000198       0xc8 .\CortexM3\ARM_GCC_541\Debug\test_W5500.a(SPI.o)
 .debug_ranges  0x00000260       0x28 .\CortexM3\ARM_GCC_541\Debug\test_W5500.a(SS.o)
 .debug_ranges  0x00000288       0x40 .\CortexM3\ARM_GCC_541\Debug\test_W5500.a(UART.o)
 .debug_ranges  0x000002c8       0x60 .\CortexM3\ARM_GCC_541\Debug\test_W5500.a(SPI_IntClock.o)
 .debug_ranges  0x00000328      0x290 .\CortexM3\ARM_GCC_541\Debug\test_W5500.a(CyLib.o)
 .debug_ranges  0x000005b8       0x88 .\CortexM3\ARM_GCC_541\Debug\test_W5500.a(cyPm.o)
 .debug_ranges  0x00000640       0x28 .\CortexM3\ARM_GCC_541\Debug\test_W5500.a(LED.o)
 .debug_ranges  0x00000668       0x78 .\CortexM3\ARM_GCC_541\Debug\test_W5500.a(CyFlash.o)
 .debug_ranges  0x000006e0       0x70 .\CortexM3\ARM_GCC_541\Debug\test_W5500.a(CySpc.o)

.comment        0x00000000       0x6e
 .comment       0x00000000       0x6e .\CortexM3\ARM_GCC_541\Debug\main.o
                                 0x6f (size before relaxing)
 .comment       0x0000006e       0x6f .\CortexM3\ARM_GCC_541\Debug\W5500.o
 .comment       0x0000006e       0x6f .\CortexM3\ARM_GCC_541\Debug\udp.o
 .comment       0x0000006e       0x6f .\CortexM3\ARM_GCC_541\Debug\tcp.o
 .comment       0x0000006e       0x6f .\CortexM3\ARM_GCC_541\Debug\socket.o
 .comment       0x0000006e       0x6f .\CortexM3\ARM_GCC_541\Debug\hal_spi.o
 .comment       0x0000006e       0x6f .\CortexM3\ARM_GCC_541\Debug\common.o
 .comment       0x0000006e       0x6f .\CortexM3\ARM_GCC_541\Debug\cyfitter_cfg.o
 .comment       0x0000006e       0x6f .\CortexM3\ARM_GCC_541\Debug\cymetadata.o
 .comment       0x0000006e       0x6f .\CortexM3\ARM_GCC_541\Debug\Cm3Start.o
 .comment       0x0000006e       0x6f .\CortexM3\ARM_GCC_541\Debug\test_W5500.a(SPI.o)
 .comment       0x0000006e       0x6f .\CortexM3\ARM_GCC_541\Debug\test_W5500.a(SS.o)
 .comment       0x0000006e       0x6f .\CortexM3\ARM_GCC_541\Debug\test_W5500.a(UART.o)
 .comment       0x0000006e       0x6f .\CortexM3\ARM_GCC_541\Debug\test_W5500.a(SPI_IntClock.o)
 .comment       0x0000006e       0x6f .\CortexM3\ARM_GCC_541\Debug\test_W5500.a(CyLib.o)
 .comment       0x0000006e       0x6f .\CortexM3\ARM_GCC_541\Debug\test_W5500.a(cyPm.o)
 .comment       0x0000006e       0x6f .\CortexM3\ARM_GCC_541\Debug\test_W5500.a(LED.o)
 .comment       0x0000006e       0x6f .\CortexM3\ARM_GCC_541\Debug\test_W5500.a(CyFlash.o)
 .comment       0x0000006e       0x6f .\CortexM3\ARM_GCC_541\Debug\test_W5500.a(CySpc.o)

.debug_weaknames
 *(.debug_weaknames)

.debug_funcnames
 *(.debug_funcnames)

.debug_typenames
 *(.debug_typenames)

.debug_varnames
 *(.debug_varnames)

.note.gnu.arm.ident
 *(.note.gnu.arm.ident)

.ARM.attributes
                0x00000000       0x29
 *(.ARM.attributes)
 .ARM.attributes
                0x00000000       0x1d c:/program files (x86)/cypress/psoc creator/4.2/psoc creator/import/gnu/arm/5.4.1/bin/../lib/gcc/arm-none-eabi/5.4.1/armv7-m/crti.o
 .ARM.attributes
                0x0000001d       0x2d c:/program files (x86)/cypress/psoc creator/4.2/psoc creator/import/gnu/arm/5.4.1/bin/../lib/gcc/arm-none-eabi/5.4.1/armv7-m/crtbegin.o
 .ARM.attributes
                0x0000004a       0x1b c:/program files (x86)/cypress/psoc creator/4.2/psoc creator/import/gnu/arm/5.4.1/bin/../lib/gcc/arm-none-eabi/5.4.1/../../../../arm-none-eabi/lib/armv7-m/crt0.o
 .ARM.attributes
                0x00000065       0x33 .\CortexM3\ARM_GCC_541\Debug\main.o
 .ARM.attributes
                0x00000098       0x33 .\CortexM3\ARM_GCC_541\Debug\W5500.o
 .ARM.attributes
                0x000000cb       0x33 .\CortexM3\ARM_GCC_541\Debug\udp.o
 .ARM.attributes
                0x000000fe       0x33 .\CortexM3\ARM_GCC_541\Debug\tcp.o
 .ARM.attributes
                0x00000131       0x33 .\CortexM3\ARM_GCC_541\Debug\socket.o
 .ARM.attributes
                0x00000164       0x33 .\CortexM3\ARM_GCC_541\Debug\hal_spi.o
 .ARM.attributes
                0x00000197       0x33 .\CortexM3\ARM_GCC_541\Debug\common.o
 .ARM.attributes
                0x000001ca       0x33 .\CortexM3\ARM_GCC_541\Debug\cyfitter_cfg.o
 .ARM.attributes
                0x000001fd       0x33 .\CortexM3\ARM_GCC_541\Debug\cymetadata.o
 .ARM.attributes
                0x00000230       0x33 .\CortexM3\ARM_GCC_541\Debug\Cm3Start.o
 .ARM.attributes
                0x00000263       0x33 .\CortexM3\ARM_GCC_541\Debug\test_W5500.a(SPI.o)
 .ARM.attributes
                0x00000296       0x33 .\CortexM3\ARM_GCC_541\Debug\test_W5500.a(SS.o)
 .ARM.attributes
                0x000002c9       0x33 .\CortexM3\ARM_GCC_541\Debug\test_W5500.a(UART.o)
 .ARM.attributes
                0x000002fc       0x33 .\CortexM3\ARM_GCC_541\Debug\test_W5500.a(SPI_IntClock.o)
 .ARM.attributes
                0x0000032f       0x33 .\CortexM3\ARM_GCC_541\Debug\test_W5500.a(CyLib.o)
 .ARM.attributes
                0x00000362       0x33 .\CortexM3\ARM_GCC_541\Debug\test_W5500.a(cyPm.o)
 .ARM.attributes
                0x00000395       0x33 .\CortexM3\ARM_GCC_541\Debug\test_W5500.a(LED.o)
 .ARM.attributes
                0x000003c8       0x21 .\CortexM3\ARM_GCC_541\Debug\test_W5500.a(UART_AsmGnu.o)
 .ARM.attributes
                0x000003e9       0x21 .\CortexM3\ARM_GCC_541\Debug\test_W5500.a(CyBootAsmGnu.o)
 .ARM.attributes
                0x0000040a       0x33 .\CortexM3\ARM_GCC_541\Debug\test_W5500.a(CyFlash.o)
 .ARM.attributes
                0x0000043d       0x33 .\CortexM3\ARM_GCC_541\Debug\test_W5500.a(CySpc.o)
 .ARM.attributes
                0x00000470       0x1d c:/program files (x86)/cypress/psoc creator/4.2/psoc creator/import/gnu/arm/5.4.1/bin/../lib/gcc/arm-none-eabi/5.4.1/armv7-m\libgcc.a(_udivsi3.o)
 .ARM.attributes
                0x0000048d       0x1d c:/program files (x86)/cypress/psoc creator/4.2/psoc creator/import/gnu/arm/5.4.1/bin/../lib/gcc/arm-none-eabi/5.4.1/armv7-m\libgcc.a(_dvmd_tls.o)
 .ARM.attributes
                0x000004aa       0x2d c:/program files (x86)/cypress/psoc creator/4.2/psoc creator/import/gnu/arm/5.4.1/bin/../lib/gcc/arm-none-eabi/5.4.1/../../../../arm-none-eabi/lib/armv7-m\libg_nano.a(lib_a-errno.o)
 .ARM.attributes
                0x000004d7       0x2d c:/program files (x86)/cypress/psoc creator/4.2/psoc creator/import/gnu/arm/5.4.1/bin/../lib/gcc/arm-none-eabi/5.4.1/../../../../arm-none-eabi/lib/armv7-m\libg_nano.a(lib_a-exit.o)
 .ARM.attributes
                0x00000504       0x2d c:/program files (x86)/cypress/psoc creator/4.2/psoc creator/import/gnu/arm/5.4.1/bin/../lib/gcc/arm-none-eabi/5.4.1/../../../../arm-none-eabi/lib/armv7-m\libg_nano.a(lib_a-impure.o)
 .ARM.attributes
                0x00000531       0x2d c:/program files (x86)/cypress/psoc creator/4.2/psoc creator/import/gnu/arm/5.4.1/bin/../lib/gcc/arm-none-eabi/5.4.1/../../../../arm-none-eabi/lib/armv7-m\libg_nano.a(lib_a-init.o)
 .ARM.attributes
                0x0000055e       0x2d c:/program files (x86)/cypress/psoc creator/4.2/psoc creator/import/gnu/arm/5.4.1/bin/../lib/gcc/arm-none-eabi/5.4.1/../../../../arm-none-eabi/lib/armv7-m\libg_nano.a(lib_a-memcpy-stub.o)
 .ARM.attributes
                0x0000058b       0x2d c:/program files (x86)/cypress/psoc creator/4.2/psoc creator/import/gnu/arm/5.4.1/bin/../lib/gcc/arm-none-eabi/5.4.1/../../../../arm-none-eabi/lib/armv7-m\libg_nano.a(lib_a-memset.o)
 .ARM.attributes
                0x000005b8       0x2d c:/program files (x86)/cypress/psoc creator/4.2/psoc creator/import/gnu/arm/5.4.1/bin/../lib/gcc/arm-none-eabi/5.4.1/armv7-m/crtend.o
 .ARM.attributes
                0x000005e5       0x1d c:/program files (x86)/cypress/psoc creator/4.2/psoc creator/import/gnu/arm/5.4.1/bin/../lib/gcc/arm-none-eabi/5.4.1/armv7-m/crtn.o

/DISCARD/
 *(.note.GNU-stack)
OUTPUT(C:\Users\d3bug\Documents\Creator\W5x00\test_W5500.cydsn\CortexM3\ARM_GCC_541\Debug\test_W5500.elf elf32-littlearm)
