Archive member included to satisfy reference by file (symbol)

.\CortexM3\ARM_GCC_541\Debug\test_print_remote_mac_ip_isr.a(SPI.o)
                              .\CortexM3\ARM_GCC_541\Debug\hal_spi.o (SPI_ReadTxStatus)
.\CortexM3\ARM_GCC_541\Debug\test_print_remote_mac_ip_isr.a(SS.o)
                              .\CortexM3\ARM_GCC_541\Debug\hal_spi.o (SS_Write)
.\CortexM3\ARM_GCC_541\Debug\test_print_remote_mac_ip_isr.a(UART.o)
                              .\CortexM3\ARM_GCC_541\Debug\main.o (UART_Start)
.\CortexM3\ARM_GCC_541\Debug\test_print_remote_mac_ip_isr.a(SPI_IntClock.o)
                              .\CortexM3\ARM_GCC_541\Debug\test_print_remote_mac_ip_isr.a(SPI.o) (SPI_IntClock_Start)
.\CortexM3\ARM_GCC_541\Debug\test_print_remote_mac_ip_isr.a(CyLib.o)
                              .\CortexM3\ARM_GCC_541\Debug\Cm3Start.o (CyHalt)
.\CortexM3\ARM_GCC_541\Debug\test_print_remote_mac_ip_isr.a(cyPm.o)
                              .\CortexM3\ARM_GCC_541\Debug\test_print_remote_mac_ip_isr.a(CyLib.o) (CyPmReadStatus)
.\CortexM3\ARM_GCC_541\Debug\test_print_remote_mac_ip_isr.a(LED.o)
                              .\CortexM3\ARM_GCC_541\Debug\main.o (LED_Write)
.\CortexM3\ARM_GCC_541\Debug\test_print_remote_mac_ip_isr.a(RST.o)
                              .\CortexM3\ARM_GCC_541\Debug\W5500.o (RST_Write)
.\CortexM3\ARM_GCC_541\Debug\test_print_remote_mac_ip_isr.a(W5500_ISR.o)
                              .\CortexM3\ARM_GCC_541\Debug\main.o (W5500_ISR_ClearInterrupt)
.\CortexM3\ARM_GCC_541\Debug\test_print_remote_mac_ip_isr.a(isr_W5500.o)
                              .\CortexM3\ARM_GCC_541\Debug\main.o (isr_W5500_StartEx)
.\CortexM3\ARM_GCC_541\Debug\test_print_remote_mac_ip_isr.a(UART_AsmGnu.o)
                              .\CortexM3\ARM_GCC_541\Debug\main.o (UART_PutChar)
.\CortexM3\ARM_GCC_541\Debug\test_print_remote_mac_ip_isr.a(CyBootAsmGnu.o)
                              .\CortexM3\ARM_GCC_541\Debug\cyfitter_cfg.o (CyDelayCycles)
.\CortexM3\ARM_GCC_541\Debug\test_print_remote_mac_ip_isr.a(CyFlash.o)
                              .\CortexM3\ARM_GCC_541\Debug\test_print_remote_mac_ip_isr.a(cyPm.o) (CyFlash_SetWaitCycles)
.\CortexM3\ARM_GCC_541\Debug\test_print_remote_mac_ip_isr.a(CySpc.o)
                              .\CortexM3\ARM_GCC_541\Debug\test_print_remote_mac_ip_isr.a(CyFlash.o) (CySpcStart)
c:/program files (x86)/cypress/psoc creator/4.2/psoc creator/import/gnu/arm/5.4.1/bin/../lib/gcc/arm-none-eabi/5.4.1/armv7-m\libgcc.a(_udivsi3.o)
                              .\CortexM3\ARM_GCC_541\Debug\test_print_remote_mac_ip_isr.a(UART_AsmGnu.o) (__aeabi_uidiv)
c:/program files (x86)/cypress/psoc creator/4.2/psoc creator/import/gnu/arm/5.4.1/bin/../lib/gcc/arm-none-eabi/5.4.1/armv7-m\libgcc.a(_dvmd_tls.o)
                              c:/program files (x86)/cypress/psoc creator/4.2/psoc creator/import/gnu/arm/5.4.1/bin/../lib/gcc/arm-none-eabi/5.4.1/armv7-m\libgcc.a(_udivsi3.o) (__aeabi_idiv0)
c:/program files (x86)/cypress/psoc creator/4.2/psoc creator/import/gnu/arm/5.4.1/bin/../lib/gcc/arm-none-eabi/5.4.1/../../../../arm-none-eabi/lib/armv7-m\libg_nano.a(lib_a-errno.o)
                              .\CortexM3\ARM_GCC_541\Debug\Cm3Start.o (__errno)
c:/program files (x86)/cypress/psoc creator/4.2/psoc creator/import/gnu/arm/5.4.1/bin/../lib/gcc/arm-none-eabi/5.4.1/../../../../arm-none-eabi/lib/armv7-m\libg_nano.a(lib_a-exit.o)
                              c:/program files (x86)/cypress/psoc creator/4.2/psoc creator/import/gnu/arm/5.4.1/bin/../lib/gcc/arm-none-eabi/5.4.1/../../../../arm-none-eabi/lib/armv7-m/crt0.o (exit)
c:/program files (x86)/cypress/psoc creator/4.2/psoc creator/import/gnu/arm/5.4.1/bin/../lib/gcc/arm-none-eabi/5.4.1/../../../../arm-none-eabi/lib/armv7-m\libg_nano.a(lib_a-impure.o)
                              c:/program files (x86)/cypress/psoc creator/4.2/psoc creator/import/gnu/arm/5.4.1/bin/../lib/gcc/arm-none-eabi/5.4.1/../../../../arm-none-eabi/lib/armv7-m\libg_nano.a(lib_a-exit.o) (_global_impure_ptr)
c:/program files (x86)/cypress/psoc creator/4.2/psoc creator/import/gnu/arm/5.4.1/bin/../lib/gcc/arm-none-eabi/5.4.1/../../../../arm-none-eabi/lib/armv7-m\libg_nano.a(lib_a-init.o)
                              c:/program files (x86)/cypress/psoc creator/4.2/psoc creator/import/gnu/arm/5.4.1/bin/../lib/gcc/arm-none-eabi/5.4.1/../../../../arm-none-eabi/lib/armv7-m/crt0.o (__libc_init_array)
c:/program files (x86)/cypress/psoc creator/4.2/psoc creator/import/gnu/arm/5.4.1/bin/../lib/gcc/arm-none-eabi/5.4.1/../../../../arm-none-eabi/lib/armv7-m\libg_nano.a(lib_a-memcpy-stub.o)
                              .\CortexM3\ARM_GCC_541\Debug\cyfitter_cfg.o (memcpy)
c:/program files (x86)/cypress/psoc creator/4.2/psoc creator/import/gnu/arm/5.4.1/bin/../lib/gcc/arm-none-eabi/5.4.1/../../../../arm-none-eabi/lib/armv7-m\libg_nano.a(lib_a-memset.o)
[...]
Memory Configuration

Name             Origin             Length             Attributes
rom              0x00000000         0x00040000         xr
ram              0x1fff8000         0x00010000         xrw
*default*        0x00000000         0xffffffff

Linker script and memory map

LOAD c:/program files (x86)/cypress/psoc creator/4.2/psoc creator/import/gnu/arm/5.4.1/bin/../lib/gcc/arm-none-eabi/5.4.1/armv7-m/crti.o
LOAD c:/program files (x86)/cypress/psoc creator/4.2/psoc creator/import/gnu/arm/5.4.1/bin/../lib/gcc/arm-none-eabi/5.4.1/armv7-m/crtbegin.o
LOAD c:/program files (x86)/cypress/psoc creator/4.2/psoc creator/import/gnu/arm/5.4.1/bin/../lib/gcc/arm-none-eabi/5.4.1/../../../../arm-none-eabi/lib/armv7-m/crt0.o
START GROUP
LOAD .\CortexM3\ARM_GCC_541\Debug\main.o
LOAD .\CortexM3\ARM_GCC_541\Debug\W5500.o
LOAD .\CortexM3\ARM_GCC_541\Debug\udp.o
LOAD .\CortexM3\ARM_GCC_541\Debug\tcp.o
LOAD .\CortexM3\ARM_GCC_541\Debug\socket.o
LOAD .\CortexM3\ARM_GCC_541\Debug\hal_spi.o
LOAD .\CortexM3\ARM_GCC_541\Debug\common.o
LOAD .\CortexM3\ARM_GCC_541\Debug\UTILS.o
LOAD .\CortexM3\ARM_GCC_541\Debug\cyfitter_cfg.o
LOAD .\CortexM3\ARM_GCC_541\Debug\cymetadata.o
LOAD .\CortexM3\ARM_GCC_541\Debug\Cm3Start.o
LOAD .\CortexM3\ARM_GCC_541\Debug\test_print_remote_mac_ip_isr.a
LOAD C:\Program Files (x86)\Cypress\PSoC Creator\4.2\PSoC Creator\psoc\content\cycomponentlibrary\CyComponentLibrary.cylib\CortexM3\ARM_GCC_541\Debug\CyComponentLibrary.a
END GROUP
START GROUP
LOAD c:/program files (x86)/cypress/psoc creator/4.2/psoc creator/import/gnu/arm/5.4.1/bin/../lib/gcc/arm-none-eabi/5.4.1/armv7-m\libgcc.a
LOAD c:/program files (x86)/cypress/psoc creator/4.2/psoc creator/import/gnu/arm/5.4.1/bin/../lib/gcc/arm-none-eabi/5.4.1/../../../../arm-none-eabi/lib/armv7-m\libg_nano.a
LOAD c:/program files (x86)/cypress/psoc creator/4.2/psoc creator/import/gnu/arm/5.4.1/bin/../lib/gcc/arm-none-eabi/5.4.1/../../../../arm-none-eabi/lib/armv7-m\libc_nano.a
END GROUP
START GROUP
LOAD c:/program files (x86)/cypress/psoc creator/4.2/psoc creator/import/gnu/arm/5.4.1/bin/../lib/gcc/arm-none-eabi/5.4.1/armv7-m\libgcc.a
LOAD c:/program files (x86)/cypress/psoc creator/4.2/psoc creator/import/gnu/arm/5.4.1/bin/../lib/gcc/arm-none-eabi/5.4.1/../../../../arm-none-eabi/lib/armv7-m\libc_nano.a
END GROUP
LOAD c:/program files (x86)/cypress/psoc creator/4.2/psoc creator/import/gnu/arm/5.4.1/bin/../lib/gcc/arm-none-eabi/5.4.1/armv7-m/crtend.o
LOAD c:/program files (x86)/cypress/psoc creator/4.2/psoc creator/import/gnu/arm/5.4.1/bin/../lib/gcc/arm-none-eabi/5.4.1/armv7-m/crtn.o
START GROUP
LOAD c:/program files (x86)/cypress/psoc creator/4.2/psoc creator/import/gnu/arm/5.4.1/bin/../lib/gcc/arm-none-eabi/5.4.1/armv7-m\libgcc.a
LOAD c:/program files (x86)/cypress/psoc creator/4.2/psoc creator/import/gnu/arm/5.4.1/bin/../lib/gcc/arm-none-eabi/5.4.1/../../../../arm-none-eabi/lib/armv7-m\libc.a
LOAD c:/program files (x86)/cypress/psoc creator/4.2/psoc creator/import/gnu/arm/5.4.1/bin/../lib/gcc/arm-none-eabi/5.4.1/../../../../arm-none-eabi/lib/armv7-m\libnosys.a
END GROUP
                0x00000000                CY_APPL_ORIGIN = 0x0
                0x00000100                CY_FLASH_ROW_SIZE = 0x100
                0x00000020                CY_ECC_ROW_SIZE = 0x20
                0x00000000                CY_EE_IN_BTLDR = 0x0
                0x00000000                CY_APPL_LOADABLE = 0x0
                0x00000800                CY_EE_SIZE = 0x800
                0x00000001                CY_APPL_NUM = 0x1
                0x00000001                CY_APPL_MAX = 0x1
                0x00000040                CY_METADATA_SIZE = 0x40
                0x00000000                CY_APPL_LOADABLE = 0x0
                0x00000000                CY_CHECKSUM_EXCLUDE_SIZE = ALIGN (0x0, CY_FLASH_ROW_SIZE)
                [!provide]                PROVIDE (__cy_heap_start, _end)
                0x00000001                PROVIDE (__cy_region_num, ((__cy_regions_end - __cy_regions) / 0x10))
                0x20008000                PROVIDE (__cy_stack, (ORIGIN (ram) + LENGTH (ram)))
                [!provide]                PROVIDE (__cy_heap_end, (__cy_stack - 0x800))

.cybootloader   0x00000000        0x0
 *(.cybootloader)
                0x00000000                appl1_start = CY_APPL_ORIGIN?CY_APPL_ORIGIN:ALIGN (CY_FLASH_ROW_SIZE)
                0x0001ff00                appl2_start = (appl1_start + ALIGN ((((LENGTH (rom) - appl1_start) - (0x2 * CY_FLASH_ROW_SIZE)) / 0x2), CY_FLASH_ROW_SIZE))
                0x00000000                appl_start = (CY_APPL_NUM == 0x1)?appl1_start:appl2_start
                0x00000000                ecc_offset = ((appl_start / CY_FLASH_ROW_SIZE) * CY_ECC_ROW_SIZE)
                0x00000000                ee_offset = (CY_APPL_LOADABLE && ! (CY_EE_IN_BTLDR))?((CY_EE_SIZE / CY_APPL_MAX) * (CY_APPL_NUM - 0x1)):0x0
                0x00000800                ee_size = (CY_APPL_LOADABLE && ! (CY_EE_IN_BTLDR))?(CY_EE_SIZE / CY_APPL_MAX):CY_EE_SIZE
                [!provide]                PROVIDE (CY_ECC_OFFSET, ecc_offset)

.text           0x00000000     0x1684
 CREATE_OBJECT_SYMBOLS
                0x00000000                PROVIDE (__cy_interrupt_vector, RomVectors)
 *(.romvectors)
 .romvectors    0x00000000       0x10 .\CortexM3\ARM_GCC_541\Debug\Cm3Start.o
                0x00000000                RomVectors
                0x00000001                ASSERT ((. != __cy_interrupt_vector), No interrupt vector)
                0x00000001                ASSERT (CY_APPL_ORIGIN?(SIZEOF (.cybootloader) <= CY_APPL_ORIGIN):0x1, Wrong image location)
                0x00000010                PROVIDE (__cy_reset, Reset)
 *(.text.Reset)
 .text.Reset    0x00000010       0x18 .\CortexM3\ARM_GCC_541\Debug\Cm3Start.o
                0x00000010                Reset
                0x00000001                ASSERT ((. != __cy_reset), No reset code)
 *(.dma_init)
                0x00000001                ASSERT ((((appl_start + .) <= 0x10000) || 0x1), DMA Init must be within the first 64k of flash)
 *(.text .text.* .gnu.linkonce.t.*)
 .text          0x00000028       0x5c c:/program files (x86)/cypress/psoc creator/4.2/psoc creator/import/gnu/arm/5.4.1/bin/../lib/gcc/arm-none-eabi/5.4.1/armv7-m/crtbegin.o
 .text.w5500_isr
                0x00000084       0x14 .\CortexM3\ARM_GCC_541\Debug\main.o
                0x00000084                w5500_isr
 .text.send_data
                0x00000098       0xb0 .\CortexM3\ARM_GCC_541\Debug\main.o
                0x00000098                send_data
 .text.wiz_init
                0x00000148       0x54 .\CortexM3\ARM_GCC_541\Debug\main.o
                0x00000148                wiz_init
 .text.handle_connection
                0x0000019c       0x10 .\CortexM3\ARM_GCC_541\Debug\main.o
                0x0000019c                handle_connection
 .text.handle_disconnection
                0x000001ac       0x38 .\CortexM3\ARM_GCC_541\Debug\main.o
                0x000001ac                handle_disconnection
 .text.handle_data
                0x000001e4       0x60 .\CortexM3\ARM_GCC_541\Debug\main.o
                0x000001e4                handle_data
 .text.main     0x00000244      0x194 .\CortexM3\ARM_GCC_541\Debug\main.o
                0x00000244                main
 .text.wiz_soft_reset
                0x000003d8       0x10 .\CortexM3\ARM_GCC_541\Debug\W5500.o
                0x000003d8                wiz_soft_reset
 .text.wiz_tcp_init_server
                0x000003e8       0x24 .\CortexM3\ARM_GCC_541\Debug\tcp.o
                0x000003e8                wiz_tcp_init_server
 .text.W5500_socket_init
                0x0000040c       0x58 .\CortexM3\ARM_GCC_541\Debug\socket.o
                0x0000040c                W5500_socket_init
 .text.W5500_socket_set_port
                0x00000464       0x24 .\CortexM3\ARM_GCC_541\Debug\socket.o
                0x00000464                W5500_socket_set_port
 .text.W5500_socket_cmd
                0x00000488       0x1c .\CortexM3\ARM_GCC_541\Debug\socket.o
                0x00000488                W5500_socket_cmd
 .text.W5500_socket_tx_write_ptr
                0x000004a4       0x20 .\CortexM3\ARM_GCC_541\Debug\socket.o
                0x000004a4                W5500_socket_tx_write_ptr
 .text.W5500_socket_tx_update_write_ptr
                0x000004c4       0x1c .\CortexM3\ARM_GCC_541\Debug\socket.o
                0x000004c4                W5500_socket_tx_update_write_ptr
 .text.W5500_socket_rx_rcv_size
                0x000004e0       0x20 .\CortexM3\ARM_GCC_541\Debug\socket.o
                0x000004e0                W5500_socket_rx_rcv_size
 .text.W5500_socket_rx_read_ptr
                0x00000500       0x20 .\CortexM3\ARM_GCC_541\Debug\socket.o
                0x00000500                W5500_socket_rx_read_ptr
 .text.W5500_socket_rx_update_read_ptr
                0x00000520       0x24 .\CortexM3\ARM_GCC_541\Debug\socket.o
                0x00000520                W5500_socket_rx_update_read_ptr
 .text.W5500_socket_write
                0x00000544        0xc .\CortexM3\ARM_GCC_541\Debug\socket.o
                0x00000544                W5500_socket_write
 .text.W5500_socket_read
                0x00000550        0xc .\CortexM3\ARM_GCC_541\Debug\socket.o
                0x00000550                W5500_socket_read
 .text.W5500_socket_set_imr
                0x0000055c       0x10 .\CortexM3\ARM_GCC_541\Debug\socket.o
                0x0000055c                W5500_socket_set_imr
 .text.W5500_socket_get_interrupt
                0x0000056c        0xc .\CortexM3\ARM_GCC_541\Debug\socket.o
                0x0000056c                W5500_socket_get_interrupt
 .text.W5500_spi_read
                0x00000578       0x70 .\CortexM3\ARM_GCC_541\Debug\hal_spi.o
                0x00000578                W5500_spi_read
 .text.W5500_spi_write
                0x000005e8       0x70 .\CortexM3\ARM_GCC_541\Debug\hal_spi.o
                0x000005e8                W5500_spi_write
 .text.W5500_spi_read_byte
                0x00000658       0x64 .\CortexM3\ARM_GCC_541\Debug\hal_spi.o
                0x00000658                W5500_spi_read_byte
 .text.W5500_spi_write_byte
                0x000006bc       0x64 .\CortexM3\ARM_GCC_541\Debug\hal_spi.o
                0x000006bc                W5500_spi_write_byte
 .text.CyClockStartupError
                0x00000720        0x4 .\CortexM3\ARM_GCC_541\Debug\cyfitter_cfg.o
 .text.cfg_write_bytes32
                0x00000724       0x34 .\CortexM3\ARM_GCC_541\Debug\cyfitter_cfg.o
 .text.AnalogSetDefault
                0x00000758       0x28 .\CortexM3\ARM_GCC_541\Debug\cyfitter_cfg.o
 .text.CYMEMZERO
                0x00000780        0xc .\CortexM3\ARM_GCC_541\Debug\cyfitter_cfg.o
 .text.ClockSetup
                0x0000078c       0xb8 .\CortexM3\ARM_GCC_541\Debug\cyfitter_cfg.o
 .text.CYCONFIGCPY
                0x00000844        0x8 .\CortexM3\ARM_GCC_541\Debug\cyfitter_cfg.o
 .text.cyfitter_cfg
                0x0000084c      0x110 .\CortexM3\ARM_GCC_541\Debug\cyfitter_cfg.o
                0x0000084c                cyfitter_cfg
 .text.IntDefaultHandler
                0x0000095c       0x10 .\CortexM3\ARM_GCC_541\Debug\Cm3Start.o
                0x0000095c                IntDefaultHandler
 .text._sbrk    0x0000096c       0x30 .\CortexM3\ARM_GCC_541\Debug\Cm3Start.o
                0x0000096c                _sbrk
 .text.Start_c  0x0000099c       0x4c .\CortexM3\ARM_GCC_541\Debug\Cm3Start.o
                0x0000099c                Start_c
 .text.initialize_psoc
                0x000009e8       0x68 .\CortexM3\ARM_GCC_541\Debug\Cm3Start.o
                0x000009e8                initialize_psoc
 .text.SPI_Enable
                0x00000a50       0x34 .\CortexM3\ARM_GCC_541\Debug\test_print_remote_mac_ip_isr.a(SPI.o)
                0x00000a50                SPI_Enable
 .text.SPI_ReadTxStatus
                0x00000a84        0xc .\CortexM3\ARM_GCC_541\Debug\test_print_remote_mac_ip_isr.a(SPI.o)
                0x00000a84                SPI_ReadTxStatus
 .text.SPI_ReadRxStatus
                0x00000a90        0xc .\CortexM3\ARM_GCC_541\Debug\test_print_remote_mac_ip_isr.a(SPI.o)
                0x00000a90                SPI_ReadRxStatus
 .text.SPI_WriteTxData
                0x00000a9c       0x18 .\CortexM3\ARM_GCC_541\Debug\test_print_remote_mac_ip_isr.a(SPI.o)
                0x00000a9c                SPI_WriteTxData
 .text.SPI_ReadRxData
                0x00000ab4        0xc .\CortexM3\ARM_GCC_541\Debug\test_print_remote_mac_ip_isr.a(SPI.o)
                0x00000ab4                SPI_ReadRxData
 .text.SPI_ClearFIFO
                0x00000ac0       0x3c .\CortexM3\ARM_GCC_541\Debug\test_print_remote_mac_ip_isr.a(SPI.o)
                0x00000ac0                SPI_ClearFIFO
 .text.SPI_Init
                0x00000afc       0x28 .\CortexM3\ARM_GCC_541\Debug\test_print_remote_mac_ip_isr.a(SPI.o)
                0x00000afc                SPI_Init
 .text.SPI_Start
                0x00000b24       0x1c .\CortexM3\ARM_GCC_541\Debug\test_print_remote_mac_ip_isr.a(SPI.o)
                0x00000b24                SPI_Start
 .text.SS_Write
                0x00000b40       0x18 .\CortexM3\ARM_GCC_541\Debug\test_print_remote_mac_ip_isr.a(SS.o)
                0x00000b40                SS_Write
 .text.UART_Start
                0x00000b58        0x4 .\CortexM3\ARM_GCC_541\Debug\test_print_remote_mac_ip_isr.a(UART.o)
                0x00000b58                UART_Start
 .text.UART_PutString
                0x00000b5c       0x1c .\CortexM3\ARM_GCC_541\Debug\test_print_remote_mac_ip_isr.a(UART.o)
                0x00000b5c                UART_PutString
 .text.SPI_IntClock_Start
                0x00000b78       0x1c .\CortexM3\ARM_GCC_541\Debug\test_print_remote_mac_ip_isr.a(SPI_IntClock.o)
                0x00000b78                SPI_IntClock_Start
 .text.CyDelay  0x00000b94       0x2c .\CortexM3\ARM_GCC_541\Debug\test_print_remote_mac_ip_isr.a(CyLib.o)
                0x00000b94                CyDelay
 .text.LED_Write
                0x00000bc0       0x18 .\CortexM3\ARM_GCC_541\Debug\test_print_remote_mac_ip_isr.a(LED.o)
                0x00000bc0                LED_Write
 .text.LED_Read
                0x00000bd8       0x10 .\CortexM3\ARM_GCC_541\Debug\test_print_remote_mac_ip_isr.a(LED.o)
                0x00000bd8                LED_Read
 .text.W5500_ISR_ClearInterrupt
                0x00000be8       0x10 .\CortexM3\ARM_GCC_541\Debug\test_print_remote_mac_ip_isr.a(W5500_ISR.o)
                0x00000be8                W5500_ISR_ClearInterrupt
 .text.isr_W5500_SetVector
                0x00000bf8        0xc .\CortexM3\ARM_GCC_541\Debug\test_print_remote_mac_ip_isr.a(isr_W5500.o)
                0x00000bf8                isr_W5500_SetVector
 .text.isr_W5500_SetPriority
                0x00000c04       0x10 .\CortexM3\ARM_GCC_541\Debug\test_print_remote_mac_ip_isr.a(isr_W5500.o)
                0x00000c04                isr_W5500_SetPriority
 .text.isr_W5500_Enable
                0x00000c14       0x10 .\CortexM3\ARM_GCC_541\Debug\test_print_remote_mac_ip_isr.a(isr_W5500.o)
                0x00000c14                isr_W5500_Enable
 .text.isr_W5500_Disable
                0x00000c24       0x10 .\CortexM3\ARM_GCC_541\Debug\test_print_remote_mac_ip_isr.a(isr_W5500.o)
                0x00000c24                isr_W5500_Disable
 .text.isr_W5500_StartEx
                0x00000c34       0x1c .\CortexM3\ARM_GCC_541\Debug\test_print_remote_mac_ip_isr.a(isr_W5500.o)
                0x00000c34                isr_W5500_StartEx
 .text          0x00000c50       0xac .\CortexM3\ARM_GCC_541\Debug\test_print_remote_mac_ip_isr.a(UART_AsmGnu.o)
                0x00000c50                UART_PutChar
 *fill*         0x00000cfc        0x4 
 .text          0x00000d00       0x20 .\CortexM3\ARM_GCC_541\Debug\test_print_remote_mac_ip_isr.a(CyBootAsmGnu.o)
                0x00000d00                CyDelayCycles
                0x00000d10                CyEnterCriticalSection
                0x00000d18                CyExitCriticalSection
 .text          0x00000d20       0x24 c:/program files (x86)/cypress/psoc creator/4.2/psoc creator/import/gnu/arm/5.4.1/bin/../lib/gcc/arm-none-eabi/5.4.1/armv7-m\libgcc.a(_udivsi3.o)
                0x00000d20                __aeabi_uidiv
                0x00000d20                __udivsi3
                0x00000d34                __aeabi_uidivmod
 .text          0x00000d44        0x4 c:/program files (x86)/cypress/psoc creator/4.2/psoc creator/import/gnu/arm/5.4.1/bin/../lib/gcc/arm-none-eabi/5.4.1/armv7-m\libgcc.a(_dvmd_tls.o)
                0x00000d44                __aeabi_idiv0
                0x00000d44                __aeabi_ldiv0
 .text.__errno  0x00000d48        0xc c:/program files (x86)/cypress/psoc creator/4.2/psoc creator/import/gnu/arm/5.4.1/bin/../lib/gcc/arm-none-eabi/5.4.1/../../../../arm-none-eabi/lib/armv7-m\libg_nano.a(lib_a-errno.o)
                0x00000d48                __errno
 .text.__libc_init_array
                0x00000d54       0x4c c:/program files (x86)/cypress/psoc creator/4.2/psoc creator/import/gnu/arm/5.4.1/bin/../lib/gcc/arm-none-eabi/5.4.1/../../../../arm-none-eabi/lib/armv7-m\libg_nano.a(lib_a-init.o)
                0x00000d54                __libc_init_array
 .text.memcpy   0x00000da0       0x16 c:/program files (x86)/cypress/psoc creator/4.2/psoc creator/import/gnu/arm/5.4.1/bin/../lib/gcc/arm-none-eabi/5.4.1/../../../../arm-none-eabi/lib/armv7-m\libg_nano.a(lib_a-memcpy-stub.o)
                0x00000da0                memcpy
 .text.memset   0x00000db6       0x10 c:/program files (x86)/cypress/psoc creator/4.2/psoc creator/import/gnu/arm/5.4.1/bin/../lib/gcc/arm-none-eabi/5.4.1/../../../../arm-none-eabi/lib/armv7-m\libg_nano.a(lib_a-memset.o)
                0x00000db6                memset
 *fill*         0x00000dc6        0x2 
 .text.snprintf
                0x00000dc8       0x64 c:/program files (x86)/cypress/psoc creator/4.2/psoc creator/import/gnu/arm/5.4.1/bin/../lib/gcc/arm-none-eabi/5.4.1/../../../../arm-none-eabi/lib/armv7-m\libg_nano.a(lib_a-snprintf.o)
                0x00000dc8                sniprintf
                0x00000dc8                snprintf
 .text.sprintf  0x00000e2c       0x48 c:/program files (x86)/cypress/psoc creator/4.2/psoc creator/import/gnu/arm/5.4.1/bin/../lib/gcc/arm-none-eabi/5.4.1/../../../../arm-none-eabi/lib/armv7-m\libg_nano.a(lib_a-sprintf.o)
                0x00000e2c                siprintf
                0x00000e2c                sprintf
 .text          0x00000e74       0x10 c:/program files (x86)/cypress/psoc creator/4.2/psoc creator/import/gnu/arm/5.4.1/bin/../lib/gcc/arm-none-eabi/5.4.1/../../../../arm-none-eabi/lib/armv7-m\libg_nano.a(lib_a-strlen.o)
                0x00000e74                strlen
 .text.__ssputs_r
                0x00000e84       0xb2 c:/program files (x86)/cypress/psoc creator/4.2/psoc creator/import/gnu/arm/5.4.1/bin/../lib/gcc/arm-none-eabi/5.4.1/../../../../arm-none-eabi/lib/armv7-m\libg_nano.a(lib_a-nano-svfprintf.o)
                0x00000e84                __ssputs_r
 *fill*         0x00000f36        0x2 
 .text._svfprintf_r
                0x00000f38      0x1e8 c:/program files (x86)/cypress/psoc creator/4.2/psoc creator/import/gnu/arm/5.4.1/bin/../lib/gcc/arm-none-eabi/5.4.1/../../../../arm-none-eabi/lib/armv7-m\libg_nano.a(lib_a-nano-svfprintf.o)
                0x00000f38                _svfiprintf_r
                0x00000f38                _svfprintf_r
 .text._printf_common
                0x00001120       0xec c:/program files (x86)/cypress/psoc creator/4.2/psoc creator/import/gnu/arm/5.4.1/bin/../lib/gcc/arm-none-eabi/5.4.1/../../../../arm-none-eabi/lib/armv7-m\libg_nano.a(lib_a-nano-vfprintf_i.o)
                0x00001120                _printf_common
 .text._printf_i
                0x0000120c      0x24c c:/program files (x86)/cypress/psoc creator/4.2/psoc creator/import/gnu/arm/5.4.1/bin/../lib/gcc/arm-none-eabi/5.4.1/../../../../arm-none-eabi/lib/armv7-m\libg_nano.a(lib_a-nano-vfprintf_i.o)
                0x0000120c                _printf_i
 .text.memchr   0x00001458       0x1c c:/program files (x86)/cypress/psoc creator/4.2/psoc creator/import/gnu/arm/5.4.1/bin/../lib/gcc/arm-none-eabi/5.4.1/../../../../arm-none-eabi/lib/armv7-m\libg_nano.a(lib_a-memchr-stub.o)
                0x00001458                memchr
 .text.memmove  0x00001474       0x36 c:/program files (x86)/cypress/psoc creator/4.2/psoc creator/import/gnu/arm/5.4.1/bin/../lib/gcc/arm-none-eabi/5.4.1/../../../../arm-none-eabi/lib/armv7-m\libg_nano.a(lib_a-memmove.o)
                0x00001474                memmove
 *fill*         0x000014aa        0x2 
 .text._free_r  0x000014ac       0x98 c:/program files (x86)/cypress/psoc creator/4.2/psoc creator/import/gnu/arm/5.4.1/bin/../lib/gcc/arm-none-eabi/5.4.1/../../../../arm-none-eabi/lib/armv7-m\libg_nano.a(lib_a-nano-freer.o)
                0x000014ac                _free_r
 .text._malloc_r
                0x00001544       0xbc c:/program files (x86)/cypress/psoc creator/4.2/psoc creator/import/gnu/arm/5.4.1/bin/../lib/gcc/arm-none-eabi/5.4.1/../../../../arm-none-eabi/lib/armv7-m\libg_nano.a(lib_a-nano-mallocr.o)
                0x00001544                _malloc_r
 .text._realloc_r
                0x00001600       0x4c c:/program files (x86)/cypress/psoc creator/4.2/psoc creator/import/gnu/arm/5.4.1/bin/../lib/gcc/arm-none-eabi/5.4.1/../../../../arm-none-eabi/lib/armv7-m\libg_nano.a(lib_a-nano-reallocr.o)
                0x00001600                _realloc_r
 .text._sbrk_r  0x0000164c       0x20 c:/program files (x86)/cypress/psoc creator/4.2/psoc creator/import/gnu/arm/5.4.1/bin/../lib/gcc/arm-none-eabi/5.4.1/../../../../arm-none-eabi/lib/armv7-m\libg_nano.a(lib_a-sbrkr.o)
                0x0000164c                _sbrk_r
 .text.__malloc_lock
                0x0000166c        0x2 c:/program files (x86)/cypress/psoc creator/4.2/psoc creator/import/gnu/arm/5.4.1/bin/../lib/gcc/arm-none-eabi/5.4.1/../../../../arm-none-eabi/lib/armv7-m\libg_nano.a(lib_a-mlock.o)
                0x0000166c                __malloc_lock
 .text.__malloc_unlock
                0x0000166e        0x2 c:/program files (x86)/cypress/psoc creator/4.2/psoc creator/import/gnu/arm/5.4.1/bin/../lib/gcc/arm-none-eabi/5.4.1/../../../../arm-none-eabi/lib/armv7-m\libg_nano.a(lib_a-mlock.o)
                0x0000166e                __malloc_unlock
 .text._malloc_usable_size_r
                0x00001670       0x14 c:/program files (x86)/cypress/psoc creator/4.2/psoc creator/import/gnu/arm/5.4.1/bin/../lib/gcc/arm-none-eabi/5.4.1/../../../../arm-none-eabi/lib/armv7-m\libg_nano.a(lib_a-nano-msizer.o)
                0x00001670                _malloc_usable_size_r
 *(.plt)
 *(.gnu.warning)
 *(.glue_7t)
 .glue_7t       0x00001684        0x0 linker stubs
 *(.glue_7)
 .glue_7        0x00001684        0x0 linker stubs
 *(.vfp11_veneer)
 .vfp11_veneer  0x00001684        0x0 linker stubs
 *(.bootloader)
 *(.ARM.extab* .gnu.linkonce.armextab.*)
 *(.gcc_except_table)

.v4_bx          0x00001684        0x0
 .v4_bx         0x00001684        0x0 linker stubs

.iplt           0x00001684        0x0
 .iplt          0x00001684        0x0 c:/program files (x86)/cypress/psoc creator/4.2/psoc creator/import/gnu/arm/5.4.1/bin/../lib/gcc/arm-none-eabi/5.4.1/armv7-m/crtbegin.o

.eh_frame_hdr
 *(.eh_frame_hdr)

.eh_frame       0x00001684        0x4
 *(.eh_frame)
 .eh_frame      0x00001684        0x0 c:/program files (x86)/cypress/psoc creator/4.2/psoc creator/import/gnu/arm/5.4.1/bin/../lib/gcc/arm-none-eabi/5.4.1/armv7-m/crtbegin.o
 .eh_frame      0x00001684        0x4 c:/program files (x86)/cypress/psoc creator/4.2/psoc creator/import/gnu/arm/5.4.1/bin/../lib/gcc/arm-none-eabi/5.4.1/armv7-m/crtend.o
                [!provide]                PROVIDE (__exidx_start, .)

.ARM.exidx
 *(.ARM.exidx* .gnu.linkonce.armexidx.*)
                0x00001688                __exidx_end = .

.rodata         0x00001688      0x238
 *(.rodata .rodata.* .gnu.linkonce.r.*)
 .rodata        0x00001688       0x14 .\CortexM3\ARM_GCC_541\Debug\main.o
 .rodata.str1.4
                0x0000169c      0x174 .\CortexM3\ARM_GCC_541\Debug\main.o
 .rodata        0x00001810       0x42 .\CortexM3\ARM_GCC_541\Debug\cyfitter_cfg.o
 .rodata.str1.1
                0x00001852        0x2 c:/program files (x86)/cypress/psoc creator/4.2/psoc creator/import/gnu/arm/5.4.1/bin/../lib/gcc/arm-none-eabi/5.4.1/../../../../arm-none-eabi/lib/armv7-m\libg_nano.a(lib_a-impure.o)
 .rodata.str1.1
                0x00001854       0x11 c:/program files (x86)/cypress/psoc creator/4.2/psoc creator/import/gnu/arm/5.4.1/bin/../lib/gcc/arm-none-eabi/5.4.1/../../../../arm-none-eabi/lib/armv7-m\libg_nano.a(lib_a-nano-svfprintf.o)
 .rodata.str1.1
                0x00001865       0x22 c:/program files (x86)/cypress/psoc creator/4.2/psoc creator/import/gnu/arm/5.4.1/bin/../lib/gcc/arm-none-eabi/5.4.1/../../../../arm-none-eabi/lib/armv7-m\libg_nano.a(lib_a-nano-vfprintf_i.o)
                0x00001888                . = ALIGN (0x4)
 *fill*         0x00001887        0x1 
 *(.init)
 .init          0x00001888        0x4 c:/program files (x86)/cypress/psoc creator/4.2/psoc creator/import/gnu/arm/5.4.1/bin/../lib/gcc/arm-none-eabi/5.4.1/armv7-m/crti.o
                0x00001888                _init
 .init          0x0000188c        0x8 c:/program files (x86)/cypress/psoc creator/4.2/psoc creator/import/gnu/arm/5.4.1/bin/../lib/gcc/arm-none-eabi/5.4.1/armv7-m/crtn.o
                0x00001894                . = ALIGN (0x4)
                0x00001894                __preinit_array_start = .
 *(.preinit_array)
                0x00001894                __preinit_array_end = .
                0x00001894                . = ALIGN (0x4)
                0x00001894                __init_array_start = .
 *(SORT(.init_array.*))
 *(.init_array)
 .init_array    0x00001894        0x4 c:/program files (x86)/cypress/psoc creator/4.2/psoc creator/import/gnu/arm/5.4.1/bin/../lib/gcc/arm-none-eabi/5.4.1/armv7-m/crtbegin.o
 .init_array    0x00001898        0x4 .\CortexM3\ARM_GCC_541\Debug\Cm3Start.o
                0x0000189c                __init_array_end = .
                0x0000189c                . = ALIGN (0x4)
 *(.fini)
 .fini          0x0000189c        0x4 c:/program files (x86)/cypress/psoc creator/4.2/psoc creator/import/gnu/arm/5.4.1/bin/../lib/gcc/arm-none-eabi/5.4.1/armv7-m/crti.o
                0x0000189c                _fini
 .fini          0x000018a0        0x8 c:/program files (x86)/cypress/psoc creator/4.2/psoc creator/import/gnu/arm/5.4.1/bin/../lib/gcc/arm-none-eabi/5.4.1/armv7-m/crtn.o
                0x000018a8                . = ALIGN (0x4)
                0x000018a8                __fini_array_start = .
 *(.fini_array)
 .fini_array    0x000018a8        0x4 c:/program files (x86)/cypress/psoc creator/4.2/psoc creator/import/gnu/arm/5.4.1/bin/../lib/gcc/arm-none-eabi/5.4.1/armv7-m/crtbegin.o
 *(SORT(.fini_array.*))
                0x000018ac                __fini_array_end = .
                0x000018ac                . = ALIGN (0x4)
 *crtbegin.o(.ctors)
 *(EXCLUDE_FILE(*crtend.o) .ctors)
 *(SORT(.ctors.*))
 *crtend.o(.ctors)
                0x000018ac                . = ALIGN (0x4)
 *crtbegin.o(.dtors)
 *(EXCLUDE_FILE(*crtend.o) .dtors)
 *(SORT(.dtors.*))
 *crtend.o(.dtors)
                0x000018ac                . = ALIGN (0x4)
                0x000018ac                __cy_regions = .
                0x000018ac        0x4 LONG 0x18c0 __cy_region_init_ram
                0x000018b0        0x4 LONG 0x1fff80c8 __cy_region_start_data
                0x000018b4        0x4 LONG 0xe8 __cy_region_init_size_ram
                0x000018b8        0x4 LONG 0x838 __cy_region_zero_size_ram
                0x000018bc                __cy_regions_end = .
                0x000018c0                . = ALIGN (0x8)
 *fill*         0x000018bc        0x4 
                0x000018c0                _etext = .

.cy_checksum_exclude
                0x000018c0        0x0
 *(.cy_checksum_exclude)

.ramvectors     0x1fff8000       0xc0
                0x1fff8000                __cy_region_start_ram = .
 *(.ramvectors)
 .ramvectors    0x1fff8000       0xc0 .\CortexM3\ARM_GCC_541\Debug\Cm3Start.o
                0x1fff8000                CyRamVectors

.noinit         0x1fff80c0        0x1
 *(.noinit)
 .noinit        0x1fff80c0        0x1 .\CortexM3\ARM_GCC_541\Debug\test_print_remote_mac_ip_isr.a(CyLib.o)
                0x1fff80c0                CyResetStatus

.data           0x1fff80c8       0xe8 load address 0x000018c0
                0x1fff80c8                __cy_region_start_data = .
 *(.jcr)
 .jcr           0x1fff80c8        0x0 c:/program files (x86)/cypress/psoc creator/4.2/psoc creator/import/gnu/arm/5.4.1/bin/../lib/gcc/arm-none-eabi/5.4.1/armv7-m/crtbegin.o
 .jcr           0x1fff80c8        0x4 c:/program files (x86)/cypress/psoc creator/4.2/psoc creator/import/gnu/arm/5.4.1/bin/../lib/gcc/arm-none-eabi/5.4.1/armv7-m/crtend.o
 *(.got.plt)
 *(.got)
 *(.shdata)
 *(.data .data.* .gnu.linkonce.d.*)
 .data          0x1fff80cc       0x60 .\CortexM3\ARM_GCC_541\Debug\socket.o
                0x1fff80cc                _skt
 .data          0x1fff812c        0x4 .\CortexM3\ARM_GCC_541\Debug\Cm3Start.o
 .data          0x1fff8130        0xc .\CortexM3\ARM_GCC_541\Debug\test_print_remote_mac_ip_isr.a(UART.o)
                0x1fff8130                UART_pinDrAdress
                0x1fff8134                UART_pinPortNumber
                0x1fff8138                UART_pinNumber
 .data          0x1fff813c       0x10 .\CortexM3\ARM_GCC_541\Debug\test_print_remote_mac_ip_isr.a(CyLib.o)
                0x1fff813c                cydelay_32k_ms
                0x1fff8140                cydelay_freq_khz
                0x1fff8144                cydelay_freq_mhz
                0x1fff8148                cydelay_freq_hz
 .data.impure_data
                0x1fff814c       0x60 c:/program files (x86)/cypress/psoc creator/4.2/psoc creator/import/gnu/arm/5.4.1/bin/../lib/gcc/arm-none-eabi/5.4.1/../../../../arm-none-eabi/lib/armv7-m\libg_nano.a(lib_a-impure.o)
 .data._impure_ptr
                0x1fff81ac        0x4 c:/program files (x86)/cypress/psoc creator/4.2/psoc creator/import/gnu/arm/5.4.1/bin/../lib/gcc/arm-none-eabi/5.4.1/../../../../arm-none-eabi/lib/armv7-m\libg_nano.a(lib_a-impure.o)
                0x1fff81ac                _impure_ptr
                0x1fff81b0                . = ALIGN (0x8)
 *(.ram)
                0x1fff81b0                _edata = .

.igot.plt       0x1fff81b0        0x0 load address 0x000019a8
 .igot.plt      0x1fff81b0        0x0 c:/program files (x86)/cypress/psoc creator/4.2/psoc creator/import/gnu/arm/5.4.1/bin/../lib/gcc/arm-none-eabi/5.4.1/armv7-m/crtbegin.o

.bss            0x1fff81b0      0x838 load address 0x000019a8
                0x1fff81b0                PROVIDE (__bss_start__, .)
 *(.shbss)
 *(.bss .bss.* .gnu.linkonce.b.*)
 .bss           0x1fff81b0       0x1c c:/program files (x86)/cypress/psoc creator/4.2/psoc creator/import/gnu/arm/5.4.1/bin/../lib/gcc/arm-none-eabi/5.4.1/armv7-m/crtbegin.o
 .bss           0x1fff81cc      0x409 .\CortexM3\ARM_GCC_541\Debug\main.o
                0x1fff81cc                w5500_interrupt_flag
                0x1fff81d0                tcp_server
                0x1fff81d4                data
                0x1fff85d4                sir_sts
 .bss           0x1fff85d5        0x1 .\CortexM3\ARM_GCC_541\Debug\test_print_remote_mac_ip_isr.a(SPI.o)
                0x1fff85d5                SPI_initVar
 *fill*         0x1fff85d6        0x2 
 .bss.__malloc_sbrk_start
                0x1fff85d8        0x4 c:/program files (x86)/cypress/psoc creator/4.2/psoc creator/import/gnu/arm/5.4.1/bin/../lib/gcc/arm-none-eabi/5.4.1/../../../../arm-none-eabi/lib/armv7-m\libg_nano.a(lib_a-nano-mallocr.o)
                0x1fff85d8                __malloc_sbrk_start
 .bss.__malloc_free_list
                0x1fff85dc        0x4 c:/program files (x86)/cypress/psoc creator/4.2/psoc creator/import/gnu/arm/5.4.1/bin/../lib/gcc/arm-none-eabi/5.4.1/../../../../arm-none-eabi/lib/armv7-m\libg_nano.a(lib_a-nano-mallocr.o)
                0x1fff85dc                __malloc_free_list
 *(COMMON)
 COMMON         0x1fff85e0      0x400 .\CortexM3\ARM_GCC_541\Debug\main.o
                0x1fff85e0                data_str
 COMMON         0x1fff89e0        0x4 c:/program files (x86)/cypress/psoc creator/4.2/psoc creator/import/gnu/arm/5.4.1/bin/../lib/gcc/arm-none-eabi/5.4.1/../../../../arm-none-eabi/lib/armv7-m\libg_nano.a(lib_a-reent.o)
                0x1fff89e0                errno
                0x1fff89e8                . = ALIGN (0x8)
 *fill*         0x1fff89e4        0x4 
 *(.ram.b)
                0x1fff89e8                _end = .
                0x1fff89e8                __end = .
                0x1fff89e8                PROVIDE (end, .)
                0x1fff89e8                PROVIDE (__bss_end__, .)
                0x000018c0                __cy_region_init_ram = LOADADDR (.data)
                0x000000e8                __cy_region_init_size_ram = (_edata - ADDR (.data))
                0x00000838                __cy_region_zero_size_ram = (_end - _edata)

.heap           0x1fff89e8       0x80 load address 0x000019a8
                0x1fff89e8                . = _end
                0x1fff8a68                . = (. + 0x80)
 *fill*         0x1fff89e8       0x80 
                0x1fff8a68                __cy_heap_limit = .

.stack          0x20007800      0x800
                0x20007800                __cy_stack_limit = .
                0x20008000                . = (. + 0x800)
 *fill*         0x20007800      0x800 
                0x00000001                ASSERT ((__cy_stack_limit >= __cy_heap_limit), region RAM overflowed with stack)
                0x00000000                cy_checksum_exclude_size = (CY_APPL_LOADABLE == 0x1)?SIZEOF (.cy_checksum_exclude):0x0
                0x00000001                ASSERT ((cy_checksum_exclude_size <= CY_CHECKSUM_EXCLUDE_SIZE), CY_BOOT: Section .cy_checksum_exclude size exceedes specified limit.)

.cyloadermeta
 *(.cyloadermeta)

.cyloadablemeta
 *(.cyloadablemeta)

.cyconfigecc    0x80000000      0x1f4
 *(.cyconfigecc)
 .cyconfigecc   0x80000000      0x1f4 .\CortexM3\ARM_GCC_541\Debug\cymetadata.o
                0x80000000                cy_meta_configecc

.cycustnvl      0x90000000        0x4
 *(.cycustnvl)
 .cycustnvl     0x90000000        0x4 .\CortexM3\ARM_GCC_541\Debug\cymetadata.o
                0x90000000                cy_meta_custnvl

.cywolatch      0x90100000        0x4
 *(.cywolatch)
 .cywolatch     0x90100000        0x4 .\CortexM3\ARM_GCC_541\Debug\cymetadata.o
                0x90100000                cy_meta_wonvl

.cyeeprom       0x90200000        0x0
 *(.cyeeprom)
                0x00000001                ASSERT ((. <= ((0x90200000 + ee_offset) + ee_size)), .cyeeprom data will not fit in EEPROM)

.cyflashprotect
                0x90400000      0x100
 *(.cyflashprotect)
 .cyflashprotect
                0x90400000      0x100 .\CortexM3\ARM_GCC_541\Debug\cymetadata.o
                0x90400000                cy_meta_flashprotect

.cymeta         0x90500000        0xc
 *(.cymeta)
 .cymeta        0x90500000        0xc .\CortexM3\ARM_GCC_541\Debug\cymetadata.o
                0x90500000                cy_metadata

.rel.dyn        0x000019a8        0x0 load address 0x9050000c
 .rel.iplt      0x000019a8        0x0 c:/program files (x86)/cypress/psoc creator/4.2/psoc creator/import/gnu/arm/5.4.1/bin/../lib/gcc/arm-none-eabi/5.4.1/armv7-m/crtbegin.o

.stab
 *(.stab)

.stabstr
 *(.stabstr)

.debug
 *(.debug)

.line
 *(.line)

.debug_srcinfo
 *(.debug_srcinfo)

.debug_sfnames
 *(.debug_sfnames)

.debug_aranges  0x00000000      0xa60
 *(.debug_aranges)
 .debug_aranges
                0x00000000       0x50 .\CortexM3\ARM_GCC_541\Debug\main.o
 .debug_aranges
                0x00000050       0x28 .\CortexM3\ARM_GCC_541\Debug\W5500.o
 .debug_aranges
                0x00000078       0x30 .\CortexM3\ARM_GCC_541\Debug\udp.o
 .debug_aranges
                0x000000a8       0x20 .\CortexM3\ARM_GCC_541\Debug\tcp.o
 .debug_aranges
                0x000000c8       0xe0 .\CortexM3\ARM_GCC_541\Debug\socket.o
 .debug_aranges
                0x000001a8       0x38 .\CortexM3\ARM_GCC_541\Debug\hal_spi.o
 .debug_aranges
                0x000001e0       0x28 .\CortexM3\ARM_GCC_541\Debug\common.o
 .debug_aranges
                0x00000208       0x18 .\CortexM3\ARM_GCC_541\Debug\UTILS.o
 .debug_aranges
                0x00000220       0x58 .\CortexM3\ARM_GCC_541\Debug\cyfitter_cfg.o
 .debug_aranges
                0x00000278       0x18 .\CortexM3\ARM_GCC_541\Debug\cymetadata.o
 .debug_aranges
                0x00000290       0x48 .\CortexM3\ARM_GCC_541\Debug\Cm3Start.o
 .debug_aranges
                0x000002d8       0xd8 .\CortexM3\ARM_GCC_541\Debug\test_print_remote_mac_ip_isr.a(SPI.o)
 .debug_aranges
                0x000003b0       0x38 .\CortexM3\ARM_GCC_541\Debug\test_print_remote_mac_ip_isr.a(SS.o)
 .debug_aranges
                0x000003e8       0x50 .\CortexM3\ARM_GCC_541\Debug\test_print_remote_mac_ip_isr.a(UART.o)
 .debug_aranges
                0x00000438       0x70 .\CortexM3\ARM_GCC_541\Debug\test_print_remote_mac_ip_isr.a(SPI_IntClock.o)
 .debug_aranges
                0x000004a8      0x2a0 .\CortexM3\ARM_GCC_541\Debug\test_print_remote_mac_ip_isr.a(CyLib.o)
 .debug_aranges
                0x00000748       0x98 .\CortexM3\ARM_GCC_541\Debug\test_print_remote_mac_ip_isr.a(cyPm.o)
 .debug_aranges
                0x000007e0       0x38 .\CortexM3\ARM_GCC_541\Debug\test_print_remote_mac_ip_isr.a(LED.o)
 .debug_aranges
                0x00000818       0x38 .\CortexM3\ARM_GCC_541\Debug\test_print_remote_mac_ip_isr.a(RST.o)
 .debug_aranges
                0x00000850       0x48 .\CortexM3\ARM_GCC_541\Debug\test_print_remote_mac_ip_isr.a(W5500_ISR.o)
 .debug_aranges
                0x00000898       0x80 .\CortexM3\ARM_GCC_541\Debug\test_print_remote_mac_ip_isr.a(isr_W5500.o)
 .debug_aranges
                0x00000918       0x20 .\CortexM3\ARM_GCC_541\Debug\test_print_remote_mac_ip_isr.a(UART_AsmGnu.o)
 .debug_aranges
                0x00000938       0x20 .\CortexM3\ARM_GCC_541\Debug\test_print_remote_mac_ip_isr.a(CyBootAsmGnu.o)
 .debug_aranges
                0x00000958       0x88 .\CortexM3\ARM_GCC_541\Debug\test_print_remote_mac_ip_isr.a(CyFlash.o)
 .debug_aranges
                0x000009e0       0x80 .\CortexM3\ARM_GCC_541\Debug\test_print_remote_mac_ip_isr.a(CySpc.o)

.debug_pubnames
 *(.debug_pubnames)

.debug_info     0x00000000     0x721e
 *(.debug_info .gnu.linkonce.wi.*)
 .debug_info    0x00000000      0xc23 .\CortexM3\ARM_GCC_541\Debug\main.o
 .debug_info    0x00000c23      0x2a5 .\CortexM3\ARM_GCC_541\Debug\W5500.o
 .debug_info    0x00000ec8      0x2d3 .\CortexM3\ARM_GCC_541\Debug\udp.o
 .debug_info    0x0000119b      0x236 .\CortexM3\ARM_GCC_541\Debug\tcp.o
 .debug_info    0x000013d1      0xf44 .\CortexM3\ARM_GCC_541\Debug\socket.o
 .debug_info    0x00002315      0x601 .\CortexM3\ARM_GCC_541\Debug\hal_spi.o
 .debug_info    0x00002916      0x209 .\CortexM3\ARM_GCC_541\Debug\common.o
 .debug_info    0x00002b1f       0x6b .\CortexM3\ARM_GCC_541\Debug\UTILS.o
 .debug_info    0x00002b8a      0x595 .\CortexM3\ARM_GCC_541\Debug\cyfitter_cfg.o
 .debug_info    0x0000311f      0x135 .\CortexM3\ARM_GCC_541\Debug\cymetadata.o
 .debug_info    0x00003254      0x3bb .\CortexM3\ARM_GCC_541\Debug\Cm3Start.o
 .debug_info    0x0000360f      0x4bb .\CortexM3\ARM_GCC_541\Debug\test_print_remote_mac_ip_isr.a(SPI.o)
 .debug_info    0x00003aca      0x11f .\CortexM3\ARM_GCC_541\Debug\test_print_remote_mac_ip_isr.a(SS.o)
 .debug_info    0x00003be9      0x2c4 .\CortexM3\ARM_GCC_541\Debug\test_print_remote_mac_ip_isr.a(UART.o)
 .debug_info    0x00003ead      0x283 .\CortexM3\ARM_GCC_541\Debug\test_print_remote_mac_ip_isr.a(SPI_IntClock.o)
 .debug_info    0x00004130     0x1374 .\CortexM3\ARM_GCC_541\Debug\test_print_remote_mac_ip_isr.a(CyLib.o)
 .debug_info    0x000054a4      0xa2a .\CortexM3\ARM_GCC_541\Debug\test_print_remote_mac_ip_isr.a(cyPm.o)
 .debug_info    0x00005ece      0x11f .\CortexM3\ARM_GCC_541\Debug\test_print_remote_mac_ip_isr.a(LED.o)
 .debug_info    0x00005fed      0x11f .\CortexM3\ARM_GCC_541\Debug\test_print_remote_mac_ip_isr.a(RST.o)
 .debug_info    0x0000610c      0x174 .\CortexM3\ARM_GCC_541\Debug\test_print_remote_mac_ip_isr.a(W5500_ISR.o)
 .debug_info    0x00006280      0x2d2 .\CortexM3\ARM_GCC_541\Debug\test_print_remote_mac_ip_isr.a(isr_W5500.o)
 .debug_info    0x00006552       0x97 .\CortexM3\ARM_GCC_541\Debug\test_print_remote_mac_ip_isr.a(UART_AsmGnu.o)
 .debug_info    0x000065e9       0x98 .\CortexM3\ARM_GCC_541\Debug\test_print_remote_mac_ip_isr.a(CyBootAsmGnu.o)
 .debug_info    0x00006681      0x64d .\CortexM3\ARM_GCC_541\Debug\test_print_remote_mac_ip_isr.a(CyFlash.o)
 .debug_info    0x00006cce      0x550 .\CortexM3\ARM_GCC_541\Debug\test_print_remote_mac_ip_isr.a(CySpc.o)

.debug_abbrev   0x00000000     0x1c89
 *(.debug_abbrev)
 .debug_abbrev  0x00000000      0x19a .\CortexM3\ARM_GCC_541\Debug\main.o
 .debug_abbrev  0x0000019a       0xc8 .\CortexM3\ARM_GCC_541\Debug\W5500.o
 .debug_abbrev  0x00000262      0x135 .\CortexM3\ARM_GCC_541\Debug\udp.o
 .debug_abbrev  0x00000397       0xd0 .\CortexM3\ARM_GCC_541\Debug\tcp.o
 .debug_abbrev  0x00000467      0x273 .\CortexM3\ARM_GCC_541\Debug\socket.o
 .debug_abbrev  0x000006da      0x153 .\CortexM3\ARM_GCC_541\Debug\hal_spi.o
 .debug_abbrev  0x0000082d      0x13e .\CortexM3\ARM_GCC_541\Debug\common.o
 .debug_abbrev  0x0000096b       0x26 .\CortexM3\ARM_GCC_541\Debug\UTILS.o
 .debug_abbrev  0x00000991      0x20d .\CortexM3\ARM_GCC_541\Debug\cyfitter_cfg.o
 .debug_abbrev  0x00000b9e       0x66 .\CortexM3\ARM_GCC_541\Debug\cymetadata.o
 .debug_abbrev  0x00000c04      0x1e8 .\CortexM3\ARM_GCC_541\Debug\Cm3Start.o
 .debug_abbrev  0x00000dec      0x146 .\CortexM3\ARM_GCC_541\Debug\test_print_remote_mac_ip_isr.a(SPI.o)
 .debug_abbrev  0x00000f32       0x90 .\CortexM3\ARM_GCC_541\Debug\test_print_remote_mac_ip_isr.a(SS.o)
 .debug_abbrev  0x00000fc2      0x109 .\CortexM3\ARM_GCC_541\Debug\test_print_remote_mac_ip_isr.a(UART.o)
 .debug_abbrev  0x000010cb      0x139 .\CortexM3\ARM_GCC_541\Debug\test_print_remote_mac_ip_isr.a(SPI_IntClock.o)
 .debug_abbrev  0x00001204      0x254 .\CortexM3\ARM_GCC_541\Debug\test_print_remote_mac_ip_isr.a(CyLib.o)
 .debug_abbrev  0x00001458      0x1ab .\CortexM3\ARM_GCC_541\Debug\test_print_remote_mac_ip_isr.a(cyPm.o)
 .debug_abbrev  0x00001603       0x90 .\CortexM3\ARM_GCC_541\Debug\test_print_remote_mac_ip_isr.a(LED.o)
 .debug_abbrev  0x00001693       0x90 .\CortexM3\ARM_GCC_541\Debug\test_print_remote_mac_ip_isr.a(RST.o)
 .debug_abbrev  0x00001723       0x90 .\CortexM3\ARM_GCC_541\Debug\test_print_remote_mac_ip_isr.a(W5500_ISR.o)
 .debug_abbrev  0x000017b3      0x173 .\CortexM3\ARM_GCC_541\Debug\test_print_remote_mac_ip_isr.a(isr_W5500.o)
 .debug_abbrev  0x00001926       0x14 .\CortexM3\ARM_GCC_541\Debug\test_print_remote_mac_ip_isr.a(UART_AsmGnu.o)
 .debug_abbrev  0x0000193a       0x14 .\CortexM3\ARM_GCC_541\Debug\test_print_remote_mac_ip_isr.a(CyBootAsmGnu.o)
 .debug_abbrev  0x0000194e      0x1a7 .\CortexM3\ARM_GCC_541\Debug\test_print_remote_mac_ip_isr.a(CyFlash.o)
 .debug_abbrev  0x00001af5      0x194 .\CortexM3\ARM_GCC_541\Debug\test_print_remote_mac_ip_isr.a(CySpc.o)

.debug_line     0x00000000     0x2ed3
 *(.debug_line)
 .debug_line    0x00000000      0x311 .\CortexM3\ARM_GCC_541\Debug\main.o
 .debug_line    0x00000311      0x197 .\CortexM3\ARM_GCC_541\Debug\W5500.o
 .debug_line    0x000004a8      0x16d .\CortexM3\ARM_GCC_541\Debug\udp.o
 .debug_line    0x00000615      0x14c .\CortexM3\ARM_GCC_541\Debug\tcp.o
 .debug_line    0x00000761      0x3d7 .\CortexM3\ARM_GCC_541\Debug\socket.o
 .debug_line    0x00000b38      0x2db .\CortexM3\ARM_GCC_541\Debug\hal_spi.o
 .debug_line    0x00000e13      0x204 .\CortexM3\ARM_GCC_541\Debug\common.o
 .debug_line    0x00001017       0x1d .\CortexM3\ARM_GCC_541\Debug\UTILS.o
 .debug_line    0x00001034      0x1f3 .\CortexM3\ARM_GCC_541\Debug\cyfitter_cfg.o
 .debug_line    0x00001227      0x141 .\CortexM3\ARM_GCC_541\Debug\cymetadata.o
 .debug_line    0x00001368      0x234 .\CortexM3\ARM_GCC_541\Debug\Cm3Start.o
 .debug_line    0x0000159c      0x241 .\CortexM3\ARM_GCC_541\Debug\test_print_remote_mac_ip_isr.a(SPI.o)
 .debug_line    0x000017dd       0x8f .\CortexM3\ARM_GCC_541\Debug\test_print_remote_mac_ip_isr.a(SS.o)
 .debug_line    0x0000186c       0xe6 .\CortexM3\ARM_GCC_541\Debug\test_print_remote_mac_ip_isr.a(UART.o)
 .debug_line    0x00001952      0x17b .\CortexM3\ARM_GCC_541\Debug\test_print_remote_mac_ip_isr.a(SPI_IntClock.o)
 .debug_line    0x00001acd      0x816 .\CortexM3\ARM_GCC_541\Debug\test_print_remote_mac_ip_isr.a(CyLib.o)
 .debug_line    0x000022e3      0x367 .\CortexM3\ARM_GCC_541\Debug\test_print_remote_mac_ip_isr.a(cyPm.o)
 .debug_line    0x0000264a       0x90 .\CortexM3\ARM_GCC_541\Debug\test_print_remote_mac_ip_isr.a(LED.o)
 .debug_line    0x000026da       0x90 .\CortexM3\ARM_GCC_541\Debug\test_print_remote_mac_ip_isr.a(RST.o)
 .debug_line    0x0000276a       0xba .\CortexM3\ARM_GCC_541\Debug\test_print_remote_mac_ip_isr.a(W5500_ISR.o)
 .debug_line    0x00002824      0x136 .\CortexM3\ARM_GCC_541\Debug\test_print_remote_mac_ip_isr.a(isr_W5500.o)
 .debug_line    0x0000295a       0x99 .\CortexM3\ARM_GCC_541\Debug\test_print_remote_mac_ip_isr.a(UART_AsmGnu.o)
 .debug_line    0x000029f3       0x66 .\CortexM3\ARM_GCC_541\Debug\test_print_remote_mac_ip_isr.a(CyBootAsmGnu.o)
 .debug_line    0x00002a59      0x21a .\CortexM3\ARM_GCC_541\Debug\test_print_remote_mac_ip_isr.a(CyFlash.o)
 .debug_line    0x00002c73      0x260 .\CortexM3\ARM_GCC_541\Debug\test_print_remote_mac_ip_isr.a(CySpc.o)

.debug_frame    0x00000000     0x1db8
 *(.debug_frame)
 .debug_frame   0x00000000       0xec .\CortexM3\ARM_GCC_541\Debug\main.o
 .debug_frame   0x000000ec       0x48 .\CortexM3\ARM_GCC_541\Debug\W5500.o
 .debug_frame   0x00000134       0x50 .\CortexM3\ARM_GCC_541\Debug\udp.o
 .debug_frame   0x00000184       0x30 .\CortexM3\ARM_GCC_541\Debug\tcp.o
 .debug_frame   0x000001b4      0x2cc .\CortexM3\ARM_GCC_541\Debug\socket.o
 .debug_frame   0x00000480       0xa4 .\CortexM3\ARM_GCC_541\Debug\hal_spi.o
 .debug_frame   0x00000524       0x48 .\CortexM3\ARM_GCC_541\Debug\common.o
 .debug_frame   0x0000056c       0xe4 .\CortexM3\ARM_GCC_541\Debug\cyfitter_cfg.o
 .debug_frame   0x00000650       0xb8 .\CortexM3\ARM_GCC_541\Debug\Cm3Start.o
 .debug_frame   0x00000708      0x1e8 .\CortexM3\ARM_GCC_541\Debug\test_print_remote_mac_ip_isr.a(SPI.o)
 .debug_frame   0x000008f0       0x50 .\CortexM3\ARM_GCC_541\Debug\test_print_remote_mac_ip_isr.a(SS.o)
 .debug_frame   0x00000940       0xc8 .\CortexM3\ARM_GCC_541\Debug\test_print_remote_mac_ip_isr.a(UART.o)
 .debug_frame   0x00000a08       0xe0 .\CortexM3\ARM_GCC_541\Debug\test_print_remote_mac_ip_isr.a(SPI_IntClock.o)
 .debug_frame   0x00000ae8      0x738 .\CortexM3\ARM_GCC_541\Debug\test_print_remote_mac_ip_isr.a(CyLib.o)
 .debug_frame   0x00001220      0x1f8 .\CortexM3\ARM_GCC_541\Debug\test_print_remote_mac_ip_isr.a(cyPm.o)
 .debug_frame   0x00001418       0x50 .\CortexM3\ARM_GCC_541\Debug\test_print_remote_mac_ip_isr.a(LED.o)
 .debug_frame   0x00001468       0x50 .\CortexM3\ARM_GCC_541\Debug\test_print_remote_mac_ip_isr.a(RST.o)
 .debug_frame   0x000014b8       0x70 .\CortexM3\ARM_GCC_541\Debug\test_print_remote_mac_ip_isr.a(W5500_ISR.o)
 .debug_frame   0x00001528      0x104 .\CortexM3\ARM_GCC_541\Debug\test_print_remote_mac_ip_isr.a(isr_W5500.o)
 .debug_frame   0x0000162c      0x194 .\CortexM3\ARM_GCC_541\Debug\test_print_remote_mac_ip_isr.a(CyFlash.o)
 .debug_frame   0x000017c0      0x180 .\CortexM3\ARM_GCC_541\Debug\test_print_remote_mac_ip_isr.a(CySpc.o)
 .debug_frame   0x00001940       0x20 c:/program files (x86)/cypress/psoc creator/4.2/psoc creator/import/gnu/arm/5.4.1/bin/../lib/gcc/arm-none-eabi/5.4.1/armv7-m\libgcc.a(_udivsi3.o)
 .debug_frame   0x00001960       0x20 c:/program files (x86)/cypress/psoc creator/4.2/psoc creator/import/gnu/arm/5.4.1/bin/../lib/gcc/arm-none-eabi/5.4.1/../../../../arm-none-eabi/lib/armv7-m\libg_nano.a(lib_a-errno.o)
 .debug_frame   0x00001980       0x28 c:/program files (x86)/cypress/psoc creator/4.2/psoc creator/import/gnu/arm/5.4.1/bin/../lib/gcc/arm-none-eabi/5.4.1/../../../../arm-none-eabi/lib/armv7-m\libg_nano.a(lib_a-exit.o)
 .debug_frame   0x000019a8       0x2c c:/program files (x86)/cypress/psoc creator/4.2/psoc creator/import/gnu/arm/5.4.1/bin/../lib/gcc/arm-none-eabi/5.4.1/../../../../arm-none-eabi/lib/armv7-m\libg_nano.a(lib_a-init.o)
 .debug_frame   0x000019d4       0x28 c:/program files (x86)/cypress/psoc creator/4.2/psoc creator/import/gnu/arm/5.4.1/bin/../lib/gcc/arm-none-eabi/5.4.1/../../../../arm-none-eabi/lib/armv7-m\libg_nano.a(lib_a-memcpy-stub.o)
 .debug_frame   0x000019fc       0x20 c:/program files (x86)/cypress/psoc creator/4.2/psoc creator/import/gnu/arm/5.4.1/bin/../lib/gcc/arm-none-eabi/5.4.1/../../../../arm-none-eabi/lib/armv7-m\libg_nano.a(lib_a-memset.o)
 .debug_frame   0x00001a1c       0x74 c:/program files (x86)/cypress/psoc creator/4.2/psoc creator/import/gnu/arm/5.4.1/bin/../lib/gcc/arm-none-eabi/5.4.1/../../../../arm-none-eabi/lib/armv7-m\libg_nano.a(lib_a-snprintf.o)
 .debug_frame   0x00001a90       0x70 c:/program files (x86)/cypress/psoc creator/4.2/psoc creator/import/gnu/arm/5.4.1/bin/../lib/gcc/arm-none-eabi/5.4.1/../../../../arm-none-eabi/lib/armv7-m\libg_nano.a(lib_a-sprintf.o)
 .debug_frame   0x00001b00       0x90 c:/program files (x86)/cypress/psoc creator/4.2/psoc creator/import/gnu/arm/5.4.1/bin/../lib/gcc/arm-none-eabi/5.4.1/../../../../arm-none-eabi/lib/armv7-m\libg_nano.a(lib_a-nano-svfprintf.o)
 .debug_frame   0x00001b90       0x60 c:/program files (x86)/cypress/psoc creator/4.2/psoc creator/import/gnu/arm/5.4.1/bin/../lib/gcc/arm-none-eabi/5.4.1/../../../../arm-none-eabi/lib/armv7-m\libg_nano.a(lib_a-nano-vfprintf_i.o)
 .debug_frame   0x00001bf0       0x28 c:/program files (x86)/cypress/psoc creator/4.2/psoc creator/import/gnu/arm/5.4.1/bin/../lib/gcc/arm-none-eabi/5.4.1/../../../../arm-none-eabi/lib/armv7-m\libg_nano.a(lib_a-memchr-stub.o)
 .debug_frame   0x00001c18       0x28 c:/program files (x86)/cypress/psoc creator/4.2/psoc creator/import/gnu/arm/5.4.1/bin/../lib/gcc/arm-none-eabi/5.4.1/../../../../arm-none-eabi/lib/armv7-m\libg_nano.a(lib_a-memmove.o)
 .debug_frame   0x00001c40       0x38 c:/program files (x86)/cypress/psoc creator/4.2/psoc creator/import/gnu/arm/5.4.1/bin/../lib/gcc/arm-none-eabi/5.4.1/../../../../arm-none-eabi/lib/armv7-m\libg_nano.a(lib_a-nano-freer.o)
 .debug_frame   0x00001c78       0x2c c:/program files (x86)/cypress/psoc creator/4.2/psoc creator/import/gnu/arm/5.4.1/bin/../lib/gcc/arm-none-eabi/5.4.1/../../../../arm-none-eabi/lib/armv7-m\libg_nano.a(lib_a-nano-mallocr.o)
 .debug_frame   0x00001ca4       0x3c c:/program files (x86)/cypress/psoc creator/4.2/psoc creator/import/gnu/arm/5.4.1/bin/../lib/gcc/arm-none-eabi/5.4.1/../../../../arm-none-eabi/lib/armv7-m\libg_nano.a(lib_a-nano-reallocr.o)
 .debug_frame   0x00001ce0       0x2c c:/program files (x86)/cypress/psoc creator/4.2/psoc creator/import/gnu/arm/5.4.1/bin/../lib/gcc/arm-none-eabi/5.4.1/../../../../arm-none-eabi/lib/armv7-m\libg_nano.a(lib_a-sbrkr.o)
 .debug_frame   0x00001d0c       0x30 c:/program files (x86)/cypress/psoc creator/4.2/psoc creator/import/gnu/arm/5.4.1/bin/../lib/gcc/arm-none-eabi/5.4.1/../../../../arm-none-eabi/lib/armv7-m\libg_nano.a(lib_a-mlock.o)
 .debug_frame   0x00001d3c       0x20 c:/program files (x86)/cypress/psoc creator/4.2/psoc creator/import/gnu/arm/5.4.1/bin/../lib/gcc/arm-none-eabi/5.4.1/../../../../arm-none-eabi/lib/armv7-m\libg_nano.a(lib_a-nano-msizer.o)
 .debug_frame   0x00001d5c       0x5c c:/program files (x86)/cypress/psoc creator/4.2/psoc creator/import/gnu/arm/5.4.1/bin/../lib/gcc/arm-none-eabi/5.4.1/../../../../arm-none-eabi/lib/armv7-m\libg_nano.a(lib_a-reent.o)

.debug_str      0x00000000     0x290e
 *(.debug_str)
 .debug_str     0x00000000      0xa26 .\CortexM3\ARM_GCC_541\Debug\main.o
                                0xa8d (size before relaxing)
 .debug_str     0x00000a26       0x19 .\CortexM3\ARM_GCC_541\Debug\W5500.o
                                0x6d8 (size before relaxing)
 .debug_str     0x00000a3f      0x13b .\CortexM3\ARM_GCC_541\Debug\udp.o
                                0x358 (size before relaxing)
 .debug_str     0x00000b7a        0x6 .\CortexM3\ARM_GCC_541\Debug\tcp.o
                                0x3c7 (size before relaxing)
 .debug_str     0x00000b80      0x3db .\CortexM3\ARM_GCC_541\Debug\socket.o
                                0xd50 (size before relaxing)
 .debug_str     0x00000f5b      0x16f .\CortexM3\ARM_GCC_541\Debug\hal_spi.o
                                0x3a2 (size before relaxing)
 .debug_str     0x000010ca       0x44 .\CortexM3\ARM_GCC_541\Debug\common.o
                                0x281 (size before relaxing)
 .debug_str     0x0000110e        0x8 .\CortexM3\ARM_GCC_541\Debug\UTILS.o
                                0x16d (size before relaxing)
 .debug_str     0x00001116      0x1a1 .\CortexM3\ARM_GCC_541\Debug\cyfitter_cfg.o
                                0x34c (size before relaxing)
 .debug_str     0x000012b7       0x75 .\CortexM3\ARM_GCC_541\Debug\cymetadata.o
                                0x1ec (size before relaxing)
 .debug_str     0x0000132c      0x13f .\CortexM3\ARM_GCC_541\Debug\Cm3Start.o
                                0x312 (size before relaxing)
 .debug_str     0x0000146b      0x214 .\CortexM3\ARM_GCC_541\Debug\test_print_remote_mac_ip_isr.a(SPI.o)
                                0x3f6 (size before relaxing)
 .debug_str     0x0000167f       0x53 .\CortexM3\ARM_GCC_541\Debug\test_print_remote_mac_ip_isr.a(SS.o)
                                0x1db (size before relaxing)
 .debug_str     0x000016d2       0xdd .\CortexM3\ARM_GCC_541\Debug\test_print_remote_mac_ip_isr.a(UART.o)
                                0x29f (size before relaxing)
 .debug_str     0x000017af      0x17f .\CortexM3\ARM_GCC_541\Debug\test_print_remote_mac_ip_isr.a(SPI_IntClock.o)
                                0x332 (size before relaxing)
 .debug_str     0x0000192e      0x7f7 .\CortexM3\ARM_GCC_541\Debug\test_print_remote_mac_ip_isr.a(CyLib.o)
                                0xa4f (size before relaxing)
 .debug_str     0x00002125      0x365 .\CortexM3\ARM_GCC_541\Debug\test_print_remote_mac_ip_isr.a(cyPm.o)
                                0x73b (size before relaxing)
 .debug_str     0x0000248a       0x3e .\CortexM3\ARM_GCC_541\Debug\test_print_remote_mac_ip_isr.a(LED.o)
                                0x1e0 (size before relaxing)
 .debug_str     0x000024c8       0x47 .\CortexM3\ARM_GCC_541\Debug\test_print_remote_mac_ip_isr.a(RST.o)
                                0x1e0 (size before relaxing)
 .debug_str     0x0000250f       0x93 .\CortexM3\ARM_GCC_541\Debug\test_print_remote_mac_ip_isr.a(W5500_ISR.o)
                                0x242 (size before relaxing)
 .debug_str     0x000025a2      0x10c .\CortexM3\ARM_GCC_541\Debug\test_print_remote_mac_ip_isr.a(isr_W5500.o)
                                0x2e6 (size before relaxing)
 .debug_str     0x000026ae      0x1b4 .\CortexM3\ARM_GCC_541\Debug\test_print_remote_mac_ip_isr.a(CyFlash.o)
                                0x3c8 (size before relaxing)
 .debug_str     0x00002862       0xac .\CortexM3\ARM_GCC_541\Debug\test_print_remote_mac_ip_isr.a(CySpc.o)
                                0x340 (size before relaxing)

.debug_loc      0x00000000     0x2ec1
 *(.debug_loc)
 .debug_loc     0x00000000      0x10c .\CortexM3\ARM_GCC_541\Debug\main.o
 .debug_loc     0x0000010c       0x6c .\CortexM3\ARM_GCC_541\Debug\udp.o
 .debug_loc     0x00000178       0x6c .\CortexM3\ARM_GCC_541\Debug\tcp.o
 .debug_loc     0x000001e4      0x9a1 .\CortexM3\ARM_GCC_541\Debug\socket.o
 .debug_loc     0x00000b85      0x2f6 .\CortexM3\ARM_GCC_541\Debug\hal_spi.o
 .debug_loc     0x00000e7b      0x12f .\CortexM3\ARM_GCC_541\Debug\common.o
 .debug_loc     0x00000faa      0x25a .\CortexM3\ARM_GCC_541\Debug\cyfitter_cfg.o
 .debug_loc     0x00001204      0x144 .\CortexM3\ARM_GCC_541\Debug\Cm3Start.o
 .debug_loc     0x00001348       0xfe .\CortexM3\ARM_GCC_541\Debug\test_print_remote_mac_ip_isr.a(SPI.o)
 .debug_loc     0x00001446       0x42 .\CortexM3\ARM_GCC_541\Debug\test_print_remote_mac_ip_isr.a(SS.o)
 .debug_loc     0x00001488      0x103 .\CortexM3\ARM_GCC_541\Debug\test_print_remote_mac_ip_isr.a(UART.o)
 .debug_loc     0x0000158b      0x12c .\CortexM3\ARM_GCC_541\Debug\test_print_remote_mac_ip_isr.a(SPI_IntClock.o)
 .debug_loc     0x000016b7      0xa11 .\CortexM3\ARM_GCC_541\Debug\test_print_remote_mac_ip_isr.a(CyLib.o)
 .debug_loc     0x000020c8      0x1e4 .\CortexM3\ARM_GCC_541\Debug\test_print_remote_mac_ip_isr.a(cyPm.o)
 .debug_loc     0x000022ac       0x42 .\CortexM3\ARM_GCC_541\Debug\test_print_remote_mac_ip_isr.a(LED.o)
 .debug_loc     0x000022ee       0x42 .\CortexM3\ARM_GCC_541\Debug\test_print_remote_mac_ip_isr.a(RST.o)
 .debug_loc     0x00002330       0x84 .\CortexM3\ARM_GCC_541\Debug\test_print_remote_mac_ip_isr.a(W5500_ISR.o)
 .debug_loc     0x000023b4       0x56 .\CortexM3\ARM_GCC_541\Debug\test_print_remote_mac_ip_isr.a(isr_W5500.o)
 .debug_loc     0x0000240a      0x3b2 .\CortexM3\ARM_GCC_541\Debug\test_print_remote_mac_ip_isr.a(CyFlash.o)
 .debug_loc     0x000027bc      0x705 .\CortexM3\ARM_GCC_541\Debug\test_print_remote_mac_ip_isr.a(CySpc.o)

.debug_macinfo
 *(.debug_macinfo)

.debug_ranges   0x00000000      0x8b8
 *(.debug_ranges)
 .debug_ranges  0x00000000       0x40 .\CortexM3\ARM_GCC_541\Debug\main.o
 .debug_ranges  0x00000040       0x18 .\CortexM3\ARM_GCC_541\Debug\W5500.o
 .debug_ranges  0x00000058       0x20 .\CortexM3\ARM_GCC_541\Debug\udp.o
 .debug_ranges  0x00000078       0x10 .\CortexM3\ARM_GCC_541\Debug\tcp.o
 .debug_ranges  0x00000088       0xd0 .\CortexM3\ARM_GCC_541\Debug\socket.o
 .debug_ranges  0x00000158       0x28 .\CortexM3\ARM_GCC_541\Debug\hal_spi.o
 .debug_ranges  0x00000180       0x30 .\CortexM3\ARM_GCC_541\Debug\common.o
 .debug_ranges  0x000001b0       0x48 .\CortexM3\ARM_GCC_541\Debug\cyfitter_cfg.o
 .debug_ranges  0x000001f8       0x38 .\CortexM3\ARM_GCC_541\Debug\Cm3Start.o
 .debug_ranges  0x00000230       0xc8 .\CortexM3\ARM_GCC_541\Debug\test_print_remote_mac_ip_isr.a(SPI.o)
 .debug_ranges  0x000002f8       0x28 .\CortexM3\ARM_GCC_541\Debug\test_print_remote_mac_ip_isr.a(SS.o)
 .debug_ranges  0x00000320       0x40 .\CortexM3\ARM_GCC_541\Debug\test_print_remote_mac_ip_isr.a(UART.o)
 .debug_ranges  0x00000360       0x60 .\CortexM3\ARM_GCC_541\Debug\test_print_remote_mac_ip_isr.a(SPI_IntClock.o)
 .debug_ranges  0x000003c0      0x290 .\CortexM3\ARM_GCC_541\Debug\test_print_remote_mac_ip_isr.a(CyLib.o)
 .debug_ranges  0x00000650       0x88 .\CortexM3\ARM_GCC_541\Debug\test_print_remote_mac_ip_isr.a(cyPm.o)
 .debug_ranges  0x000006d8       0x28 .\CortexM3\ARM_GCC_541\Debug\test_print_remote_mac_ip_isr.a(LED.o)
 .debug_ranges  0x00000700       0x28 .\CortexM3\ARM_GCC_541\Debug\test_print_remote_mac_ip_isr.a(RST.o)
 .debug_ranges  0x00000728       0x38 .\CortexM3\ARM_GCC_541\Debug\test_print_remote_mac_ip_isr.a(W5500_ISR.o)
 .debug_ranges  0x00000760       0x70 .\CortexM3\ARM_GCC_541\Debug\test_print_remote_mac_ip_isr.a(isr_W5500.o)
 .debug_ranges  0x000007d0       0x78 .\CortexM3\ARM_GCC_541\Debug\test_print_remote_mac_ip_isr.a(CyFlash.o)
 .debug_ranges  0x00000848       0x70 .\CortexM3\ARM_GCC_541\Debug\test_print_remote_mac_ip_isr.a(CySpc.o)

.comment        0x00000000       0x6e
 .comment       0x00000000       0x6e .\CortexM3\ARM_GCC_541\Debug\main.o
                                 0x6f (size before relaxing)
 .comment       0x0000006e       0x6f .\CortexM3\ARM_GCC_541\Debug\W5500.o
 .comment       0x0000006e       0x6f .\CortexM3\ARM_GCC_541\Debug\udp.o
 .comment       0x0000006e       0x6f .\CortexM3\ARM_GCC_541\Debug\tcp.o
 .comment       0x0000006e       0x6f .\CortexM3\ARM_GCC_541\Debug\socket.o
 .comment       0x0000006e       0x6f .\CortexM3\ARM_GCC_541\Debug\hal_spi.o
 .comment       0x0000006e       0x6f .\CortexM3\ARM_GCC_541\Debug\common.o
 .comment       0x0000006e       0x6f .\CortexM3\ARM_GCC_541\Debug\UTILS.o
 .comment       0x0000006e       0x6f .\CortexM3\ARM_GCC_541\Debug\cyfitter_cfg.o
 .comment       0x0000006e       0x6f .\CortexM3\ARM_GCC_541\Debug\cymetadata.o
 .comment       0x0000006e       0x6f .\CortexM3\ARM_GCC_541\Debug\Cm3Start.o
 .comment       0x0000006e       0x6f .\CortexM3\ARM_GCC_541\Debug\test_print_remote_mac_ip_isr.a(SPI.o)
 .comment       0x0000006e       0x6f .\CortexM3\ARM_GCC_541\Debug\test_print_remote_mac_ip_isr.a(SS.o)
 .comment       0x0000006e       0x6f .\CortexM3\ARM_GCC_541\Debug\test_print_remote_mac_ip_isr.a(UART.o)
 .comment       0x0000006e       0x6f .\CortexM3\ARM_GCC_541\Debug\test_print_remote_mac_ip_isr.a(SPI_IntClock.o)
 .comment       0x0000006e       0x6f .\CortexM3\ARM_GCC_541\Debug\test_print_remote_mac_ip_isr.a(CyLib.o)
 .comment       0x0000006e       0x6f .\CortexM3\ARM_GCC_541\Debug\test_print_remote_mac_ip_isr.a(cyPm.o)
 .comment       0x0000006e       0x6f .\CortexM3\ARM_GCC_541\Debug\test_print_remote_mac_ip_isr.a(LED.o)
 .comment       0x0000006e       0x6f .\CortexM3\ARM_GCC_541\Debug\test_print_remote_mac_ip_isr.a(RST.o)
 .comment       0x0000006e       0x6f .\CortexM3\ARM_GCC_541\Debug\test_print_remote_mac_ip_isr.a(W5500_ISR.o)
 .comment       0x0000006e       0x6f .\CortexM3\ARM_GCC_541\Debug\test_print_remote_mac_ip_isr.a(isr_W5500.o)
 .comment       0x0000006e       0x6f .\CortexM3\ARM_GCC_541\Debug\test_print_remote_mac_ip_isr.a(CyFlash.o)
 .comment       0x0000006e       0x6f .\CortexM3\ARM_GCC_541\Debug\test_print_remote_mac_ip_isr.a(CySpc.o)

.debug_weaknames
 *(.debug_weaknames)

.debug_funcnames
 *(.debug_funcnames)

.debug_typenames
 *(.debug_typenames)

.debug_varnames
 *(.debug_varnames)

.note.gnu.arm.ident
 *(.note.gnu.arm.ident)

.ARM.attributes
                0x00000000       0x29
 *(.ARM.attributes)
 .ARM.attributes
                0x00000000       0x1d c:/program files (x86)/cypress/psoc creator/4.2/psoc creator/import/gnu/arm/5.4.1/bin/../lib/gcc/arm-none-eabi/5.4.1/armv7-m/crti.o
 .ARM.attributes
                0x0000001d       0x2d c:/program files (x86)/cypress/psoc creator/4.2/psoc creator/import/gnu/arm/5.4.1/bin/../lib/gcc/arm-none-eabi/5.4.1/armv7-m/crtbegin.o
 .ARM.attributes
                0x0000004a       0x1b c:/program files (x86)/cypress/psoc creator/4.2/psoc creator/import/gnu/arm/5.4.1/bin/../lib/gcc/arm-none-eabi/5.4.1/../../../../arm-none-eabi/lib/armv7-m/crt0.o
 .ARM.attributes
                0x00000065       0x33 .\CortexM3\ARM_GCC_541\Debug\main.o
 .ARM.attributes
                0x00000098       0x33 .\CortexM3\ARM_GCC_541\Debug\W5500.o
 .ARM.attributes
                0x000000cb       0x33 .\CortexM3\ARM_GCC_541\Debug\udp.o
 .ARM.attributes
                0x000000fe       0x33 .\CortexM3\ARM_GCC_541\Debug\tcp.o
 .ARM.attributes
                0x00000131       0x33 .\CortexM3\ARM_GCC_541\Debug\socket.o
 .ARM.attributes
                0x00000164       0x33 .\CortexM3\ARM_GCC_541\Debug\hal_spi.o
 .ARM.attributes
                0x00000197       0x33 .\CortexM3\ARM_GCC_541\Debug\common.o
 .ARM.attributes
                0x000001ca       0x33 .\CortexM3\ARM_GCC_541\Debug\UTILS.o
 .ARM.attributes
                0x000001fd       0x33 .\CortexM3\ARM_GCC_541\Debug\cyfitter_cfg.o
 .ARM.attributes
                0x00000230       0x33 .\CortexM3\ARM_GCC_541\Debug\cymetadata.o
 .ARM.attributes
                0x00000263       0x33 .\CortexM3\ARM_GCC_541\Debug\Cm3Start.o
 .ARM.attributes
                0x00000296       0x33 .\CortexM3\ARM_GCC_541\Debug\test_print_remote_mac_ip_isr.a(SPI.o)
 .ARM.attributes
                0x000002c9       0x33 .\CortexM3\ARM_GCC_541\Debug\test_print_remote_mac_ip_isr.a(SS.o)
 .ARM.attributes
                0x000002fc       0x33 .\CortexM3\ARM_GCC_541\Debug\test_print_remote_mac_ip_isr.a(UART.o)
 .ARM.attributes
                0x0000032f       0x33 .\CortexM3\ARM_GCC_541\Debug\test_print_remote_mac_ip_isr.a(SPI_IntClock.o)
 .ARM.attributes
                0x00000362       0x33 .\CortexM3\ARM_GCC_541\Debug\test_print_remote_mac_ip_isr.a(CyLib.o)
 .ARM.attributes
                0x00000395       0x33 .\CortexM3\ARM_GCC_541\Debug\test_print_remote_mac_ip_isr.a(cyPm.o)
 .ARM.attributes
                0x000003c8       0x33 .\CortexM3\ARM_GCC_541\Debug\test_print_remote_mac_ip_isr.a(LED.o)
 .ARM.attributes
                0x000003fb       0x33 .\CortexM3\ARM_GCC_541\Debug\test_print_remote_mac_ip_isr.a(RST.o)
 .ARM.attributes
                0x0000042e       0x33 .\CortexM3\ARM_GCC_541\Debug\test_print_remote_mac_ip_isr.a(W5500_ISR.o)
 .ARM.attributes
                0x00000461       0x33 .\CortexM3\ARM_GCC_541\Debug\test_print_remote_mac_ip_isr.a(isr_W5500.o)
 .ARM.attributes
                0x00000494       0x21 .\CortexM3\ARM_GCC_541\Debug\test_print_remote_mac_ip_isr.a(UART_AsmGnu.o)
 .ARM.attributes
                0x000004b5       0x21 .\CortexM3\ARM_GCC_541\Debug\test_print_remote_mac_ip_isr.a(CyBootAsmGnu.o)
 .ARM.attributes
                0x000004d6       0x33 .\CortexM3\ARM_GCC_541\Debug\test_print_remote_mac_ip_isr.a(CyFlash.o)
 .ARM.attributes
                0x00000509       0x33 .\CortexM3\ARM_GCC_541\Debug\test_print_remote_mac_ip_isr.a(CySpc.o)
 .ARM.attributes
                0x0000053c       0x1d c:/program files (x86)/cypress/psoc creator/4.2/psoc creator/import/gnu/arm/5.4.1/bin/../lib/gcc/arm-none-eabi/5.4.1/armv7-m\libgcc.a(_udivsi3.o)
 .ARM.attributes
                0x00000559       0x1d c:/program files (x86)/cypress/psoc creator/4.2/psoc creator/import/gnu/arm/5.4.1/bin/../lib/gcc/arm-none-eabi/5.4.1/armv7-m\libgcc.a(_dvmd_tls.o)
 .ARM.attributes
                0x00000576       0x2d c:/program files (x86)/cypress/psoc creator/4.2/psoc creator/import/gnu/arm/5.4.1/bin/../lib/gcc/arm-none-eabi/5.4.1/../../../../arm-none-eabi/lib/armv7-m\libg_nano.a(lib_a-errno.o)
 .ARM.attributes
                0x000005a3       0x2d c:/program files (x86)/cypress/psoc creator/4.2/psoc creator/import/gnu/arm/5.4.1/bin/../lib/gcc/arm-none-eabi/5.4.1/../../../../arm-none-eabi/lib/armv7-m\libg_nano.a(lib_a-exit.o)
 .ARM.attributes
                0x000005d0       0x2d c:/program files (x86)/cypress/psoc creator/4.2/psoc creator/import/gnu/arm/5.4.1/bin/../lib/gcc/arm-none-eabi/5.4.1/../../../../arm-none-eabi/lib/armv7-m\libg_nano.a(lib_a-impure.o)
 .ARM.attributes
                0x000005fd       0x2d c:/program files (x86)/cypress/psoc creator/4.2/psoc creator/import/gnu/arm/5.4.1/bin/../lib/gcc/arm-none-eabi/5.4.1/../../../../arm-none-eabi/lib/armv7-m\libg_nano.a(lib_a-init.o)
 .ARM.attributes
                0x0000062a       0x2d c:/program files (x86)/cypress/psoc creator/4.2/psoc creator/import/gnu/arm/5.4.1/bin/../lib/gcc/arm-none-eabi/5.4.1/../../../../arm-none-eabi/lib/armv7-m\libg_nano.a(lib_a-memcpy-stub.o)
 .ARM.attributes
                0x00000657       0x2d c:/program files (x86)/cypress/psoc creator/4.2/psoc creator/import/gnu/arm/5.4.1/bin/../lib/gcc/arm-none-eabi/5.4.1/../../../../arm-none-eabi/lib/armv7-m\libg_nano.a(lib_a-memset.o)
 .ARM.attributes
                0x00000684       0x2d c:/program files (x86)/cypress/psoc creator/4.2/psoc creator/import/gnu/arm/5.4.1/bin/../lib/gcc/arm-none-eabi/5.4.1/../../../../arm-none-eabi/lib/armv7-m\libg_nano.a(lib_a-snprintf.o)
 .ARM.attributes
                0x000006b1       0x2d c:/program files (x86)/cypress/psoc creator/4.2/psoc creator/import/gnu/arm/5.4.1/bin/../lib/gcc/arm-none-eabi/5.4.1/../../../../arm-none-eabi/lib/armv7-m\libg_nano.a(lib_a-sprintf.o)
 .ARM.attributes
                0x000006de       0x17 c:/program files (x86)/cypress/psoc creator/4.2/psoc creator/import/gnu/arm/5.4.1/bin/../lib/gcc/arm-none-eabi/5.4.1/../../../../arm-none-eabi/lib/armv7-m\libg_nano.a(lib_a-strlen.o)
 .ARM.attributes
                0x000006f5       0x2d c:/program files (x86)/cypress/psoc creator/4.2/psoc creator/import/gnu/arm/5.4.1/bin/../lib/gcc/arm-none-eabi/5.4.1/../../../../arm-none-eabi/lib/armv7-m\libg_nano.a(lib_a-nano-svfprintf.o)
 .ARM.attributes
                0x00000722       0x2d c:/program files (x86)/cypress/psoc creator/4.2/psoc creator/import/gnu/arm/5.4.1/bin/../lib/gcc/arm-none-eabi/5.4.1/../../../../arm-none-eabi/lib/armv7-m\libg_nano.a(lib_a-nano-vfprintf_i.o)
 .ARM.attributes
                0x0000074f       0x2d c:/program files (x86)/cypress/psoc creator/4.2/psoc creator/import/gnu/arm/5.4.1/bin/../lib/gcc/arm-none-eabi/5.4.1/../../../../arm-none-eabi/lib/armv7-m\libg_nano.a(lib_a-memchr-stub.o)
 .ARM.attributes
                0x0000077c       0x2d c:/program files (x86)/cypress/psoc creator/4.2/psoc creator/import/gnu/arm/5.4.1/bin/../lib/gcc/arm-none-eabi/5.4.1/../../../../arm-none-eabi/lib/armv7-m\libg_nano.a(lib_a-memmove.o)
 .ARM.attributes
                0x000007a9       0x2d c:/program files (x86)/cypress/psoc creator/4.2/psoc creator/import/gnu/arm/5.4.1/bin/../lib/gcc/arm-none-eabi/5.4.1/../../../../arm-none-eabi/lib/armv7-m\libg_nano.a(lib_a-nano-freer.o)
 .ARM.attributes
                0x000007d6       0x2d c:/program files (x86)/cypress/psoc creator/4.2/psoc creator/import/gnu/arm/5.4.1/bin/../lib/gcc/arm-none-eabi/5.4.1/../../../../arm-none-eabi/lib/armv7-m\libg_nano.a(lib_a-nano-mallocr.o)
 .ARM.attributes
                0x00000803       0x2d c:/program files (x86)/cypress/psoc creator/4.2/psoc creator/import/gnu/arm/5.4.1/bin/../lib/gcc/arm-none-eabi/5.4.1/../../../../arm-none-eabi/lib/armv7-m\libg_nano.a(lib_a-nano-reallocr.o)
 .ARM.attributes
                0x00000830       0x2d c:/program files (x86)/cypress/psoc creator/4.2/psoc creator/import/gnu/arm/5.4.1/bin/../lib/gcc/arm-none-eabi/5.4.1/../../../../arm-none-eabi/lib/armv7-m\libg_nano.a(lib_a-sbrkr.o)
 .ARM.attributes
                0x0000085d       0x2d c:/program files (x86)/cypress/psoc creator/4.2/psoc creator/import/gnu/arm/5.4.1/bin/../lib/gcc/arm-none-eabi/5.4.1/../../../../arm-none-eabi/lib/armv7-m\libg_nano.a(lib_a-mlock.o)
 .ARM.attributes
                0x0000088a       0x2d c:/program files (x86)/cypress/psoc creator/4.2/psoc creator/import/gnu/arm/5.4.1/bin/../lib/gcc/arm-none-eabi/5.4.1/../../../../arm-none-eabi/lib/armv7-m\libg_nano.a(lib_a-nano-msizer.o)
 .ARM.attributes
                0x000008b7       0x2d c:/program files (x86)/cypress/psoc creator/4.2/psoc creator/import/gnu/arm/5.4.1/bin/../lib/gcc/arm-none-eabi/5.4.1/../../../../arm-none-eabi/lib/armv7-m\libg_nano.a(lib_a-reent.o)
 .ARM.attributes
                0x000008e4       0x2d c:/program files (x86)/cypress/psoc creator/4.2/psoc creator/import/gnu/arm/5.4.1/bin/../lib/gcc/arm-none-eabi/5.4.1/armv7-m/crtend.o
 .ARM.attributes
                0x00000911       0x1d c:/program files (x86)/cypress/psoc creator/4.2/psoc creator/import/gnu/arm/5.4.1/bin/../lib/gcc/arm-none-eabi/5.4.1/armv7-m/crtn.o

/DISCARD/
 *(.note.GNU-stack)
OUTPUT(C:\Users\d3bug\Documents\Creator\W5x00\test_print_remote_mac_ip_isr.cydsn\CortexM3\ARM_GCC_541\Debug\test_print_remote_mac_ip_isr.elf elf32-littlearm)
